<html>
<body>
<pre>
<h1>µVision Build Log</h1>
<h2>Project:</h2>
N:\MTE241\Project 3-4 - Semaphores\project3.uvproj
Project File Date:  11/03/2014

<h2>Output:</h2>
Rebuild target 'Target 1'
assembling startup_LPC17xx.s...
compiling system_LPC17xx.c...
compiling GLCD_SPI_LPC1700.c...
compiling Retarget.c...
compiling array_tools.c...
array_tools.c(92): warning:  #181-D: argument is incompatible with corresponding format string conversion
compiling main.c...
main.c(74): warning:  #1-D: last line of file ends without a newline
compiling quicksort.c...
quicksort.c(39): warning:  #550-D: variable "n" was set but never used
compiling uart.c...
compiling RTX_Conf_CM.c...
linking...
Program Size: Code=11412 RO-data=340 RW-data=100 ZI-data=25492  
"project3.axf" - 0 Error(s), 3 Warning(s).
