ARM Linker, 5.02 [Build 28] [MDK-ARM Lite]

==============================================================================

Section Cross References

    startup_lpc17xx.o(RESET) refers to startup_lpc17xx.o(STACK) for __initial_sp
    startup_lpc17xx.o(RESET) refers to startup_lpc17xx.o(.text) for Reset_Handler
    startup_lpc17xx.o(RESET) refers to hal_cm3.o(.emb_text) for SVC_Handler
    startup_lpc17xx.o(RESET) refers to uart.o(.text) for UART0_IRQHandler
    startup_lpc17xx.o(.text) refers to system_lpc17xx.o(.text) for SystemInit
    startup_lpc17xx.o(.text) refers to entry.o(.ARM.Collect$$$$00000000) for __main
    system_lpc17xx.o(.text) refers to uldiv.o(.text) for __aeabi_uldivmod
    system_lpc17xx.o(.text) refers to system_lpc17xx.o(.data) for SystemCoreClock
    glcd_spi_lpc1700.o(.text) refers to glcd_spi_lpc1700.o(.data) for Himax
    glcd_spi_lpc1700.o(.text) refers to glcd_spi_lpc1700.o(.constdata) for Font_6x8_h
    retarget.o(.text) refers to uart.o(.text) for UARTInit
    retarget.o(.text) refers to retarget.o(.data) for uart_init_called
    array_tools.o(.text) refers to _scanf_int.o(.text) for _scanf_int
    array_tools.o(.text) refers to rand.o(.text) for rand
    array_tools.o(.text) refers to printfa.o(i.__0printf) for __2printf
    array_tools.o(.text) refers to __0scanf.o(.text) for __0scanf
    main.o(.text) refers to array_tools.o(.text) for generate_array
    main.o(.text) refers to dfltui.o(.text) for __aeabi_ui2d
    main.o(.text) refers to quicksort.o(.text) for quicksort
    main.o(.text) refers to dadd.o(.text) for __aeabi_dsub
    main.o(.text) refers to printfa.o(i.__0printf) for __2printf
    main.o(.text) refers to system_lpc17xx.o(.text) for SystemInit
    main.o(.text) refers to rand.o(.text) for srand
    main.o(.text) refers to hal_cm3.o(.emb_text) for os_set_env
    main.o(.text) refers to rt_task.o(i.rt_tsk_prio) for rt_tsk_prio
    main.o(.text) refers to rt_time.o(i.rt_time_get) for rt_time_get
    main.o(.text) refers to main.o(.data) for time
    main.o(.text) refers to rt_task.o(i.rt_sys_init) for rt_sys_init
    quicksort.o(.text) refers to quicksort.o(i.insertion_sort) for insertion_sort
    quicksort.o(.text) refers to rand.o(.text) for rand
    quicksort.o(.text) refers to dflti.o(.text) for __aeabi_i2d
    quicksort.o(.text) refers to dmul.o(.text) for __aeabi_dmul
    quicksort.o(.text) refers to ddiv.o(.text) for __aeabi_ddiv
    quicksort.o(.text) refers to dfltui.o(.text) for __aeabi_ui2d
    quicksort.o(.text) refers to dadd.o(.text) for __aeabi_dadd
    quicksort.o(.text) refers to dfixui.o(.text) for __aeabi_d2uiz
    quicksort.o(.text) refers to rt_task.o(i.rt_tsk_delete) for rt_tsk_delete
    quicksort.o(.text) refers to quicksort.o(.bss) for global
    quicksort.o(.text) refers to rt_semaphore.o(i.rt_sem_wait) for rt_sem_wait
    quicksort.o(.text) refers to rt_semaphore.o(i.rt_sem_send) for rt_sem_send
    quicksort.o(.text) refers to rt_task.o(i.rt_tsk_create) for rt_tsk_create
    quicksort.o(.text) refers to rt_semaphore.o(i.rt_sem_init) for rt_sem_init
    uart.o(.text) refers to uart.o(.data) for RcvLock0
    uart.o(.text) refers to uart.o(.bss) for UART0Buffer
    uart.o(.text) refers to system_lpc17xx.o(.data) for SystemCoreClock
    rt_task.o(i.rt_block) refers to rt_list.o(i.rt_put_dly) for rt_put_dly
    rt_task.o(i.rt_block) refers to rt_list.o(i.rt_get_first) for rt_get_first
    rt_task.o(i.rt_block) refers to rt_task.o(i.rt_switch_req) for rt_switch_req
    rt_task.o(i.rt_block) refers to rt_task.o(.data) for .data
    rt_task.o(i.rt_block) refers to rt_list.o(.bss) for os_rdy
    rt_task.o(i.rt_dispatch) refers to rt_list.o(i.rt_put_rdy_first) for rt_put_rdy_first
    rt_task.o(i.rt_dispatch) refers to rt_task.o(i.rt_switch_req) for rt_switch_req
    rt_task.o(i.rt_dispatch) refers to rt_list.o(i.rt_get_first) for rt_get_first
    rt_task.o(i.rt_dispatch) refers to rt_list.o(i.rt_put_prio) for rt_put_prio
    rt_task.o(i.rt_dispatch) refers to rt_task.o(.data) for .data
    rt_task.o(i.rt_dispatch) refers to rt_list.o(.bss) for os_rdy
    rt_task.o(i.rt_init_context) refers to rt_membox.o(i.rt_alloc_box) for rt_alloc_box
    rt_task.o(i.rt_init_context) refers to hal_cm3.o(i.rt_init_stack) for rt_init_stack
    rt_task.o(i.rt_init_context) refers to rtx_conf_cm.o(.bss) for mp_stk
    rt_task.o(i.rt_switch_req) refers to hal_cm3.o(i.dbg_task_switch) for dbg_task_switch
    rt_task.o(i.rt_switch_req) refers to rt_task.o(.data) for .data
    rt_task.o(i.rt_switch_req) refers to hal_cm3.o(.data) for dbg_msg
    rt_task.o(i.rt_sys_init) refers to hal_cm3.o(i.dbg_init) for dbg_init
    rt_task.o(i.rt_sys_init) refers to rt_membox.o(i._init_box) for _init_box
    rt_task.o(i.rt_sys_init) refers to rt_task.o(i.rt_init_context) for rt_init_context
    rt_task.o(i.rt_sys_init) refers to hal_cm3.o(.emb_text) for rt_set_PSP
    rt_task.o(i.rt_sys_init) refers to rtx_conf_cm.o(.text) for rt_init_robin
[...]
    rt_system.o(i.rt_systick) refers to rt_list.o(i.rt_put_rdy_first) for rt_put_rdy_first
    rt_system.o(i.rt_systick) refers to rtx_conf_cm.o(.text) for rt_chk_robin
    rt_system.o(i.rt_systick) refers to rt_list.o(i.rt_dec_dly) for rt_dec_dly
    rt_system.o(i.rt_systick) refers to rt_timer.o(i.rt_tmr_tick) for rt_tmr_tick
    rt_system.o(i.rt_systick) refers to rt_list.o(i.rt_get_first) for rt_get_first
    rt_system.o(i.rt_systick) refers to rt_task.o(i.rt_switch_req) for rt_switch_req
    rt_system.o(i.rt_systick) refers to rt_task.o(.data) for os_tsk
    rt_system.o(i.rt_systick) refers to rt_time.o(.data) for os_time
    rt_system.o(i.rt_systick) refers to rt_list.o(.bss) for os_rdy
    rt_system.o(i.rt_tsk_lock) refers to rt_system.o(.data) for .data
    rt_system.o(i.rt_tsk_unlock) refers to rt_system.o(.data) for .data
    rt_list.o(i.rt_dec_dly) refers to rt_list.o(i.rt_put_prio) for rt_put_prio
    rt_list.o(i.rt_dec_dly) refers to rt_list.o(.bss) for .bss
    rt_list.o(i.rt_dec_dly) refers to rt_time.o(.data) for os_time
    rt_list.o(i.rt_get_same_rdy_prio) refers to rt_list.o(.bss) for .bss
    rt_list.o(i.rt_get_same_rdy_prio) refers to rt_task.o(.data) for os_tsk
    rt_list.o(i.rt_psq_enq) refers to rtx_conf_cm.o(.text) for os_error
    rt_list.o(i.rt_psq_enq) refers to rtx_conf_cm.o(.bss) for os_fifo
    rt_list.o(i.rt_put_dly) refers to rt_list.o(.bss) for .bss
    rt_list.o(i.rt_put_rdy_first) refers to rt_list.o(.bss) for .bss
    rt_list.o(i.rt_resort_prio) refers to rt_list.o(i.rt_rmv_list) for rt_rmv_list
    rt_list.o(i.rt_resort_prio) refers to rt_list.o(i.rt_put_prio) for rt_put_prio
    rt_list.o(i.rt_resort_prio) refers to rt_list.o(.bss) for .bss
    rt_list.o(i.rt_rmv_list) refers to rt_list.o(.bss) for .bss
    rt_membox.o(i._calloc_box) refers to hal_cm3.o(.emb_text) for _alloc_box
    rt_event.o(i.isr_evt_set) refers to rt_list.o(i.rt_psq_enq) for rt_psq_enq
    rt_event.o(i.isr_evt_set) refers to rt_system.o(i.rt_psh_req) for rt_psh_req
    rt_event.o(i.isr_evt_set) refers to rtx_conf_cm.o(.bss) for os_active_TCB
    rt_event.o(i.rt_evt_clr) refers to rtx_conf_cm.o(.bss) for os_active_TCB
    rt_event.o(i.rt_evt_get) refers to rt_task.o(.data) for os_tsk
    rt_event.o(i.rt_evt_psh) refers to rt_list.o(i.rt_rmv_dly) for rt_rmv_dly
    rt_event.o(i.rt_evt_psh) refers to rt_list.o(i.rt_put_prio) for rt_put_prio
    rt_event.o(i.rt_evt_psh) refers to rt_list.o(.bss) for os_rdy
    rt_event.o(i.rt_evt_set) refers to rt_list.o(i.rt_rmv_dly) for rt_rmv_dly
    rt_event.o(i.rt_evt_set) refers to rt_task.o(i.rt_dispatch) for rt_dispatch
    rt_event.o(i.rt_evt_set) refers to rtx_conf_cm.o(.bss) for os_active_TCB
    rt_event.o(i.rt_evt_wait) refers to rt_task.o(i.rt_block) for rt_block
    rt_event.o(i.rt_evt_wait) refers to rt_task.o(.data) for os_tsk
    rt_mailbox.o(i.isr_mbx_receive) refers to rt_list.o(i.rt_psq_enq) for rt_psq_enq
    rt_mailbox.o(i.isr_mbx_receive) refers to rt_system.o(i.rt_psh_req) for rt_psh_req
    rt_mailbox.o(i.isr_mbx_send) refers to rt_list.o(i.rt_psq_enq) for rt_psq_enq
    rt_mailbox.o(i.isr_mbx_send) refers to rt_system.o(i.rt_psh_req) for rt_psh_req
    rt_mailbox.o(i.rt_mbx_psh) refers to rt_list.o(i.rt_get_first) for rt_get_first
    rt_mailbox.o(i.rt_mbx_psh) refers to rt_list.o(i.rt_rmv_dly) for rt_rmv_dly
    rt_mailbox.o(i.rt_mbx_psh) refers to rt_list.o(i.rt_put_prio) for rt_put_prio
    rt_mailbox.o(i.rt_mbx_psh) refers to rtx_conf_cm.o(.text) for os_error
    rt_mailbox.o(i.rt_mbx_psh) refers to rt_list.o(.bss) for os_rdy
    rt_mailbox.o(i.rt_mbx_send) refers to rt_list.o(i.rt_put_prio) for rt_put_prio
    rt_mailbox.o(i.rt_mbx_send) refers to rt_list.o(i.rt_get_first) for rt_get_first
    rt_mailbox.o(i.rt_mbx_send) refers to rt_list.o(i.rt_rmv_dly) for rt_rmv_dly
    rt_mailbox.o(i.rt_mbx_send) refers to rt_task.o(i.rt_dispatch) for rt_dispatch
    rt_mailbox.o(i.rt_mbx_send) refers to rt_task.o(i.rt_block) for rt_block
    rt_mailbox.o(i.rt_mbx_send) refers to rt_task.o(.data) for os_tsk
    rt_mailbox.o(i.rt_mbx_wait) refers to rt_list.o(i.rt_get_first) for rt_get_first
    rt_mailbox.o(i.rt_mbx_wait) refers to rt_list.o(i.rt_rmv_dly) for rt_rmv_dly
    rt_mailbox.o(i.rt_mbx_wait) refers to rt_task.o(i.rt_dispatch) for rt_dispatch
    rt_mailbox.o(i.rt_mbx_wait) refers to rt_list.o(i.rt_put_prio) for rt_put_prio
    rt_mailbox.o(i.rt_mbx_wait) refers to rt_task.o(i.rt_block) for rt_block
    rt_mailbox.o(i.rt_mbx_wait) refers to rt_task.o(.data) for os_tsk
    rt_timer.o(i.rt_tmr_create) refers to rt_membox.o(i.rt_alloc_box) for rt_alloc_box
    rt_timer.o(i.rt_tmr_create) refers to rtx_conf_cm.o(.data) for m_tmr
    rt_timer.o(i.rt_tmr_create) refers to rt_timer.o(.data) for .data
    rt_timer.o(i.rt_tmr_kill) refers to rt_membox.o(i.rt_free_box) for rt_free_box
    rt_timer.o(i.rt_tmr_kill) refers to rt_timer.o(.data) for .data
    rt_timer.o(i.rt_tmr_kill) refers to rtx_conf_cm.o(.data) for m_tmr
    rt_timer.o(i.rt_tmr_tick) refers to rtx_conf_cm.o(.text) for os_tmr_call
    rt_timer.o(i.rt_tmr_tick) refers to rt_membox.o(i.rt_free_box) for rt_free_box
    rt_timer.o(i.rt_tmr_tick) refers to rt_timer.o(.data) for .data
    rt_timer.o(i.rt_tmr_tick) refers to rtx_conf_cm.o(.data) for m_tmr
    rt_robin.o(i.rt_chk_robin) refers to rt_list.o(i.rt_get_first) for rt_get_first
    rt_robin.o(i.rt_chk_robin) refers to rt_list.o(i.rt_put_prio) for rt_put_prio
    rt_robin.o(i.rt_chk_robin) refers to rt_robin.o(.data) for .data
    rt_robin.o(i.rt_chk_robin) refers to rt_list.o(.bss) for os_rdy
    rt_robin.o(i.rt_chk_robin) refers to rt_time.o(.data) for os_time
    rt_robin.o(i.rt_init_robin) refers to rt_robin.o(.data) for .data
    rt_robin.o(i.rt_init_robin) refers to rtx_conf_cm.o(.constdata) for os_rrobin
    entry.o(.ARM.Collect$$$$00000000) refers (Special) to entry7b.o(.ARM.Collect$$$$00000008) for _main_clock
    entry.o(.ARM.Collect$$$$00000000) refers (Special) to entry8.o(.ARM.Collect$$$$00000009) for _main_init
    entry.o(.ARM.Collect$$$$00000000) refers (Special) to entry5.o(.ARM.Collect$$$$00000004) for _main_scatterload
    entry.o(.ARM.Collect$$$$00000000) refers (Special) to entry2.o(.ARM.Collect$$$$00000001) for _main_stk
    uldiv.o(.text) refers to llushr.o(.text) for __aeabi_llsr
    uldiv.o(.text) refers to llshl.o(.text) for __aeabi_llsl
    rand.o(.text) refers to rand.o(.data) for .data
    printfb.o(i.__0fprintf$bare) refers to printfb.o(i._printf_core) for _printf_core
    printfb.o(i.__0fprintf$bare) refers to retarget.o(.text) for fputc
    printfb.o(i.__0printf$bare) refers to printfb.o(i._printf_core) for _printf_core
    printfb.o(i.__0printf$bare) refers to retarget.o(.text) for fputc
    printfb.o(i.__0printf$bare) refers to retarget.o(.data) for __stdout
    printfb.o(i.__0snprintf$bare) refers to printfb.o(i._printf_core) for _printf_core
    printfb.o(i.__0snprintf$bare) refers to printfb.o(i._snputc) for _snputc
    printfb.o(i.__0sprintf$bare) refers to printfb.o(i._printf_core) for _printf_core
    printfb.o(i.__0sprintf$bare) refers to printfb.o(i._sputc) for _sputc
    printfb.o(i.__0vfprintf$bare) refers to printfb.o(i._printf_core) for _printf_core
    printfb.o(i.__0vfprintf$bare) refers to retarget.o(.text) for fputc
    printfb.o(i.__0vprintf$bare) refers to printfb.o(i._printf_core) for _printf_core
    printfb.o(i.__0vprintf$bare) refers to retarget.o(.text) for fputc
    printfb.o(i.__0vprintf$bare) refers to retarget.o(.data) for __stdout
    printfb.o(i.__0vsnprintf$bare) refers to printfb.o(i._printf_core) for _printf_core
    printfb.o(i.__0vsnprintf$bare) refers to printfb.o(i._snputc) for _snputc
    printfb.o(i.__0vsprintf$bare) refers to printfb.o(i._printf_core) for _printf_core
    printfb.o(i.__0vsprintf$bare) refers to printfb.o(i._sputc) for _sputc
    printf0.o(i.__0fprintf$0) refers to printf0.o(i._printf_core) for _printf_core
    printf0.o(i.__0fprintf$0) refers to retarget.o(.text) for fputc
    printf0.o(i.__0printf$0) refers to printf0.o(i._printf_core) for _printf_core
    printf0.o(i.__0printf$0) refers to retarget.o(.text) for fputc
    printf0.o(i.__0printf$0) refers to retarget.o(.data) for __stdout
    printf0.o(i.__0snprintf$0) refers to printf0.o(i._printf_core) for _printf_core
    printf0.o(i.__0snprintf$0) refers to printf0.o(i._snputc) for _snputc
    printf0.o(i.__0sprintf$0) refers to printf0.o(i._printf_core) for _printf_core
    printf0.o(i.__0sprintf$0) refers to printf0.o(i._sputc) for _sputc
    printf0.o(i.__0vfprintf$0) refers to printf0.o(i._printf_core) for _printf_core
    printf0.o(i.__0vfprintf$0) refers to retarget.o(.text) for fputc
    printf0.o(i.__0vprintf$0) refers to printf0.o(i._printf_core) for _printf_core
    printf0.o(i.__0vprintf$0) refers to retarget.o(.text) for fputc
    printf0.o(i.__0vprintf$0) refers to retarget.o(.data) for __stdout
    printf0.o(i.__0vsnprintf$0) refers to printf0.o(i._printf_core) for _printf_core
    printf0.o(i.__0vsnprintf$0) refers to printf0.o(i._snputc) for _snputc
    printf0.o(i.__0vsprintf$0) refers to printf0.o(i._printf_core) for _printf_core
    printf0.o(i.__0vsprintf$0) refers to printf0.o(i._sputc) for _sputc
    printf1.o(i.__0fprintf$1) refers to printf1.o(i._printf_core) for _printf_core
    printf1.o(i.__0fprintf$1) refers to retarget.o(.text) for fputc
    printf1.o(i.__0printf$1) refers to printf1.o(i._printf_core) for _printf_core
    printf1.o(i.__0printf$1) refers to retarget.o(.text) for fputc
    printf1.o(i.__0printf$1) refers to retarget.o(.data) for __stdout
    printf1.o(i.__0snprintf$1) refers to printf1.o(i._printf_core) for _printf_core
    printf1.o(i.__0snprintf$1) refers to printf1.o(i._snputc) for _snputc
    printf1.o(i.__0sprintf$1) refers to printf1.o(i._printf_core) for _printf_core
    printf1.o(i.__0sprintf$1) refers to printf1.o(i._sputc) for _sputc
    printf1.o(i.__0vfprintf$1) refers to printf1.o(i._printf_core) for _printf_core
    printf1.o(i.__0vfprintf$1) refers to retarget.o(.text) for fputc
    printf1.o(i.__0vprintf$1) refers to printf1.o(i._printf_core) for _printf_core
    printf1.o(i.__0vprintf$1) refers to retarget.o(.text) for fputc
    printf1.o(i.__0vprintf$1) refers to retarget.o(.data) for __stdout
    printf1.o(i.__0vsnprintf$1) refers to printf1.o(i._printf_core) for _printf_core
    printf1.o(i.__0vsnprintf$1) refers to printf1.o(i._snputc) for _snputc
    printf1.o(i.__0vsprintf$1) refers to printf1.o(i._printf_core) for _printf_core
    printf1.o(i.__0vsprintf$1) refers to printf1.o(i._sputc) for _sputc
    printf1.o(i._printf_core) refers to uidiv.o(.text) for __aeabi_uidivmod
    printf2.o(i.__0fprintf$2) refers to printf2.o(i._printf_core) for _printf_core
    printf2.o(i.__0fprintf$2) refers to retarget.o(.text) for fputc
    printf2.o(i.__0printf$2) refers to printf2.o(i._printf_core) for _printf_core
    printf2.o(i.__0printf$2) refers to retarget.o(.text) for fputc
    printf2.o(i.__0printf$2) refers to retarget.o(.data) for __stdout
    printf2.o(i.__0snprintf$2) refers to printf2.o(i._printf_core) for _printf_core
    printf2.o(i.__0snprintf$2) refers to printf2.o(i._snputc) for _snputc
    printf2.o(i.__0sprintf$2) refers to printf2.o(i._printf_core) for _printf_core
    printf2.o(i.__0sprintf$2) refers to printf2.o(i._sputc) for _sputc
    printf2.o(i.__0vfprintf$2) refers to printf2.o(i._printf_core) for _printf_core
    printf2.o(i.__0vfprintf$2) refers to retarget.o(.text) for fputc
    printf2.o(i.__0vprintf$2) refers to printf2.o(i._printf_core) for _printf_core
    printf2.o(i.__0vprintf$2) refers to retarget.o(.text) for fputc
    printf2.o(i.__0vprintf$2) refers to retarget.o(.data) for __stdout
    printf2.o(i.__0vsnprintf$2) refers to printf2.o(i._printf_core) for _printf_core
    printf2.o(i.__0vsnprintf$2) refers to printf2.o(i._snputc) for _snputc
    printf2.o(i.__0vsprintf$2) refers to printf2.o(i._printf_core) for _printf_core
    printf2.o(i.__0vsprintf$2) refers to printf2.o(i._sputc) for _sputc
    printf3.o(i.__0fprintf$3) refers to printf3.o(i._printf_core) for _printf_core
    printf3.o(i.__0fprintf$3) refers to retarget.o(.text) for fputc
    printf3.o(i.__0printf$3) refers to printf3.o(i._printf_core) for _printf_core
    printf3.o(i.__0printf$3) refers to retarget.o(.text) for fputc
    printf3.o(i.__0printf$3) refers to retarget.o(.data) for __stdout
    printf3.o(i.__0snprintf$3) refers to printf3.o(i._printf_core) for _printf_core
    printf3.o(i.__0snprintf$3) refers to printf3.o(i._snputc) for _snputc
    printf3.o(i.__0sprintf$3) refers to printf3.o(i._printf_core) for _printf_core
    printf3.o(i.__0sprintf$3) refers to printf3.o(i._sputc) for _sputc
    printf3.o(i.__0vfprintf$3) refers to printf3.o(i._printf_core) for _printf_core
    printf3.o(i.__0vfprintf$3) refers to retarget.o(.text) for fputc
    printf3.o(i.__0vprintf$3) refers to printf3.o(i._printf_core) for _printf_core
    printf3.o(i.__0vprintf$3) refers to retarget.o(.text) for fputc
    printf3.o(i.__0vprintf$3) refers to retarget.o(.data) for __stdout
    printf3.o(i.__0vsnprintf$3) refers to printf3.o(i._printf_core) for _printf_core
    printf3.o(i.__0vsnprintf$3) refers to printf3.o(i._snputc) for _snputc
    printf3.o(i.__0vsprintf$3) refers to printf3.o(i._printf_core) for _printf_core
    printf3.o(i.__0vsprintf$3) refers to printf3.o(i._sputc) for _sputc
    printf3.o(i._printf_core) refers to uidiv.o(.text) for __aeabi_uidivmod
    printf4.o(i.__0fprintf$4) refers to printf4.o(i._printf_core) for _printf_core
    printf4.o(i.__0fprintf$4) refers to retarget.o(.text) for fputc
    printf4.o(i.__0printf$4) refers to printf4.o(i._printf_core) for _printf_core
    printf4.o(i.__0printf$4) refers to retarget.o(.text) for fputc
    printf4.o(i.__0printf$4) refers to retarget.o(.data) for __stdout
    printf4.o(i.__0snprintf$4) refers to printf4.o(i._printf_core) for _printf_core
    printf4.o(i.__0snprintf$4) refers to printf4.o(i._snputc) for _snputc
    printf4.o(i.__0sprintf$4) refers to printf4.o(i._printf_core) for _printf_core
    printf4.o(i.__0sprintf$4) refers to printf4.o(i._sputc) for _sputc
    printf4.o(i.__0vfprintf$4) refers to printf4.o(i._printf_core) for _printf_core
    printf4.o(i.__0vfprintf$4) refers to retarget.o(.text) for fputc
    printf4.o(i.__0vprintf$4) refers to printf4.o(i._printf_core) for _printf_core
    printf4.o(i.__0vprintf$4) refers to retarget.o(.text) for fputc
    printf4.o(i.__0vprintf$4) refers to retarget.o(.data) for __stdout
    printf4.o(i.__0vsnprintf$4) refers to printf4.o(i._printf_core) for _printf_core
    printf4.o(i.__0vsnprintf$4) refers to printf4.o(i._snputc) for _snputc
    printf4.o(i.__0vsprintf$4) refers to printf4.o(i._printf_core) for _printf_core
    printf4.o(i.__0vsprintf$4) refers to printf4.o(i._sputc) for _sputc
    printf4.o(i._printf_core) refers to uldiv.o(.text) for __aeabi_uldivmod
    printf5.o(i.__0fprintf$5) refers to printf5.o(i._printf_core) for _printf_core
    printf5.o(i.__0fprintf$5) refers to retarget.o(.text) for fputc
    printf5.o(i.__0printf$5) refers to printf5.o(i._printf_core) for _printf_core
    printf5.o(i.__0printf$5) refers to retarget.o(.text) for fputc
    printf5.o(i.__0printf$5) refers to retarget.o(.data) for __stdout
    printf5.o(i.__0snprintf$5) refers to printf5.o(i._printf_core) for _printf_core
    printf5.o(i.__0snprintf$5) refers to printf5.o(i._snputc) for _snputc
    printf5.o(i.__0sprintf$5) refers to printf5.o(i._printf_core) for _printf_core
    printf5.o(i.__0sprintf$5) refers to printf5.o(i._sputc) for _sputc
    printf5.o(i.__0vfprintf$5) refers to printf5.o(i._printf_core) for _printf_core
    printf5.o(i.__0vfprintf$5) refers to retarget.o(.text) for fputc
    printf5.o(i.__0vprintf$5) refers to printf5.o(i._printf_core) for _printf_core
    printf5.o(i.__0vprintf$5) refers to retarget.o(.text) for fputc
    printf5.o(i.__0vprintf$5) refers to retarget.o(.data) for __stdout
    printf5.o(i.__0vsnprintf$5) refers to printf5.o(i._printf_core) for _printf_core
    printf5.o(i.__0vsnprintf$5) refers to printf5.o(i._snputc) for _snputc
    printf5.o(i.__0vsprintf$5) refers to printf5.o(i._printf_core) for _printf_core
    printf5.o(i.__0vsprintf$5) refers to printf5.o(i._sputc) for _sputc
    printf5.o(i._printf_core) refers to uldiv.o(.text) for __aeabi_uldivmod
    printf6.o(i.__0fprintf$6) refers to printf6.o(i._printf_core) for _printf_core
    printf6.o(i.__0fprintf$6) refers to retarget.o(.text) for fputc
    printf6.o(i.__0printf$6) refers to printf6.o(i._printf_core) for _printf_core
    printf6.o(i.__0printf$6) refers to retarget.o(.text) for fputc
    printf6.o(i.__0printf$6) refers to retarget.o(.data) for __stdout
    printf6.o(i.__0snprintf$6) refers to printf6.o(i._printf_core) for _printf_core
    printf6.o(i.__0snprintf$6) refers to printf6.o(i._snputc) for _snputc
    printf6.o(i.__0sprintf$6) refers to printf6.o(i._printf_core) for _printf_core
    printf6.o(i.__0sprintf$6) refers to printf6.o(i._sputc) for _sputc
    printf6.o(i.__0vfprintf$6) refers to printf6.o(i._printf_core) for _printf_core
    printf6.o(i.__0vfprintf$6) refers to retarget.o(.text) for fputc
    printf6.o(i.__0vprintf$6) refers to printf6.o(i._printf_core) for _printf_core
    printf6.o(i.__0vprintf$6) refers to retarget.o(.text) for fputc
    printf6.o(i.__0vprintf$6) refers to retarget.o(.data) for __stdout
    printf6.o(i.__0vsnprintf$6) refers to printf6.o(i._printf_core) for _printf_core
    printf6.o(i.__0vsnprintf$6) refers to printf6.o(i._snputc) for _snputc
    printf6.o(i.__0vsprintf$6) refers to printf6.o(i._printf_core) for _printf_core
    printf6.o(i.__0vsprintf$6) refers to printf6.o(i._sputc) for _sputc
    printf6.o(i._printf_core) refers to printf6.o(i._printf_pre_padding) for _printf_pre_padding
    printf6.o(i._printf_core) refers to uidiv.o(.text) for __aeabi_uidivmod
    printf6.o(i._printf_core) refers to printf6.o(i._printf_post_padding) for _printf_post_padding
    printf7.o(i.__0fprintf$7) refers to printf7.o(i._printf_core) for _printf_core
    printf7.o(i.__0fprintf$7) refers to retarget.o(.text) for fputc
    printf7.o(i.__0printf$7) refers to printf7.o(i._printf_core) for _printf_core
    printf7.o(i.__0printf$7) refers to retarget.o(.text) for fputc
    printf7.o(i.__0printf$7) refers to retarget.o(.data) for __stdout
    printf7.o(i.__0snprintf$7) refers to printf7.o(i._printf_core) for _printf_core
    printf7.o(i.__0snprintf$7) refers to printf7.o(i._snputc) for _snputc
    printf7.o(i.__0sprintf$7) refers to printf7.o(i._printf_core) for _printf_core
    printf7.o(i.__0sprintf$7) refers to printf7.o(i._sputc) for _sputc
    printf7.o(i.__0vfprintf$7) refers to printf7.o(i._printf_core) for _printf_core
    printf7.o(i.__0vfprintf$7) refers to retarget.o(.text) for fputc
    printf7.o(i.__0vprintf$7) refers to printf7.o(i._printf_core) for _printf_core
    printf7.o(i.__0vprintf$7) refers to retarget.o(.text) for fputc
    printf7.o(i.__0vprintf$7) refers to retarget.o(.data) for __stdout
    printf7.o(i.__0vsnprintf$7) refers to printf7.o(i._printf_core) for _printf_core
    printf7.o(i.__0vsnprintf$7) refers to printf7.o(i._snputc) for _snputc
    printf7.o(i.__0vsprintf$7) refers to printf7.o(i._printf_core) for _printf_core
    printf7.o(i.__0vsprintf$7) refers to printf7.o(i._sputc) for _sputc
    printf7.o(i._printf_core) refers to printf7.o(i._printf_pre_padding) for _printf_pre_padding
    printf7.o(i._printf_core) refers to uldiv.o(.text) for __aeabi_uldivmod
    printf7.o(i._printf_core) refers to printf7.o(i._printf_post_padding) for _printf_post_padding
    printf8.o(i.__0fprintf$8) refers to printf8.o(i._printf_core) for _printf_core
    printf8.o(i.__0fprintf$8) refers to retarget.o(.text) for fputc
    printf8.o(i.__0printf$8) refers to printf8.o(i._printf_core) for _printf_core
    printf8.o(i.__0printf$8) refers to retarget.o(.text) for fputc
    printf8.o(i.__0printf$8) refers to retarget.o(.data) for __stdout
    printf8.o(i.__0snprintf$8) refers to printf8.o(i._printf_core) for _printf_core
    printf8.o(i.__0snprintf$8) refers to printf8.o(i._snputc) for _snputc
    printf8.o(i.__0sprintf$8) refers to printf8.o(i._printf_core) for _printf_core
    printf8.o(i.__0sprintf$8) refers to printf8.o(i._sputc) for _sputc
    printf8.o(i.__0vfprintf$8) refers to printf8.o(i._printf_core) for _printf_core
    printf8.o(i.__0vfprintf$8) refers to retarget.o(.text) for fputc
    printf8.o(i.__0vprintf$8) refers to printf8.o(i._printf_core) for _printf_core
    printf8.o(i.__0vprintf$8) refers to retarget.o(.text) for fputc
    printf8.o(i.__0vprintf$8) refers to retarget.o(.data) for __stdout
    printf8.o(i.__0vsnprintf$8) refers to printf8.o(i._printf_core) for _printf_core
    printf8.o(i.__0vsnprintf$8) refers to printf8.o(i._snputc) for _snputc
    printf8.o(i.__0vsprintf$8) refers to printf8.o(i._printf_core) for _printf_core
    printf8.o(i.__0vsprintf$8) refers to printf8.o(i._sputc) for _sputc
    printf8.o(i._printf_core) refers to printf8.o(i._printf_pre_padding) for _printf_pre_padding
    printf8.o(i._printf_core) refers to uldiv.o(.text) for __aeabi_uldivmod
    printf8.o(i._printf_core) refers to printf8.o(i._printf_post_padding) for _printf_post_padding
    printfa.o(i.__0fprintf) refers (Special) to iusefp.o(.text) for __I$use$fp
    printfa.o(i.__0fprintf) refers to printfa.o(i._printf_core) for _printf_core
    printfa.o(i.__0fprintf) refers to retarget.o(.text) for fputc
    printfa.o(i.__0printf) refers (Special) to iusefp.o(.text) for __I$use$fp
    printfa.o(i.__0printf) refers to printfa.o(i._printf_core) for _printf_core
    printfa.o(i.__0printf) refers to retarget.o(.text) for fputc
    printfa.o(i.__0printf) refers to retarget.o(.data) for __stdout
    printfa.o(i.__0snprintf) refers (Special) to iusefp.o(.text) for __I$use$fp
    printfa.o(i.__0snprintf) refers to printfa.o(i._printf_core) for _printf_core
    printfa.o(i.__0snprintf) refers to printfa.o(i._snputc) for _snputc
    printfa.o(i.__0sprintf) refers (Special) to iusefp.o(.text) for __I$use$fp
    printfa.o(i.__0sprintf) refers to printfa.o(i._printf_core) for _printf_core
    printfa.o(i.__0sprintf) refers to printfa.o(i._sputc) for _sputc
    printfa.o(i.__0vfprintf) refers (Special) to iusefp.o(.text) for __I$use$fp
    printfa.o(i.__0vfprintf) refers to printfa.o(i._printf_core) for _printf_core
    printfa.o(i.__0vfprintf) refers to retarget.o(.text) for fputc
    printfa.o(i.__0vprintf) refers (Special) to iusefp.o(.text) for __I$use$fp
    printfa.o(i.__0vprintf) refers to printfa.o(i._printf_core) for _printf_core
    printfa.o(i.__0vprintf) refers to retarget.o(.text) for fputc
    printfa.o(i.__0vprintf) refers to retarget.o(.data) for __stdout
    printfa.o(i.__0vsnprintf) refers (Special) to iusefp.o(.text) for __I$use$fp
    printfa.o(i.__0vsnprintf) refers to printfa.o(i._printf_core) for _printf_core
    printfa.o(i.__0vsnprintf) refers to printfa.o(i._snputc) for _snputc
    printfa.o(i.__0vsprintf) refers (Special) to iusefp.o(.text) for __I$use$fp
    printfa.o(i.__0vsprintf) refers to printfa.o(i._printf_core) for _printf_core
    printfa.o(i.__0vsprintf) refers to printfa.o(i._sputc) for _sputc
    printfa.o(i._fp_digits) refers (Special) to iusefp.o(.text) for __I$use$fp
    printfa.o(i._fp_digits) refers to dmul.o(.text) for __aeabi_dmul
    printfa.o(i._fp_digits) refers to ddiv.o(.text) for __aeabi_ddiv
    printfa.o(i._fp_digits) refers to cdrcmple.o(.text) for __aeabi_cdrcmple
    printfa.o(i._fp_digits) refers to dadd.o(.text) for __aeabi_dadd
    printfa.o(i._fp_digits) refers to dfixul.o(.text) for __aeabi_d2ulz
    printfa.o(i._fp_digits) refers to uldiv.o(.text) for __aeabi_uldivmod
    printfa.o(i._printf_core) refers (Special) to iusefp.o(.text) for __I$use$fp
    printfa.o(i._printf_core) refers to printfa.o(i._printf_pre_padding) for _printf_pre_padding
    printfa.o(i._printf_core) refers to uldiv.o(.text) for __aeabi_uldivmod
    printfa.o(i._printf_core) refers to printfa.o(i._printf_post_padding) for _printf_post_padding
    printfa.o(i._printf_core) refers to printfa.o(i._fp_digits) for _fp_digits
    printfa.o(i._printf_core) refers to uidiv.o(.text) for __aeabi_uidivmod
    printfa.o(i._printf_post_padding) refers (Special) to iusefp.o(.text) for __I$use$fp
    printfa.o(i._printf_pre_padding) refers (Special) to iusefp.o(.text) for __I$use$fp
    printfa.o(i._snputc) refers (Special) to iusefp.o(.text) for __I$use$fp
    printfa.o(i._sputc) refers (Special) to iusefp.o(.text) for __I$use$fp
    __0scanf.o(.text) refers to scanf_char_file.o(.text) for __vfscanf_char_file
    __0scanf.o(.text) refers to retarget.o(.data) for __stdin
    _scanf_int.o(.text) refers to _chval.o(.text) for _chval
    dadd.o(.text) refers (Special) to iusefp.o(.text) for __I$use$fp
    dadd.o(.text) refers to llshl.o(.text) for __aeabi_llsl
    dadd.o(.text) refers to llsshr.o(.text) for __aeabi_lasr
    dadd.o(.text) refers to depilogue.o(.text) for _double_epilogue
    dmul.o(.text) refers (Special) to iusefp.o(.text) for __I$use$fp
    dmul.o(.text) refers to depilogue.o(.text) for _double_epilogue
    ddiv.o(.text) refers (Special) to iusefp.o(.text) for __I$use$fp
    ddiv.o(.text) refers to depilogue.o(.text) for _double_round
    dflti.o(.text) refers (Special) to iusefp.o(.text) for __I$use$fp
    dflti.o(.text) refers to depilogue.o(.text) for _double_epilogue
    dfltui.o(.text) refers (Special) to iusefp.o(.text) for __I$use$fp
    dfltui.o(.text) refers to depilogue.o(.text) for _double_epilogue
    dfixui.o(.text) refers (Special) to iusefp.o(.text) for __I$use$fp
    dfixui.o(.text) refers to llushr.o(.text) for __aeabi_llsr
    entry2.o(.ARM.Collect$$$$00000001) refers to entry2.o(.ARM.Collect$$$$00002712) for __lit__00000000
    entry2.o(.ARM.Collect$$$$00002712) refers to startup_lpc17xx.o(STACK) for __initial_sp
    entry2.o(__vectab_stack_and_reset_area) refers to startup_lpc17xx.o(STACK) for __initial_sp
    entry2.o(__vectab_stack_and_reset_area) refers to entry.o(.ARM.Collect$$$$00000000) for __main
    entry5.o(.ARM.Collect$$$$00000004) refers to init.o(.text) for __scatterload
    entry8.o(.ARM.Collect$$$$00000009) refers to main.o(.text) for main
    scanf_char_file.o(.text) refers to scanf_char.o(.text) for __vfscanf_char
    scanf_char_file.o(.text) refers to retarget.o(.text) for fgetc
    scanf_char_file.o(.text) refers to fgetc_b.o(.text) for __backspace
    depilogue.o(.text) refers to llshl.o(.text) for __aeabi_llsl
    depilogue.o(.text) refers to llushr.o(.text) for __aeabi_llsr
    dfixul.o(.text) refers to llushr.o(.text) for __aeabi_llsr
    dfixul.o(.text) refers to llshl.o(.text) for __aeabi_llsl
    init.o(.text) refers to entry5.o(.ARM.Collect$$$$00000004) for __main_after_scatterload
    fgetc_b.o(.text) refers (Special) to iusesemig.o(.text) for __I$use$semihosting$fgetc
    fgetc_b.o(.text) refers (Special) to semi.o(.text) for __semihosting_library_function
    fgetc_b.o(.text) refers to fgetc_b.o(.data) for .data
    fgetc_b.o(.data) refers (Special) to iusesemig.o(.text) for __I$use$semihosting$fgetc
    fgetc_b.o(.data) refers (Special) to semi.o(.text) for __semihosting_library_function
    scanf_char.o(.text) refers to _scanf.o(.text) for __vfscanf
    scanf_char.o(.text) refers to isspace_c.o(.text) for isspace
    isspace_c.o(.text) refers to ctype_c.o(.text) for __ctype_lookup
    _scanf.o(.text) refers (Weak) to _scanf_int.o(.text) for _scanf_int
    ctype_c.o(.text) refers to ctype_c.o(.constdata) for .constdata


==============================================================================

Removing Unused input sections from the image.

    Removing startup_lpc17xx.o(HEAP), (0 bytes).
    Removing system_lpc17xx.o(.rev16_text), (4 bytes).
    Removing system_lpc17xx.o(.revsh_text), (4 bytes).
    Removing glcd_spi_lpc1700.o(.rev16_text), (4 bytes).
    Removing glcd_spi_lpc1700.o(.revsh_text), (4 bytes).
    Removing glcd_spi_lpc1700.o(.text), (2980 bytes).
    Removing glcd_spi_lpc1700.o(.constdata), (6272 bytes).
    Removing glcd_spi_lpc1700.o(.data), (5 bytes).
    Removing main.o(.rev16_text), (4 bytes).
    Removing main.o(.revsh_text), (4 bytes).
    Removing quicksort.o(.rev16_text), (4 bytes).
    Removing quicksort.o(.revsh_text), (4 bytes).
    Removing uart.o(.rev16_text), (4 bytes).
    Removing uart.o(.revsh_text), (4 bytes).
    Removing rt_task.o(i.rt_tsk_pass), (48 bytes).
    Removing rt_task.o(i.rt_tsk_self), (16 bytes).
    Removing rt_semaphore.o(i.isr_sem_send), (16 bytes).
    Removing rt_time.o(i.rt_dly_wait), (6 bytes).
    Removing rt_time.o(i.rt_itv_set), (24 bytes).
    Removing rt_time.o(i.rt_itv_wait), (44 bytes).
    Removing rt_system.o(.emb_text), (0 bytes).
    Removing rt_system.o(i.rt_psh_req), (32 bytes).
    Removing rt_system.o(i.rt_resume), (176 bytes).
    Removing rt_system.o(i.rt_suspend), (44 bytes).
    Removing rt_system.o(i.rt_tsk_lock), (80 bytes).
    Removing rt_system.o(i.rt_tsk_unlock), (80 bytes).
    Removing rt_list.o(i.rt_get_same_rdy_prio), (36 bytes).
    Removing rt_list.o(i.rt_psq_enq), (88 bytes).
    Removing rt_membox.o(i._calloc_box), (30 bytes).
    Removing rt_event.o(i.isr_evt_set), (40 bytes).
    Removing rt_event.o(i.rt_evt_clr), (28 bytes).
    Removing rt_event.o(i.rt_evt_get), (12 bytes).
    Removing rt_event.o(i.rt_evt_set), (96 bytes).
    Removing rt_event.o(i.rt_evt_wait), (64 bytes).
    Removing rt_mailbox.o(i.isr_mbx_receive), (84 bytes).
    Removing rt_mailbox.o(i.isr_mbx_send), (14 bytes).
    Removing rt_mailbox.o(i.rt_mbx_check), (8 bytes).
    Removing rt_mailbox.o(i.rt_mbx_init), (26 bytes).
    Removing rt_mailbox.o(i.rt_mbx_send), (160 bytes).
    Removing rt_mailbox.o(i.rt_mbx_wait), (184 bytes).
    Removing rt_timer.o(i.rt_tmr_create), (80 bytes).
    Removing rt_timer.o(i.rt_tmr_kill), (52 bytes).
    Removing rt_robin.o(i.rt_chk_robin), (72 bytes).
    Removing rt_robin.o(i.rt_init_robin), (24 bytes).
    Removing rt_robin.o(.data), (8 bytes).

45 unused section(s) (total 10969 bytes) removed from the image.

==============================================================================

Image Symbol Table

    Local Symbols

    Symbol Name                              Value     Ov Type        Size  Object(Section)

    RESET                                    0x00000000   Section      204  startup_lpc17xx.o(RESET)
    ../clib/microlib/ctype/ctype.c           0x00000000   Number         0  ctype_c.o ABSOLUTE
    ../clib/microlib/ctype/ctype.c           0x00000000   Number         0  isspace_c.o ABSOLUTE
    ../clib/microlib/division.c              0x00000000   Number         0  uidiv.o ABSOLUTE
    ../clib/microlib/division.c              0x00000000   Number         0  uldiv.o ABSOLUTE
    ../clib/microlib/init/entry.s            0x00000000   Number         0  entry8.o ABSOLUTE
    ../clib/microlib/init/entry.s            0x00000000   Number         0  entry2.o ABSOLUTE
    ../clib/microlib/init/entry.s            0x00000000   Number         0  entry7a.o ABSOLUTE
    ../clib/microlib/init/entry.s            0x00000000   Number         0  entry7b.o ABSOLUTE
    ../clib/microlib/init/entry.s            0x00000000   Number         0  entry.o ABSOLUTE
    ../clib/microlib/init/entry.s            0x00000000   Number         0  entry5.o ABSOLUTE
    ../clib/microlib/longlong.c              0x00000000   Number         0  llsshr.o ABSOLUTE
    ../clib/microlib/longlong.c              0x00000000   Number         0  llushr.o ABSOLUTE
    ../clib/microlib/longlong.c              0x00000000   Number         0  llshl.o ABSOLUTE
    ../clib/microlib/printf/printf.c         0x00000000   Number         0  printf7.o ABSOLUTE
    ../clib/microlib/printf/printf.c         0x00000000   Number         0  printf8.o ABSOLUTE
    ../clib/microlib/printf/printf.c         0x00000000   Number         0  printfa.o ABSOLUTE
    ../clib/microlib/printf/printf.c         0x00000000   Number         0  printfb.o ABSOLUTE
    ../clib/microlib/printf/printf.c         0x00000000   Number         0  printf2.o ABSOLUTE
    ../clib/microlib/printf/printf.c         0x00000000   Number         0  printf0.o ABSOLUTE
    ../clib/microlib/printf/printf.c         0x00000000   Number         0  printf3.o ABSOLUTE
    ../clib/microlib/printf/printf.c         0x00000000   Number         0  printf4.o ABSOLUTE
    ../clib/microlib/printf/printf.c         0x00000000   Number         0  printf5.o ABSOLUTE
    ../clib/microlib/printf/printf.c         0x00000000   Number         0  printf1.o ABSOLUTE
    ../clib/microlib/printf/printf.c         0x00000000   Number         0  printf6.o ABSOLUTE
    ../clib/microlib/printf/stubs.s          0x00000000   Number         0  stubs.o ABSOLUTE
    ../clib/microlib/stdio/fgetc.c           0x00000000   Number         0  fgetc_b.o ABSOLUTE
    ../clib/microlib/stdio/semi.s            0x00000000   Number         0  semi.o ABSOLUTE
    ../clib/microlib/stdlib/rand.c           0x00000000   Number         0  rand.o ABSOLUTE
    ../clib/microlib/stubs.s                 0x00000000   Number         0  iusesemig.o ABSOLUTE
    ../clib/microlib/stubs.s                 0x00000000   Number         0  iusefp.o ABSOLUTE
    ../clib/scanf.c                          0x00000000   Number         0  _scanf.o ABSOLUTE
    ../clib/scanf.c                          0x00000000   Number         0  scanf_char.o ABSOLUTE
    ../clib/scanf.c                          0x00000000   Number         0  scanf_char_file.o ABSOLUTE
    ../clib/scanf.c                          0x00000000   Number         0  _chval.o ABSOLUTE
    ../clib/scanf.c                          0x00000000   Number         0  _scanf_int.o ABSOLUTE
    ../clib/scanf.c                          0x00000000   Number         0  __0scanf.o ABSOLUTE
    ../fplib/microlib/fpadd.c                0x00000000   Number         0  dadd.o ABSOLUTE
    ../fplib/microlib/fpdiv.c                0x00000000   Number         0  ddiv.o ABSOLUTE
    ../fplib/microlib/fpepilogue.c           0x00000000   Number         0  depilogue.o ABSOLUTE
    ../fplib/microlib/fpfix.c                0x00000000   Number         0  dfixul.o ABSOLUTE
    ../fplib/microlib/fpfix.c                0x00000000   Number         0  dfixui.o ABSOLUTE
    ../fplib/microlib/fpflt.c                0x00000000   Number         0  dfltui.o ABSOLUTE
    ../fplib/microlib/fpflt.c                0x00000000   Number         0  dflti.o ABSOLUTE
    ../fplib/microlib/fpmul.c                0x00000000   Number         0  dmul.o ABSOLUTE
    GLCD_SPI_LPC1700.c                       0x00000000   Number         0  glcd_spi_lpc1700.o ABSOLUTE
    GLCD_SPI_LPC1700.c                       0x00000000   Number         0  glcd_spi_lpc1700.o ABSOLUTE
    RTX_Conf_CM.c                            0x00000000   Number         0  rtx_conf_cm.o ABSOLUTE
    Retarget.c                               0x00000000   Number         0  retarget.o ABSOLUTE
    SRC\CM\HAL_CM3.c                         0x00000000   Number         0  hal_cm3.o ABSOLUTE
    SRC\CM\SVC_Table.s                       0x00000000   Number         0  SVC_Table.o ABSOLUTE
    SRC\CM\rt_Event.c                        0x00000000   Number         0  rt_event.o ABSOLUTE
    SRC\CM\rt_List.c                         0x00000000   Number         0  rt_list.o ABSOLUTE
    SRC\CM\rt_Mailbox.c                      0x00000000   Number         0  rt_mailbox.o ABSOLUTE
    SRC\CM\rt_MemBox.c                       0x00000000   Number         0  rt_membox.o ABSOLUTE
    SRC\CM\rt_Robin.c                        0x00000000   Number         0  rt_robin.o ABSOLUTE
    SRC\CM\rt_Semaphore.c                    0x00000000   Number         0  rt_semaphore.o ABSOLUTE
    SRC\CM\rt_System.c                       0x00000000   Number         0  rt_system.o ABSOLUTE
    SRC\CM\rt_Task.c                         0x00000000   Number         0  rt_task.o ABSOLUTE
    SRC\CM\rt_Time.c                         0x00000000   Number         0  rt_time.o ABSOLUTE
    SRC\CM\rt_Timer.c                        0x00000000   Number         0  rt_timer.o ABSOLUTE
    SRC\\CM\\HAL_CM3.c                       0x00000000   Number         0  hal_cm3.o ABSOLUTE
    SRC\\CM\\rt_System.c                     0x00000000   Number         0  rt_system.o ABSOLUTE
    array_tools.c                            0x00000000   Number         0  array_tools.o ABSOLUTE
    cdrcmple.s                               0x00000000   Number         0  cdrcmple.o ABSOLUTE
    dc.s                                     0x00000000   Number         0  dc.o ABSOLUTE
    handlers.s                               0x00000000   Number         0  handlers.o ABSOLUTE
    init.s                                   0x00000000   Number         0  init.o ABSOLUTE
    main.c                                   0x00000000   Number         0  main.o ABSOLUTE
    main.c                                   0x00000000   Number         0  main.o ABSOLUTE
    quicksort.c                              0x00000000   Number         0  quicksort.o ABSOLUTE
    quicksort.c                              0x00000000   Number         0  quicksort.o ABSOLUTE
    startup_LPC17xx.s                        0x00000000   Number         0  startup_lpc17xx.o ABSOLUTE
    system_LPC17xx.c                         0x00000000   Number         0  system_lpc17xx.o ABSOLUTE
    system_LPC17xx.c                         0x00000000   Number         0  system_lpc17xx.o ABSOLUTE
    uart.c                                   0x00000000   Number         0  uart.o ABSOLUTE
    uart.c                                   0x00000000   Number         0  uart.o ABSOLUTE
    .ARM.Collect$$$$00000000                 0x000000cc   Section        0  entry.o(.ARM.Collect$$$$00000000)
    .ARM.Collect$$$$00000001                 0x000000cc   Section        4  entry2.o(.ARM.Collect$$$$00000001)
    .ARM.Collect$$$$00000004                 0x000000d0   Section        4  entry5.o(.ARM.Collect$$$$00000004)
    .ARM.Collect$$$$00000008                 0x000000d4   Section        0  entry7b.o(.ARM.Collect$$$$00000008)
    .ARM.Collect$$$$00000009                 0x000000d4   Section        8  entry8.o(.ARM.Collect$$$$00000009)
    .ARM.Collect$$$$00002712                 0x000000dc   Section        4  entry2.o(.ARM.Collect$$$$00002712)
    __lit__00000000                          0x000000dc   Data           4  entry2.o(.ARM.Collect$$$$00002712)
    .emb_text                                0x000000e0   Section      340  hal_cm3.o(.emb_text)
    .text                                    0x00000234   Section       36  startup_lpc17xx.o(.text)
    .text                                    0x00000258   Section        0  retarget.o(.text)
    .text                                    0x000002f4   Section        0  iusefp.o(.text)
    .text                                    0x000002f4   Section        0  semi.o(.text)
    .text                                    0x000002f4   Section        0  iusesemig.o(.text)
    SVC_TABLE                                0x000002f4   Section        4  SVC_Table.o(SVC_TABLE)
    i.__scatterload_null                     0x000002f8   Section        2  handlers.o(i.__scatterload_null)
    i.os_tick_irqack                         0x000002fa   Section        0  rt_system.o(i.os_tick_irqack)
    .ARM.__at_0x02FC                         0x000002fc   Section        4  startup_lpc17xx.o(.ARM.__at_0x02FC)
    .text                                    0x00000300   Section        0  system_lpc17xx.o(.text)
    .text                                    0x00000618   Section        0  array_tools.o(.text)
    generate_random_array                    0x00000619   Thumb Code   204  array_tools.o(.text)
    .text                                    0x00000848   Section        0  main.o(.text)
    .text                                    0x00000924   Section        0  quicksort.o(.text)
    .text                                    0x00000b58   Section        0  uart.o(.text)
    NVIC_EnableIRQ                           0x00000eb1   Thumb Code    24  uart.o(.text)
    .text                                    0x00000f04   Section        0  rtx_conf_cm.o(.text)
    .text                                    0x00000f12   Section        0  uldiv.o(.text)
    .text                                    0x00000f74   Section        0  rand.o(.text)
    .text                                    0x00000f98   Section        0  __0scanf.o(.text)
    .text                                    0x00000fb8   Section        0  _scanf_int.o(.text)
    .text                                    0x00001108   Section        0  dadd.o(.text)
    .text                                    0x00001256   Section        0  dmul.o(.text)
    .text                                    0x0000133a   Section        0  ddiv.o(.text)
    .text                                    0x00001418   Section        0  dflti.o(.text)
    .text                                    0x0000143a   Section        0  dfltui.o(.text)
    .text                                    0x00001454   Section        0  dfixui.o(.text)
    .text                                    0x00001486   Section        0  uidiv.o(.text)
    .text                                    0x000014b2   Section        0  llshl.o(.text)
    .text                                    0x000014d0   Section        0  llushr.o(.text)
    .text                                    0x000014f0   Section        0  llsshr.o(.text)
    .text                                    0x00001514   Section        0  _chval.o(.text)
    .text                                    0x00001530   Section        0  scanf_char_file.o(.text)
    .text                                    0x00001544   Section        0  depilogue.o(.text)
    .text                                    0x00001602   Section        0  dfixul.o(.text)
    .text                                    0x00001634   Section       40  cdrcmple.o(.text)
    .text                                    0x0000165c   Section       36  init.o(.text)
    .text                                    0x00001680   Section        0  fgetc_b.o(.text)
    .text                                    0x000016ac   Section        0  scanf_char.o(.text)
    _scanf_char_input                        0x000016ad   Thumb Code    12  scanf_char.o(.text)
    .text                                    0x000016d4   Section        0  isspace_c.o(.text)
    .text                                    0x000016e0   Section        0  _scanf.o(.text)
    .text                                    0x00001a0c   Section        0  ctype_c.o(.text)
    i.__0printf                              0x00001a34   Section        0  printfa.o(i.__0printf)
    i.__scatterload_copy                     0x00001a54   Section       14  handlers.o(i.__scatterload_copy)
    i.__scatterload_zeroinit                 0x00001a62   Section       14  handlers.o(i.__scatterload_zeroinit)
    i._fp_digits                             0x00001a70   Section        0  printfa.o(i._fp_digits)
    _fp_digits                               0x00001a71   Thumb Code   326  printfa.o(i._fp_digits)
    i._init_box                              0x00001bcc   Section        0  rt_membox.o(i._init_box)
    i._printf_core                           0x00001c14   Section        0  printfa.o(i._printf_core)
    _printf_core                             0x00001c15   Thumb Code  1762  printfa.o(i._printf_core)
    i._printf_post_padding                   0x00002304   Section        0  printfa.o(i._printf_post_padding)
    _printf_post_padding                     0x00002305   Thumb Code    38  printfa.o(i._printf_post_padding)
    i._printf_pre_padding                    0x0000232a   Section        0  printfa.o(i._printf_pre_padding)
    _printf_pre_padding                      0x0000232b   Thumb Code    48  printfa.o(i._printf_pre_padding)
    i.dbg_init                               0x0000235c   Section        0  hal_cm3.o(i.dbg_init)
    i.dbg_task_notify                        0x0000238c   Section        0  hal_cm3.o(i.dbg_task_notify)
    i.dbg_task_switch                        0x000023ac   Section        0  hal_cm3.o(i.dbg_task_switch)
    i.insertion_sort                         0x000023bc   Section        0  quicksort.o(i.insertion_sort)
    i.os_tick_init                           0x000023fc   Section        0  rt_system.o(i.os_tick_init)
    i.rt_alloc_box                           0x00002424   Section        0  rt_membox.o(i.rt_alloc_box)
    i.rt_block                               0x00002440   Section        0  rt_task.o(i.rt_block)
    i.rt_dec_dly                             0x00002478   Section        0  rt_list.o(i.rt_dec_dly)
    i.rt_dispatch                            0x000024ec   Section        0  rt_task.o(i.rt_dispatch)
    i.rt_evt_psh                             0x00002530   Section        0  rt_event.o(i.rt_evt_psh)
    i.rt_free_box                            0x0000257c   Section        0  rt_membox.o(i.rt_free_box)
    i.rt_get_first                           0x0000259c   Section        0  rt_list.o(i.rt_get_first)
    i.rt_init_context                        0x000025c4   Section        0  rt_task.o(i.rt_init_context)
    rt_init_context                          0x000025c5   Thumb Code    64  rt_task.o(i.rt_init_context)
    i.rt_init_stack                          0x00002608   Section        0  hal_cm3.o(i.rt_init_stack)
    i.rt_mbx_psh                             0x00002658   Section        0  rt_mailbox.o(i.rt_mbx_psh)
    i.rt_pop_req                             0x00002718   Section        0  rt_system.o(i.rt_pop_req)
    i.rt_put_dly                             0x00002790   Section        0  rt_list.o(i.rt_put_dly)
    i.rt_put_prio                            0x000027d8   Section        0  rt_list.o(i.rt_put_prio)
    i.rt_put_rdy_first                       0x00002810   Section        0  rt_list.o(i.rt_put_rdy_first)
    i.rt_resort_prio                         0x00002824   Section        0  rt_list.o(i.rt_resort_prio)
    i.rt_rmv_dly                             0x00002858   Section        0  rt_list.o(i.rt_rmv_dly)
    i.rt_rmv_list                            0x00002880   Section        0  rt_list.o(i.rt_rmv_list)
    i.rt_sem_init                            0x000028b0   Section        0  rt_semaphore.o(i.rt_sem_init)
    i.rt_sem_psh                             0x000028bc   Section        0  rt_semaphore.o(i.rt_sem_psh)
    i.rt_sem_send                            0x000028f0   Section        0  rt_semaphore.o(i.rt_sem_send)
    i.rt_sem_wait                            0x00002928   Section        0  rt_semaphore.o(i.rt_sem_wait)
    i.rt_stk_check                           0x00002964   Section        0  rt_system.o(i.rt_stk_check)
    i.rt_switch_req                          0x00002988   Section        0  rt_task.o(i.rt_switch_req)
    i.rt_sys_init                            0x000029b0   Section        0  rt_task.o(i.rt_sys_init)
    i.rt_systick                             0x00002b08   Section        0  rt_system.o(i.rt_systick)
    i.rt_time_get                            0x00002b44   Section        0  rt_time.o(i.rt_time_get)
    i.rt_tmr_tick                            0x00002b50   Section        0  rt_timer.o(i.rt_tmr_tick)
    i.rt_tsk_create                          0x00002b90   Section        0  rt_task.o(i.rt_tsk_create)
    i.rt_tsk_delete                          0x00002c24   Section        0  rt_task.o(i.rt_tsk_delete)
    i.rt_tsk_prio                            0x00002ce0   Section        0  rt_task.o(i.rt_tsk_prio)
    .constdata                               0x00002d60   Section       40  rtx_conf_cm.o(.constdata)
    __tagsym$$used                           0x00002d74   Number         0  rtx_conf_cm.o(.constdata)
    __tagsym$$used                           0x00002d78   Number         0  rtx_conf_cm.o(.constdata)
    .constdata                               0x00002d88   Section       64  ctype_c.o(.constdata)
    .data                                    0x10000000   Section        4  system_lpc17xx.o(.data)
    .data                                    0x10000004   Section       12  retarget.o(.data)
    .data                                    0x10000010   Section        8  main.o(.data)
    .data                                    0x10000018   Section       32  uart.o(.data)
    .data                                    0x10000038   Section        4  rtx_conf_cm.o(.data)
    .data                                    0x1000003c   Section        8  rt_task.o(.data)
    .data                                    0x10000044   Section        4  rt_time.o(.data)
    .data                                    0x10000048   Section        1  hal_cm3.o(.data)
    .data                                    0x1000004c   Section        8  rt_system.o(.data)
    os_lock                                  0x1000004c   Data           1  rt_system.o(.data)
    os_psh_flag                              0x1000004d   Data           1  rt_system.o(.data)
    pend_flags                               0x1000004e   Data           1  rt_system.o(.data)
    .data                                    0x10000054   Section        8  rt_timer.o(.data)
    .data                                    0x1000005c   Section        4  rand.o(.data)
    _rand_state                              0x1000005c   Data           4  rand.o(.data)
    .data                                    0x10000060   Section        3  fgetc_b.o(.data)
    ungetc_sp                                0x10000060   Data           1  fgetc_b.o(.data)
    ungetc_stack                             0x10000061   Data           2  fgetc_b.o(.data)
    .bss                                     0x10000064   Section       12  quicksort.o(.bss)
    .bss                                     0x10000070   Section      128  uart.o(.bss)
    .bss                                     0x100000f0   Section    17064  rtx_conf_cm.o(.bss)
    .bss                                     0x10004398   Section       48  rt_task.o(.bss)
    .bss                                     0x100043c8   Section       48  rt_list.o(.bss)
    STACK                                    0x100043f8   Section     8192  startup_lpc17xx.o(STACK)

    Global Symbols

    Symbol Name                              Value     Ov Type        Size  Object(Section)

    BuildAttributes$$THM_ISAv4$P$D$K$B$S$PE$A:L22UL41UL21$X:L11$S22US41US21$IEEE1$IW$USESV6$~STKCKD$USESV7$~SHL$OSPACE$ROPI$EBA8$MICROLIB$REQ8$PRES8$EABIv2 0x00000000   Number         0  anon$$obj.o ABSOLUTE
    __ARM_use_no_argv                        0x00000000   Number         0  main.o ABSOLUTE
    __Vectors                                0x00000000   Data           4  startup_lpc17xx.o(RESET)
    _printf_a                                0x00000000   Number         0  stubs.o ABSOLUTE
    _printf_c                                0x00000000   Number         0  stubs.o ABSOLUTE
    _printf_charcount                        0x00000000   Number         0  stubs.o ABSOLUTE
    _printf_d                                0x00000000   Number         0  stubs.o ABSOLUTE
    _printf_e                                0x00000000   Number         0  stubs.o ABSOLUTE
    _printf_f                                0x00000000   Number         0  stubs.o ABSOLUTE
    _printf_flags                            0x00000000   Number         0  stubs.o ABSOLUTE
    _printf_fp_dec                           0x00000000   Number         0  stubs.o ABSOLUTE
    _printf_fp_hex                           0x00000000   Number         0  stubs.o ABSOLUTE
    _printf_g                                0x00000000   Number         0  stubs.o ABSOLUTE
    _printf_i                                0x00000000   Number         0  stubs.o ABSOLUTE
    _printf_int_dec                          0x00000000   Number         0  stubs.o ABSOLUTE
    _printf_l                                0x00000000   Number         0  stubs.o ABSOLUTE
    _printf_lc                               0x00000000   Number         0  stubs.o ABSOLUTE
    _printf_ll                               0x00000000   Number         0  stubs.o ABSOLUTE
    _printf_lld                              0x00000000   Number         0  stubs.o ABSOLUTE
    _printf_lli                              0x00000000   Number         0  stubs.o ABSOLUTE
    _printf_llo                              0x00000000   Number         0  stubs.o ABSOLUTE
    _printf_llu                              0x00000000   Number         0  stubs.o ABSOLUTE
    _printf_llx                              0x00000000   Number         0  stubs.o ABSOLUTE
    _printf_longlong_dec                     0x00000000   Number         0  stubs.o ABSOLUTE
    _printf_longlong_hex                     0x00000000   Number         0  stubs.o ABSOLUTE
    _printf_longlong_oct                     0x00000000   Number         0  stubs.o ABSOLUTE
    _printf_ls                               0x00000000   Number         0  stubs.o ABSOLUTE
    _printf_mbtowc                           0x00000000   Number         0  stubs.o ABSOLUTE
    _printf_n                                0x00000000   Number         0  stubs.o ABSOLUTE
    _printf_o                                0x00000000   Number         0  stubs.o ABSOLUTE
    _printf_p                                0x00000000   Number         0  stubs.o ABSOLUTE
    _printf_percent                          0x00000000   Number         0  stubs.o ABSOLUTE
    _printf_pre_padding                      0x00000000   Number         0  stubs.o ABSOLUTE
    _printf_return_value                     0x00000000   Number         0  stubs.o ABSOLUTE
    _printf_s                                0x00000000   Number         0  stubs.o ABSOLUTE
    _printf_sizespec                         0x00000000   Number         0  stubs.o ABSOLUTE
    _printf_str                              0x00000000   Number         0  stubs.o ABSOLUTE
    _printf_truncate_signed                  0x00000000   Number         0  stubs.o ABSOLUTE
    _printf_truncate_unsigned                0x00000000   Number         0  stubs.o ABSOLUTE
    _printf_u                                0x00000000   Number         0  stubs.o ABSOLUTE
    _printf_wc                               0x00000000   Number         0  stubs.o ABSOLUTE
    _printf_wctomb                           0x00000000   Number         0  stubs.o ABSOLUTE
    _printf_widthprec                        0x00000000   Number         0  stubs.o ABSOLUTE
    _printf_x                                0x00000000   Number         0  stubs.o ABSOLUTE
    __decompress                              - Undefined Weak Reference
    _clock_init                               - Undefined Weak Reference
    _scanf_longlong                           - Undefined Weak Reference
    _scanf_real                               - Undefined Weak Reference
    _scanf_string                             - Undefined Weak Reference
    __main                                   0x000000cd   Thumb Code     0  entry.o(.ARM.Collect$$$$00000000)
    _main_stk                                0x000000cd   Thumb Code     0  entry2.o(.ARM.Collect$$$$00000001)
    _main_scatterload                        0x000000d1   Thumb Code     0  entry5.o(.ARM.Collect$$$$00000004)
    __main_after_scatterload                 0x000000d5   Thumb Code     0  entry5.o(.ARM.Collect$$$$00000004)
    _main_clock                              0x000000d5   Thumb Code     0  entry7b.o(.ARM.Collect$$$$00000008)
    _main_init                               0x000000d5   Thumb Code     0  entry8.o(.ARM.Collect$$$$00000009)
    rt_set_PSP                               0x000000e1   Thumb Code     6  hal_cm3.o(.emb_text)
    rt_get_PSP                               0x000000e7   Thumb Code     6  hal_cm3.o(.emb_text)
    os_set_env                               0x000000ed   Thumb Code    24  hal_cm3.o(.emb_text)
    _alloc_box                               0x00000109   Thumb Code    28  hal_cm3.o(.emb_text)
    _free_box                                0x00000129   Thumb Code    28  hal_cm3.o(.emb_text)
    SVC_Handler                              0x00000149   Thumb Code   124  hal_cm3.o(.emb_text)
    PendSV_Handler                           0x000001d1   Thumb Code    76  hal_cm3.o(.emb_text)
    SysTick_Handler                          0x00000221   Thumb Code     8  hal_cm3.o(.emb_text)
    OS_Tick_Handler                          0x00000229   Thumb Code    12  hal_cm3.o(.emb_text)
    Reset_Handler                            0x00000235   Thumb Code     8  startup_lpc17xx.o(.text)
    NMI_Handler                              0x0000023d   Thumb Code     2  startup_lpc17xx.o(.text)
    HardFault_Handler                        0x0000023f   Thumb Code     2  startup_lpc17xx.o(.text)
    MemManage_Handler                        0x00000241   Thumb Code     2  startup_lpc17xx.o(.text)
    BusFault_Handler                         0x00000243   Thumb Code     2  startup_lpc17xx.o(.text)
    UsageFault_Handler                       0x00000245   Thumb Code     2  startup_lpc17xx.o(.text)
    DebugMon_Handler                         0x00000249   Thumb Code     2  startup_lpc17xx.o(.text)
    ADC_IRQHandler                           0x0000024f   Thumb Code     0  startup_lpc17xx.o(.text)
    BOD_IRQHandler                           0x0000024f   Thumb Code     0  startup_lpc17xx.o(.text)
    CANActivity_IRQHandler                   0x0000024f   Thumb Code     0  startup_lpc17xx.o(.text)
    CAN_IRQHandler                           0x0000024f   Thumb Code     0  startup_lpc17xx.o(.text)
    DMA_IRQHandler                           0x0000024f   Thumb Code     0  startup_lpc17xx.o(.text)
    EINT0_IRQHandler                         0x0000024f   Thumb Code     0  startup_lpc17xx.o(.text)
    EINT1_IRQHandler                         0x0000024f   Thumb Code     0  startup_lpc17xx.o(.text)
    EINT2_IRQHandler                         0x0000024f   Thumb Code     0  startup_lpc17xx.o(.text)
    EINT3_IRQHandler                         0x0000024f   Thumb Code     0  startup_lpc17xx.o(.text)
    ENET_IRQHandler                          0x0000024f   Thumb Code     0  startup_lpc17xx.o(.text)
    I2C0_IRQHandler                          0x0000024f   Thumb Code     0  startup_lpc17xx.o(.text)
    I2C1_IRQHandler                          0x0000024f   Thumb Code     0  startup_lpc17xx.o(.text)
    I2C2_IRQHandler                          0x0000024f   Thumb Code     0  startup_lpc17xx.o(.text)
    I2S_IRQHandler                           0x0000024f   Thumb Code     0  startup_lpc17xx.o(.text)
    MCPWM_IRQHandler                         0x0000024f   Thumb Code     0  startup_lpc17xx.o(.text)
    PLL0_IRQHandler                          0x0000024f   Thumb Code     0  startup_lpc17xx.o(.text)
    PLL1_IRQHandler                          0x0000024f   Thumb Code     0  startup_lpc17xx.o(.text)
    PWM1_IRQHandler                          0x0000024f   Thumb Code     0  startup_lpc17xx.o(.text)
    QEI_IRQHandler                           0x0000024f   Thumb Code     0  startup_lpc17xx.o(.text)
    RIT_IRQHandler                           0x0000024f   Thumb Code     0  startup_lpc17xx.o(.text)
    RTC_IRQHandler                           0x0000024f   Thumb Code     0  startup_lpc17xx.o(.text)
    SPI_IRQHandler                           0x0000024f   Thumb Code     0  startup_lpc17xx.o(.text)
    SSP0_IRQHandler                          0x0000024f   Thumb Code     0  startup_lpc17xx.o(.text)
    SSP1_IRQHandler                          0x0000024f   Thumb Code     0  startup_lpc17xx.o(.text)
    TIMER0_IRQHandler                        0x0000024f   Thumb Code     0  startup_lpc17xx.o(.text)
    TIMER1_IRQHandler                        0x0000024f   Thumb Code     0  startup_lpc17xx.o(.text)
    TIMER2_IRQHandler                        0x0000024f   Thumb Code     0  startup_lpc17xx.o(.text)
    TIMER3_IRQHandler                        0x0000024f   Thumb Code     0  startup_lpc17xx.o(.text)
    UART2_IRQHandler                         0x0000024f   Thumb Code     0  startup_lpc17xx.o(.text)
    UART3_IRQHandler                         0x0000024f   Thumb Code     0  startup_lpc17xx.o(.text)
    USBActivity_IRQHandler                   0x0000024f   Thumb Code     0  startup_lpc17xx.o(.text)
    USB_IRQHandler                           0x0000024f   Thumb Code     0  startup_lpc17xx.o(.text)
    WDT_IRQHandler                           0x0000024f   Thumb Code     0  startup_lpc17xx.o(.text)
    sendchar                                 0x00000259   Thumb Code    62  retarget.o(.text)
    getkey                                   0x00000297   Thumb Code    30  retarget.o(.text)
    fputc                                    0x000002b5   Thumb Code    14  retarget.o(.text)
    fgetc                                    0x000002c3   Thumb Code    20  retarget.o(.text)
    ferror                                   0x000002d7   Thumb Code     8  retarget.o(.text)
    _ttywrch                                 0x000002df   Thumb Code    12  retarget.o(.text)
    _sys_exit                                0x000002eb   Thumb Code     4  retarget.o(.text)
    SVC_Count                                0x000002f4   Data           4  SVC_Table.o(SVC_TABLE)
    __I$use$fp                               0x000002f5   Thumb Code     0  iusefp.o(.text)
    __I$use$semihosting$fgetc                0x000002f5   Thumb Code     0  iusesemig.o(.text)
    __semihosting_library_function           0x000002f5   Thumb Code     0  semi.o(.text)
    SVC_Table                                0x000002f8   Data           0  SVC_Table.o(SVC_TABLE)
    __scatterload_null                       0x000002f9   Thumb Code     2  handlers.o(i.__scatterload_null)
    os_tick_irqack                           0x000002fb   Thumb Code     2  rt_system.o(i.os_tick_irqack)
    SystemCoreClockUpdate                    0x00000301   Thumb Code   424  system_lpc17xx.o(.text)
    __RL_RTX_VER                             0x00000460   Number         0  rt_system.o ABSOLUTE
    SystemInit                               0x000004a9   Thumb Code   290  system_lpc17xx.o(.text)
    generate_array                           0x000006e5   Thumb Code    88  array_tools.o(.text)
    print_array                              0x0000073d   Thumb Code    36  array_tools.o(.text)
    is_sorted_array                          0x00000761   Thumb Code    58  array_tools.o(.text)
    base_task                                0x00000849   Thumb Code   108  main.o(.text)
    main                                     0x000008b5   Thumb Code    42  main.o(.text)
    quick_sort_task                          0x00000925   Thumb Code   416  quicksort.o(.text)
    quicksort                                0x00000ac5   Thumb Code   112  quicksort.o(.text)
    Free                                     0x00000b59   Thumb Code     6  uart.o(.text)
    Lock                                     0x00000b5f   Thumb Code    28  uart.o(.text)
    LockRcv                                  0x00000b7b   Thumb Code    28  uart.o(.text)
    LockSnd                                  0x00000b97   Thumb Code    28  uart.o(.text)
    FreeRcv                                  0x00000bb3   Thumb Code    28  uart.o(.text)
    FreeSnd                                  0x00000bcf   Thumb Code    28  uart.o(.text)
    UART0_IRQHandler                         0x00000beb   Thumb Code    86  uart.o(.text)
    UART1_IRQHandler                         0x00000c41   Thumb Code    88  uart.o(.text)
    getFrequency                             0x00000c99   Thumb Code    64  uart.o(.text)
    UARTInit                                 0x00000cd9   Thumb Code   176  uart.o(.text)
    UARTSend                                 0x00000d89   Thumb Code   112  uart.o(.text)
    UARTSendChar                             0x00000df9   Thumb Code    24  uart.o(.text)
    UARTRecieve                              0x00000e11   Thumb Code   134  uart.o(.text)
    UARTReceiveChar                          0x00000e97   Thumb Code    26  uart.o(.text)
    os_idle_demon                            0x00000f05   Thumb Code     4  rtx_conf_cm.o(.text)
    os_tmr_call                              0x00000f09   Thumb Code     2  rtx_conf_cm.o(.text)
    os_error                                 0x00000f0b   Thumb Code     4  rtx_conf_cm.o(.text)
    rt_init_robin                            0x00000f0f   Thumb Code     2  rtx_conf_cm.o(.text)
    rt_chk_robin                             0x00000f11   Thumb Code     2  rtx_conf_cm.o(.text)
    __aeabi_uldivmod                         0x00000f13   Thumb Code    98  uldiv.o(.text)
    rand                                     0x00000f75   Thumb Code    20  rand.o(.text)
    srand                                    0x00000f89   Thumb Code     6  rand.o(.text)
    __0scanf                                 0x00000f99   Thumb Code    26  __0scanf.o(.text)
    _scanf_int                               0x00000fb9   Thumb Code   336  _scanf_int.o(.text)
    __aeabi_dadd                             0x00001109   Thumb Code   322  dadd.o(.text)
    __aeabi_dsub                             0x0000124b   Thumb Code     6  dadd.o(.text)
    __aeabi_drsub                            0x00001251   Thumb Code     6  dadd.o(.text)
    __aeabi_dmul                             0x00001257   Thumb Code   228  dmul.o(.text)
    __aeabi_ddiv                             0x0000133b   Thumb Code   222  ddiv.o(.text)
    __aeabi_i2d                              0x00001419   Thumb Code    34  dflti.o(.text)
    __aeabi_ui2d                             0x0000143b   Thumb Code    26  dfltui.o(.text)
    __aeabi_d2uiz                            0x00001455   Thumb Code    50  dfixui.o(.text)
    __aeabi_uidiv                            0x00001487   Thumb Code     0  uidiv.o(.text)
    __aeabi_uidivmod                         0x00001487   Thumb Code    44  uidiv.o(.text)
    __aeabi_llsl                             0x000014b3   Thumb Code    30  llshl.o(.text)
    _ll_shift_l                              0x000014b3   Thumb Code     0  llshl.o(.text)
    __aeabi_llsr                             0x000014d1   Thumb Code    32  llushr.o(.text)
    _ll_ushift_r                             0x000014d1   Thumb Code     0  llushr.o(.text)
    __aeabi_lasr                             0x000014f1   Thumb Code    36  llsshr.o(.text)
    _ll_sshift_r                             0x000014f1   Thumb Code     0  llsshr.o(.text)
    _chval                                   0x00001515   Thumb Code    28  _chval.o(.text)
    __vfscanf_char_file                      0x00001531   Thumb Code    12  scanf_char_file.o(.text)
    _double_round                            0x00001545   Thumb Code    26  depilogue.o(.text)
    _double_epilogue                         0x0000155f   Thumb Code   164  depilogue.o(.text)
    __aeabi_d2ulz                            0x00001603   Thumb Code    48  dfixul.o(.text)
    __aeabi_cdrcmple                         0x00001635   Thumb Code    38  cdrcmple.o(.text)
    __scatterload                            0x0000165d   Thumb Code    28  init.o(.text)
    __scatterload_rt2                        0x0000165d   Thumb Code     0  init.o(.text)
    _fgetc$bs                                0x00001681   Thumb Code    28  fgetc_b.o(.text)
    __backspace                              0x0000169d   Thumb Code    10  fgetc_b.o(.text)
    __vfscanf_char                           0x000016b9   Thumb Code    20  scanf_char.o(.text)
    isspace                                  0x000016d5   Thumb Code    10  isspace_c.o(.text)
    __vfscanf                                0x000016e1   Thumb Code   806  _scanf.o(.text)
    __ctype_lookup                           0x00001a0d   Thumb Code    34  ctype_c.o(.text)
    __0printf                                0x00001a35   Thumb Code    22  printfa.o(i.__0printf)
    __1printf                                0x00001a35   Thumb Code     0  printfa.o(i.__0printf)
    __2printf                                0x00001a35   Thumb Code     0  printfa.o(i.__0printf)
    __c89printf                              0x00001a35   Thumb Code     0  printfa.o(i.__0printf)
    printf                                   0x00001a35   Thumb Code     0  printfa.o(i.__0printf)
    __scatterload_copy                       0x00001a55   Thumb Code    14  handlers.o(i.__scatterload_copy)
    __scatterload_zeroinit                   0x00001a63   Thumb Code    14  handlers.o(i.__scatterload_zeroinit)
    _init_box                                0x00001bcd   Thumb Code    70  rt_membox.o(i._init_box)
    dbg_init                                 0x0000235d   Thumb Code    34  hal_cm3.o(i.dbg_init)
    dbg_task_notify                          0x0000238d   Thumb Code    32  hal_cm3.o(i.dbg_task_notify)
    dbg_task_switch                          0x000023ad   Thumb Code    16  hal_cm3.o(i.dbg_task_switch)
    insertion_sort                           0x000023bd   Thumb Code    64  quicksort.o(i.insertion_sort)
    os_tick_init                             0x000023fd   Thumb Code    32  rt_system.o(i.os_tick_init)
    rt_alloc_box                             0x00002425   Thumb Code    26  rt_membox.o(i.rt_alloc_box)
    rt_block                                 0x00002441   Thumb Code    48  rt_task.o(i.rt_block)
    rt_dec_dly                               0x00002479   Thumb Code   106  rt_list.o(i.rt_dec_dly)
    rt_dispatch                              0x000024ed   Thumb Code    60  rt_task.o(i.rt_dispatch)
    rt_evt_psh                               0x00002531   Thumb Code    72  rt_event.o(i.rt_evt_psh)
    rt_free_box                              0x0000257d   Thumb Code    32  rt_membox.o(i.rt_free_box)
    rt_get_first                             0x0000259d   Thumb Code    40  rt_list.o(i.rt_get_first)
    rt_init_stack                            0x00002609   Thumb Code    70  hal_cm3.o(i.rt_init_stack)
    rt_mbx_psh                               0x00002659   Thumb Code   188  rt_mailbox.o(i.rt_mbx_psh)
    rt_pop_req                               0x00002719   Thumb Code   106  rt_system.o(i.rt_pop_req)
    rt_put_dly                               0x00002791   Thumb Code    68  rt_list.o(i.rt_put_dly)
    rt_put_prio                              0x000027d9   Thumb Code    54  rt_list.o(i.rt_put_prio)
    rt_put_rdy_first                         0x00002811   Thumb Code    14  rt_list.o(i.rt_put_rdy_first)
    rt_resort_prio                           0x00002825   Thumb Code    46  rt_list.o(i.rt_resort_prio)
    rt_rmv_dly                               0x00002859   Thumb Code    40  rt_list.o(i.rt_rmv_dly)
    rt_rmv_list                              0x00002881   Thumb Code    44  rt_list.o(i.rt_rmv_list)
    rt_sem_init                              0x000028b1   Thumb Code    12  rt_semaphore.o(i.rt_sem_init)
    rt_sem_psh                               0x000028bd   Thumb Code    46  rt_semaphore.o(i.rt_sem_psh)
    rt_sem_send                              0x000028f1   Thumb Code    52  rt_semaphore.o(i.rt_sem_send)
    rt_sem_wait                              0x00002929   Thumb Code    56  rt_semaphore.o(i.rt_sem_wait)
    rt_stk_check                             0x00002965   Thumb Code    28  rt_system.o(i.rt_stk_check)
    rt_switch_req                            0x00002989   Thumb Code    30  rt_task.o(i.rt_switch_req)
    rt_sys_init                              0x000029b1   Thumb Code   266  rt_task.o(i.rt_sys_init)
    rt_systick                               0x00002b09   Thumb Code    48  rt_system.o(i.rt_systick)
    rt_time_get                              0x00002b45   Thumb Code     6  rt_time.o(i.rt_time_get)
    rt_tmr_tick                              0x00002b51   Thumb Code    56  rt_timer.o(i.rt_tmr_tick)
    rt_tsk_create                            0x00002b91   Thumb Code   126  rt_task.o(i.rt_tsk_create)
    rt_tsk_delete                            0x00002c25   Thumb Code   162  rt_task.o(i.rt_tsk_delete)
    rt_tsk_prio                              0x00002ce1   Thumb Code   110  rt_task.o(i.rt_tsk_prio)
    os_maxtaskrun                            0x00002d60   Data           2  rtx_conf_cm.o(.constdata)
    os_stackinfo                             0x00002d64   Data           4  rtx_conf_cm.o(.constdata)
    os_rrobin                                0x00002d68   Data           4  rtx_conf_cm.o(.constdata)
    os_trv                                   0x00002d6c   Data           4  rtx_conf_cm.o(.constdata)
    os_flags                                 0x00002d70   Data           1  rtx_conf_cm.o(.constdata)
    os_clockrate                             0x00002d74   Data           4  rtx_conf_cm.o(.constdata)
    os_timernum                              0x00002d78   Data           4  rtx_conf_cm.o(.constdata)
    mp_tcb_size                              0x00002d7c   Data           2  rtx_conf_cm.o(.constdata)
    mp_stk_size                              0x00002d80   Data           4  rtx_conf_cm.o(.constdata)
    os_fifo_size                             0x00002d84   Data           1  rtx_conf_cm.o(.constdata)
    mp_tmr_size                              0x00002d86   Data           2  rtx_conf_cm.o(.constdata)
    __ctype_categories                       0x00002d88   Data          64  ctype_c.o(.constdata)
    Region$$Table$$Base                      0x00002dc8   Number         0  anon$$obj.o(Region$$Table)
    Region$$Table$$Limit                     0x00002de8   Number         0  anon$$obj.o(Region$$Table)
    SystemCoreClock                          0x10000000   Data           4  system_lpc17xx.o(.data)
    uart_init_called                         0x10000004   Data           1  retarget.o(.data)
    __stdout                                 0x10000008   Data           4  retarget.o(.data)
    __stdin                                  0x1000000c   Data           4  retarget.o(.data)
    time                                     0x10000010   Data           8  main.o(.data)
    ITM_RxBuffer                             0x10000018   Data           4  uart.o(.data)
    UART0TxEmpty                             0x1000001c   Data           1  uart.o(.data)
    UART1TxEmpty                             0x1000001d   Data           1  uart.o(.data)
    UART0Count                               0x10000020   Data           4  uart.o(.data)
    UART1Count                               0x10000024   Data           4  uart.o(.data)
    i                                        0x10000028   Data           4  uart.o(.data)
    UART0Status                              0x1000002c   Data           4  uart.o(.data)
    UART1Status                              0x10000030   Data           4  uart.o(.data)
    RcvLock0                                 0x10000034   Data           1  uart.o(.data)
    SndLock0                                 0x10000035   Data           1  uart.o(.data)
    RcvLock1                                 0x10000036   Data           1  uart.o(.data)
    SndLock1                                 0x10000037   Data           1  uart.o(.data)
    m_tmr                                    0x10000038   Data           4  rtx_conf_cm.o(.data)
    os_tsk                                   0x1000003c   Data           8  rt_task.o(.data)
    os_time                                  0x10000044   Data           4  rt_time.o(.data)
    dbg_msg                                  0x10000048   Data           1  hal_cm3.o(.data)
    os_tick_irqn                             0x10000050   Data           4  rt_system.o(.data)
    os_tmr                                   0x10000054   Data           8  rt_timer.o(.data)
    global                                   0x10000064   Data          12  quicksort.o(.bss)
    UART0Buffer                              0x10000070   Data          64  uart.o(.bss)
    UART1Buffer                              0x100000b0   Data          64  uart.o(.bss)
    mp_tcb                                   0x100000f0   Data        1212  rtx_conf_cm.o(.bss)
    mp_stk                                   0x100005b0   Data       15616  rtx_conf_cm.o(.bss)
    os_fifo                                  0x100042b0   Data         132  rtx_conf_cm.o(.bss)
    os_active_TCB                            0x10004334   Data         100  rtx_conf_cm.o(.bss)
    os_idle_TCB                              0x10004398   Data          48  rt_task.o(.bss)
    os_rdy                                   0x100043c8   Data          24  rt_list.o(.bss)
    os_dly                                   0x100043e0   Data          24  rt_list.o(.bss)
    __initial_sp                             0x100063f8   Data           0  startup_lpc17xx.o(STACK)



==============================================================================

Memory Map of the image

  Image Entry point : 0x000000cd

  Load Region LR_IROM1 (Base: 0x00000000, Size: 0x00002e4c, Max: 0x00080000, ABSOLUTE)

    Execution Region ER_IROM1 (Base: 0x00000000, Size: 0x00002de8, Max: 0x00080000, ABSOLUTE)

    Base Addr    Size         Type   Attr      Idx    E Section Name        Object

    0x00000000   0x000000cc   Data   RO            3    RESET               startup_lpc17xx.o
    0x000000cc   0x00000000   Code   RO          818  * .ARM.Collect$$$$00000000  mc_w.l(entry.o)
    0x000000cc   0x00000004   Code   RO         1103    .ARM.Collect$$$$00000001  mc_w.l(entry2.o)
    0x000000d0   0x00000004   Code   RO         1106    .ARM.Collect$$$$00000004  mc_w.l(entry5.o)
    0x000000d4   0x00000000   Code   RO         1108    .ARM.Collect$$$$00000008  mc_w.l(entry7b.o)
    0x000000d4   0x00000008   Code   RO         1109    .ARM.Collect$$$$00000009  mc_w.l(entry8.o)
    0x000000dc   0x00000004   Code   RO         1104    .ARM.Collect$$$$00002712  mc_w.l(entry2.o)
    0x000000e0   0x00000154   Code   RO          439    .emb_text           RTX_CM3.LIB(hal_cm3.o)
    0x00000234   0x00000024   Code   RO            5    .text               startup_lpc17xx.o
    0x00000258   0x0000009c   Code   RO          100    .text               retarget.o
    0x000002f4   0x00000000   Code   RO         1122    .text               mc_w.l(iusefp.o)
    0x000002f4   0x00000000   Code   RO         1136    .text               mc_w.l(semi.o)
    0x000002f4   0x00000000   Code   RO         1141    .text               mc_w.l(iusesemig.o)
    0x000002f4   0x00000004   Code   RO          677    SVC_TABLE           RTX_CM3.LIB(SVC_Table.o)
    0x000002f8   0x00000002   Code   RO         1148    i.__scatterload_null  mc_w.l(handlers.o)
    0x000002fa   0x00000002   Code   RO          482    i.os_tick_irqack    RTX_CM3.LIB(rt_system.o)
    0x000002fc   0x00000004   Code   RO            4    .ARM.__at_0x02FC    startup_lpc17xx.o
    0x00000300   0x00000318   Code   RO           15    .text               system_lpc17xx.o
    0x00000618   0x00000230   Code   RO          125    .text               array_tools.o
    0x00000848   0x000000dc   Code   RO          152    .text               main.o
    0x00000924   0x00000234   Code   RO          191    .text               quicksort.o
    0x00000b58   0x000003ac   Code   RO          222    .text               uart.o
    0x00000f04   0x0000000e   Code   RO          247    .text               rtx_conf_cm.o
    0x00000f12   0x00000062   Code   RO          821    .text               mc_w.l(uldiv.o)
    0x00000f74   0x00000024   Code   RO          823    .text               mc_w.l(rand.o)
    0x00000f98   0x00000020   Code   RO         1087    .text               mc_w.l(__0scanf.o)
    0x00000fb8   0x00000150   Code   RO         1089    .text               mc_w.l(_scanf_int.o)
    0x00001108   0x0000014e   Code   RO         1091    .text               mf_w.l(dadd.o)
    0x00001256   0x000000e4   Code   RO         1093    .text               mf_w.l(dmul.o)
    0x0000133a   0x000000de   Code   RO         1095    .text               mf_w.l(ddiv.o)
    0x00001418   0x00000022   Code   RO         1097    .text               mf_w.l(dflti.o)
    0x0000143a   0x0000001a   Code   RO         1099    .text               mf_w.l(dfltui.o)
    0x00001454   0x00000032   Code   RO         1101    .text               mf_w.l(dfixui.o)
    0x00001486   0x0000002c   Code   RO         1110    .text               mc_w.l(uidiv.o)
    0x000014b2   0x0000001e   Code   RO         1112    .text               mc_w.l(llshl.o)
    0x000014d0   0x00000020   Code   RO         1114    .text               mc_w.l(llushr.o)
    0x000014f0   0x00000024   Code   RO         1116    .text               mc_w.l(llsshr.o)
    0x00001514   0x0000001c   Code   RO         1118    .text               mc_w.l(_chval.o)
    0x00001530   0x00000014   Code   RO         1120    .text               mc_w.l(scanf_char_file.o)
    0x00001544   0x000000be   Code   RO         1123    .text               mf_w.l(depilogue.o)
    0x00001602   0x00000030   Code   RO         1125    .text               mf_w.l(dfixul.o)
    0x00001632   0x00000002   PAD
    0x00001634   0x00000028   Code   RO         1127    .text               mf_w.l(cdrcmple.o)
    0x0000165c   0x00000024   Code   RO         1129    .text               mc_w.l(init.o)
    0x00001680   0x0000002c   Code   RO         1131    .text               mc_w.l(fgetc_b.o)
    0x000016ac   0x00000028   Code   RO         1134    .text               mc_w.l(scanf_char.o)
    0x000016d4   0x0000000a   Code   RO         1137    .text               mc_w.l(isspace_c.o)
    0x000016de   0x00000002   PAD
    0x000016e0   0x0000032c   Code   RO         1139    .text               mc_w.l(_scanf.o)
    0x00001a0c   0x00000028   Code   RO         1142    .text               mc_w.l(ctype_c.o)
    0x00001a34   0x00000020   Code   RO         1059    i.__0printf         mc_w.l(printfa.o)
    0x00001a54   0x0000000e   Code   RO         1147    i.__scatterload_copy  mc_w.l(handlers.o)
    0x00001a62   0x0000000e   Code   RO         1149    i.__scatterload_zeroinit  mc_w.l(handlers.o)
    0x00001a70   0x0000015c   Code   RO         1066    i._fp_digits        mc_w.l(printfa.o)
    0x00001bcc   0x00000046   Code   RO          644    i._init_box         RTX_CM3.LIB(rt_membox.o)
    0x00001c12   0x00000002   PAD
    0x00001c14   0x000006f0   Code   RO         1067    i._printf_core      mc_w.l(printfa.o)
    0x00002304   0x00000026   Code   RO         1068    i._printf_post_padding  mc_w.l(printfa.o)
    0x0000232a   0x00000030   Code   RO         1069    i._printf_pre_padding  mc_w.l(printfa.o)
    0x0000235a   0x00000002   PAD
    0x0000235c   0x00000030   Code   RO          440    i.dbg_init          RTX_CM3.LIB(hal_cm3.o)
    0x0000238c   0x00000020   Code   RO          441    i.dbg_task_notify   RTX_CM3.LIB(hal_cm3.o)
    0x000023ac   0x00000010   Code   RO          442    i.dbg_task_switch   RTX_CM3.LIB(hal_cm3.o)
    0x000023bc   0x00000040   Code   RO          209    i.insertion_sort    quicksort.o
    0x000023fc   0x00000028   Code   RO          481    i.os_tick_init      RTX_CM3.LIB(rt_system.o)
    0x00002424   0x0000001a   Code   RO          645    i.rt_alloc_box      RTX_CM3.LIB(rt_membox.o)
    0x0000243e   0x00000002   PAD
    0x00002440   0x00000038   Code   RO          267    i.rt_block          RTX_CM3.LIB(rt_task.o)
    0x00002478   0x00000074   Code   RO          564    i.rt_dec_dly        RTX_CM3.LIB(rt_list.o)
    0x000024ec   0x00000044   Code   RO          268    i.rt_dispatch       RTX_CM3.LIB(rt_task.o)
    0x00002530   0x0000004c   Code   RO          683    i.rt_evt_psh        RTX_CM3.LIB(rt_event.o)
    0x0000257c   0x00000020   Code   RO          646    i.rt_free_box       RTX_CM3.LIB(rt_membox.o)
    0x0000259c   0x00000028   Code   RO          565    i.rt_get_first      RTX_CM3.LIB(rt_list.o)
    0x000025c4   0x00000044   Code   RO          269    i.rt_init_context   RTX_CM3.LIB(rt_task.o)
    0x00002608   0x00000050   Code   RO          443    i.rt_init_stack     RTX_CM3.LIB(hal_cm3.o)
    0x00002658   0x000000c0   Code   RO          726    i.rt_mbx_psh        RTX_CM3.LIB(rt_mailbox.o)
    0x00002718   0x00000078   Code   RO          483    i.rt_pop_req        RTX_CM3.LIB(rt_system.o)
    0x00002790   0x00000048   Code   RO          568    i.rt_put_dly        RTX_CM3.LIB(rt_list.o)
    0x000027d8   0x00000036   Code   RO          569    i.rt_put_prio       RTX_CM3.LIB(rt_list.o)
    0x0000280e   0x00000002   PAD
    0x00002810   0x00000014   Code   RO          570    i.rt_put_rdy_first  RTX_CM3.LIB(rt_list.o)
    0x00002824   0x00000034   Code   RO          571    i.rt_resort_prio    RTX_CM3.LIB(rt_list.o)
    0x00002858   0x00000028   Code   RO          572    i.rt_rmv_dly        RTX_CM3.LIB(rt_list.o)
    0x00002880   0x00000030   Code   RO          573    i.rt_rmv_list       RTX_CM3.LIB(rt_list.o)
    0x000028b0   0x0000000c   Code   RO          367    i.rt_sem_init       RTX_CM3.LIB(rt_semaphore.o)
    0x000028bc   0x00000034   Code   RO          368    i.rt_sem_psh        RTX_CM3.LIB(rt_semaphore.o)
    0x000028f0   0x00000038   Code   RO          369    i.rt_sem_send       RTX_CM3.LIB(rt_semaphore.o)
    0x00002928   0x0000003c   Code   RO          370    i.rt_sem_wait       RTX_CM3.LIB(rt_semaphore.o)
    0x00002964   0x00000024   Code   RO          486    i.rt_stk_check      RTX_CM3.LIB(rt_system.o)
    0x00002988   0x00000028   Code   RO          270    i.rt_switch_req     RTX_CM3.LIB(rt_task.o)
    0x000029b0   0x00000158   Code   RO          271    i.rt_sys_init       RTX_CM3.LIB(rt_task.o)
    0x00002b08   0x0000003c   Code   RO          488    i.rt_systick        RTX_CM3.LIB(rt_system.o)
    0x00002b44   0x0000000c   Code   RO          409    i.rt_time_get       RTX_CM3.LIB(rt_time.o)
    0x00002b50   0x00000040   Code   RO          772    i.rt_tmr_tick       RTX_CM3.LIB(rt_timer.o)
    0x00002b90   0x00000094   Code   RO          272    i.rt_tsk_create     RTX_CM3.LIB(rt_task.o)
    0x00002c24   0x000000bc   Code   RO          273    i.rt_tsk_delete     RTX_CM3.LIB(rt_task.o)
    0x00002ce0   0x00000080   Code   RO          275    i.rt_tsk_prio       RTX_CM3.LIB(rt_task.o)
    0x00002d60   0x00000028   Data   RO          249    .constdata          rtx_conf_cm.o
    0x00002d88   0x00000040   Data   RO         1143    .constdata          mc_w.l(ctype_c.o)
    0x00002dc8   0x00000020   Data   RO         1145    Region$$Table       anon$$obj.o


    Execution Region RW_IRAM1 (Base: 0x10000000, Size: 0x000063f8, Max: 0x00008000, ABSOLUTE)

    Base Addr    Size         Type   Attr      Idx    E Section Name        Object

    0x10000000   0x00000004   Data   RW           16    .data               system_lpc17xx.o
    0x10000004   0x0000000c   Data   RW          101    .data               retarget.o
    0x10000010   0x00000008   Data   RW          153    .data               main.o
    0x10000018   0x00000020   Data   RW          224    .data               uart.o
    0x10000038   0x00000004   Data   RW          250    .data               rtx_conf_cm.o
    0x1000003c   0x00000008   Data   RW          278    .data               RTX_CM3.LIB(rt_task.o)
    0x10000044   0x00000004   Data   RW          410    .data               RTX_CM3.LIB(rt_time.o)
    0x10000048   0x00000001   Data   RW          444    .data               RTX_CM3.LIB(hal_cm3.o)
    0x10000049   0x00000003   PAD
    0x1000004c   0x00000008   Data   RW          491    .data               RTX_CM3.LIB(rt_system.o)
    0x10000054   0x00000008   Data   RW          773    .data               RTX_CM3.LIB(rt_timer.o)
    0x1000005c   0x00000004   Data   RW          824    .data               mc_w.l(rand.o)
    0x10000060   0x00000003   Data   RW         1132    .data               mc_w.l(fgetc_b.o)
    0x10000063   0x00000001   PAD
    0x10000064   0x0000000c   Zero   RW          192    .bss                quicksort.o
    0x10000070   0x00000080   Zero   RW          223    .bss                uart.o
    0x100000f0   0x000042a8   Zero   RW          248    .bss                rtx_conf_cm.o
    0x10004398   0x00000030   Zero   RW          277    .bss                RTX_CM3.LIB(rt_task.o)
    0x100043c8   0x00000030   Zero   RW          574    .bss                RTX_CM3.LIB(rt_list.o)
    0x100043f8   0x00002000   Zero   RW            1    STACK               startup_lpc17xx.o


==============================================================================

Image component sizes


      Code (inc. data)   RO Data    RW Data    ZI Data      Debug   Object Name

       560        174          0          0          0       3449   array_tools.o
         0          0          0          0          0      16616   glcd_spi_lpc1700.o
       220         70          0          8          0       7824   main.o
       628         36          0          0         12       2722   quicksort.o
       156          6          0         12          0       3119   retarget.o
        14          0         40          4      17064       2019   rtx_conf_cm.o
        40         12        204          0       8192        872   startup_lpc17xx.o
       792         78          0          4          0       5153   system_lpc17xx.o
       940         60          0         32        128      28867   uart.o

    ----------------------------------------------------------------------
      3350        436        276         60      25396      70641   Object Totals
         0          0         32          0          0          0   (incl. Generated)
         0          0          0          0          0          0   (incl. Padding)

    ----------------------------------------------------------------------

      Code (inc. data)   RO Data    RW Data    ZI Data      Debug   Library Member Name

         4          4          0          0          0        136   SVC_Table.o
       516         56          0          1          0       2465   hal_cm3.o
        76          4          0          0          0        541   rt_event.o
       442         30          0          0         48       3794   rt_list.o
       192          4          0          0          0        605   rt_mailbox.o
       128          0          0          0          0       1489   rt_membox.o
       180         14          0          0          0       1883   rt_semaphore.o
       258         42          0          8          0       2962   rt_system.o
      1040        174          0          8         48       6884   rt_task.o
        12          6          0          4          0        512   rt_time.o
        64          8          0          8          0        583   rt_timer.o
        32          6          0          0          0         84   __0scanf.o
        28          0          0          0          0         68   _chval.o
       812          6          0          0          0        112   _scanf.o
       336          0          0          0          0         92   _scanf_int.o
        40          6         64          0          0         68   ctype_c.o
         0          0          0          0          0          0   entry.o
         8          4          0          0          0          0   entry2.o
         4          0          0          0          0          0   entry5.o
         0          0          0          0          0          0   entry7b.o
         8          4          0          0          0          0   entry8.o
        44          6          0          3          0        144   fgetc_b.o
        30          0          0          0          0          0   handlers.o
        36          8          0          0          0         68   init.o
        10          0          0          0          0         68   isspace_c.o
         0          0          0          0          0          0   iusefp.o
         0          0          0          0          0          0   iusesemig.o
        30          0          0          0          0         68   llshl.o
        36          0          0          0          0         68   llsshr.o
        32          0          0          0          0         68   llushr.o
      2242         90          0          0          0        444   printfa.o
        36         10          0          4          0        136   rand.o
        40          8          0          0          0         84   scanf_char.o
        20          8          0          0          0         68   scanf_char_file.o
         0          0          0          0          0          0   semi.o
        44          0          0          0          0         80   uidiv.o
        98          0          0          0          0         92   uldiv.o
        40          2          0          0          0         68   cdrcmple.o
       334          0          0          0          0        144   dadd.o
       222          0          0          0          0        100   ddiv.o
       190          0          0          0          0        176   depilogue.o
        50          0          0          0          0         76   dfixui.o
        48          0          0          0          0         68   dfixul.o
        34          0          0          0          0         76   dflti.o
        26          0          0          0          0         76   dfltui.o
       228          0          0          0          0         92   dmul.o

    ----------------------------------------------------------------------
      8062        500         64         40         96      24542   Library Totals
        12          0          0          4          0          0   (incl. Padding)

    ----------------------------------------------------------------------

      Code (inc. data)   RO Data    RW Data    ZI Data      Debug   Library Name

      2912        342          0         29         96      21854   RTX_CM3.LIB
      3966        156         64          7          0       1812   mc_w.l
      1172          2          0          0          0        876   mf_w.l

    ----------------------------------------------------------------------
      8062        500         64         40         96      24542   Library Totals

    ----------------------------------------------------------------------

==============================================================================


      Code (inc. data)   RO Data    RW Data    ZI Data      Debug   

     11412        936        340        100      25492      91283   Grand Totals
     11412        936        340        100      25492      91283   ELF Image Totals
     11412        936        340        100          0          0   ROM Totals

==============================================================================

    Total RO  Size (Code + RO Data)                11752 (  11.48kB)
    Total RW  Size (RW Data + ZI Data)             25592 (  24.99kB)
    Total ROM Size (Code + RO Data + RW Data)      11852 (  11.57kB)

==============================================================================

