<html>
<body>
<pre>
<h1>µVision Build Log</h1>
<h2>Project:</h2>
N:\MTE241\Project 4\project4.uvproj
Project File Date:  11/12/2014

<h2>Output:</h2>
Rebuild target 'Target 1'
assembling startup_LPC17xx.s...
compiling system_LPC17xx.c...
compiling GLCD_SPI_LPC1700.c...
compiling main.c...
main.c(97): warning:  #1-D: last line of file ends without a newline
compiling Retarget.c...
compiling GLCD_Scroll.c...
linking...
Program Size: Code=6024 RO-data=6608 RW-data=32 ZI-data=8816  
"project4.axf" - 0 Error(s), 1 Warning(s).
Load "N:\\MTE241\\Project 4\\project4.AXF" 
Erase Done.
Programming Done.
Verify OK.
Rebuild target 'Target 1'
assembling startup_LPC17xx.s...
compiling system_LPC17xx.c...
compiling GLCD_SPI_LPC1700.c...
compiling main.c...
main.c(96): warning:  #1-D: last line of file ends without a newline
compiling Retarget.c...
compiling GLCD_Scroll.c...
linking...
Program Size: Code=6024 RO-data=6608 RW-data=32 ZI-data=8816  
"project4.axf" - 0 Error(s), 1 Warning(s).
Load "N:\\MTE241\\Project 4\\project4.AXF" 
Erase Done.
Programming Done.
Verify OK.
Rebuild target 'Target 1'
assembling startup_LPC17xx.s...
compiling system_LPC17xx.c...
compiling GLCD_SPI_LPC1700.c...
compiling main.c...
main.c(13): warning:  #177-D: variable "sx" was declared but never referenced
main.c(14): warning:  #177-D: variable "sy" was declared but never referenced
main.c(15): warning:  #177-D: variable "err" was declared but never referenced
main.c(15): warning:  #177-D: variable "e2" was declared but never referenced
main.c(96): warning:  #1-D: last line of file ends without a newline
compiling Retarget.c...
compiling GLCD_Scroll.c...
linking...
Program Size: Code=5992 RO-data=6608 RW-data=32 ZI-data=8816  
"project4.axf" - 0 Error(s), 5 Warning(s).
Load "N:\\MTE241\\Project 4\\project4.AXF" 
Erase Done.
Programming Done.
Verify OK.
Rebuild target 'Target 1'
assembling startup_LPC17xx.s...
compiling system_LPC17xx.c...
compiling GLCD_SPI_LPC1700.c...
compiling main.c...
main.c(96): warning:  #1-D: last line of file ends without a newline
compiling Retarget.c...
compiling GLCD_Scroll.c...
linking...
Program Size: Code=6024 RO-data=6608 RW-data=32 ZI-data=8816  
"project4.axf" - 0 Error(s), 1 Warning(s).
Load "N:\\MTE241\\Project 4\\project4.AXF" 
Erase Done.
Programming Done.
Verify OK.
Rebuild target 'Target 1'
assembling startup_LPC17xx.s...
compiling system_LPC17xx.c...
compiling GLCD_SPI_LPC1700.c...
compiling main.c...
main.c(96): warning:  #1-D: last line of file ends without a newline
compiling Retarget.c...
compiling GLCD_Scroll.c...
linking...
Program Size: Code=6024 RO-data=6608 RW-data=32 ZI-data=8816  
"project4.axf" - 0 Error(s), 1 Warning(s).
Rebuild target 'Target 1'
assembling startup_LPC17xx.s...
compiling system_LPC17xx.c...
compiling GLCD_SPI_LPC1700.c...
compiling main.c...
main.c(59): warning:  #223-D: function "convToBitmap" declared implicitly
main.c(63): error:  #159: declaration is incompatible with previous "convToBitmap" (declared at line 59)
main.c(96): warning:  #1-D: last line of file ends without a newline
compiling Retarget.c...
compiling GLCD_Scroll.c...
Target not created
Rebuild target 'Target 1'
assembling startup_LPC17xx.s...
compiling system_LPC17xx.c...
compiling GLCD_SPI_LPC1700.c...
compiling main.c...
main.c(96): warning:  #1-D: last line of file ends without a newline
compiling Retarget.c...
compiling GLCD_Scroll.c...
linking...
Program Size: Code=6040 RO-data=6608 RW-data=32 ZI-data=8816  
"project4.axf" - 0 Error(s), 1 Warning(s).
Load "N:\\MTE241\\Project 4\\project4.AXF" 
Erase Done.
Programming Done.
Verify OK.
Rebuild target 'Target 1'
assembling startup_LPC17xx.s...
compiling system_LPC17xx.c...
compiling GLCD_SPI_LPC1700.c...
compiling main.c...
main.c(97): warning:  #1-D: last line of file ends without a newline
compiling Retarget.c...
compiling GLCD_Scroll.c...
linking...
Program Size: Code=6040 RO-data=6608 RW-data=32 ZI-data=8816  
"project4.axf" - 0 Error(s), 1 Warning(s).
Load "N:\\MTE241\\Project 4\\project4.AXF" 
Erase Done.
Programming Done.
Verify OK.
Rebuild target 'Target 1'
assembling startup_LPC17xx.s...
compiling system_LPC17xx.c...
compiling GLCD_SPI_LPC1700.c...
compiling main.c...
main.c(97): warning:  #1-D: last line of file ends without a newline
compiling Retarget.c...
compiling GLCD_Scroll.c...
linking...
Program Size: Code=6048 RO-data=6608 RW-data=32 ZI-data=8816  
"project4.axf" - 0 Error(s), 1 Warning(s).
Load "N:\\MTE241\\Project 4\\project4.AXF" 
Erase Done.
Programming Done.
Verify OK.
Rebuild target 'Target 1'
assembling startup_LPC17xx.s...
compiling system_LPC17xx.c...
compiling GLCD_SPI_LPC1700.c...
compiling main.c...
main.c(29): error:  #101: "circle" has already been declared in the current scope
main.c(59): warning:  #223-D: function "convToBitmap" declared implicitly
main.c(63): error:  #159: declaration is incompatible with previous "convToBitmap" (declared at line 59)
main.c(93): error:  #29: expected an expression
main.c(93): error:  #29: expected an expression
main.c(93): error:  #29: expected an expression
main.c(95): error:  #65: expected a ";"
main.c(96): warning:  #1-D: last line of file ends without a newline
main.c(84): warning:  #177-D: variable "circle" was declared but never referenced
main.c(85): warning:  #177-D: variable "circleBitmap" was declared but never referenced
main.c(86): warning:  #550-D: variable "x0" was set but never used
main.c(86): warning:  #550-D: variable "y0" was set but never used
compiling Retarget.c...
compiling GLCD_Scroll.c...
Target not created
Load "N:\\MTE241\\Project 4\\project4.AXF" 
_____^
*** error 56: cannot open file
Rebuild target 'Target 1'
assembling startup_LPC17xx.s...
compiling system_LPC17xx.c...
compiling GLCD_SPI_LPC1700.c...
compiling main.c...
main.c(29): error:  #101: "circle" has already been declared in the current scope
main.c(59): warning:  #223-D: function "convToBitmap" declared implicitly
main.c(63): error:  #159: declaration is incompatible with previous "convToBitmap" (declared at line 59)
main.c(93): error:  #29: expected an expression
main.c(95): error:  #65: expected a ";"
main.c(96): warning:  #1-D: last line of file ends without a newline
main.c(85): warning:  #177-D: variable "circleBitmap" was declared but never referenced
compiling Retarget.c...
compiling GLCD_Scroll.c...
Target not created
Rebuild target 'Target 1'
assembling startup_LPC17xx.s...
compiling system_LPC17xx.c...
compiling GLCD_SPI_LPC1700.c...
compiling main.c...
main.c(48): error:  #101: "circle" has already been declared in the current scope
main.c(93): error:  #29: expected an expression
main.c(96): warning:  #1-D: last line of file ends without a newline
main.c(85): warning:  #177-D: variable "circleBitmap" was declared but never referenced
compiling Retarget.c...
compiling GLCD_Scroll.c...
Target not created
Rebuild target 'Target 1'
assembling startup_LPC17xx.s...
compiling system_LPC17xx.c...
compiling GLCD_SPI_LPC1700.c...
compiling main.c...
main.c(96): warning:  #1-D: last line of file ends without a newline
main.c(85): warning:  #177-D: variable "circleBitmap" was declared but never referenced
compiling Retarget.c...
compiling GLCD_Scroll.c...
linking...
Program Size: Code=6040 RO-data=6608 RW-data=32 ZI-data=8816  
"project4.axf" - 0 Error(s), 2 Warning(s).
Load "N:\\MTE241\\Project 4\\project4.AXF" 
Erase Done.
Programming Done.
Verify OK.
Rebuild target 'Target 1'
assembling startup_LPC17xx.s...
compiling system_LPC17xx.c...
compiling GLCD_SPI_LPC1700.c...
compiling main.c...
main.c(97): warning:  #1-D: last line of file ends without a newline
compiling Retarget.c...
compiling GLCD_Scroll.c...
linking...
Program Size: Code=6040 RO-data=6608 RW-data=32 ZI-data=8816  
"project4.axf" - 0 Error(s), 1 Warning(s).
Load "N:\\MTE241\\Project 4\\project4.AXF" 
Erase Done.
Programming Done.
Verify OK.
Rebuild target 'Target 1'
assembling startup_LPC17xx.s...
compiling system_LPC17xx.c...
compiling GLCD_SPI_LPC1700.c...
compiling main.c...
main.c(49): error:  #101: "circleBitmap" has already been declared in the current scope
main.c(97): warning:  #1-D: last line of file ends without a newline
compiling Retarget.c...
compiling GLCD_Scroll.c...
Target not created
Rebuild target 'Target 1'
assembling startup_LPC17xx.s...
compiling system_LPC17xx.c...
compiling GLCD_SPI_LPC1700.c...
compiling main.c...
main.c(97): warning:  #1-D: last line of file ends without a newline
compiling Retarget.c...
compiling GLCD_Scroll.c...
linking...
Program Size: Code=6040 RO-data=6608 RW-data=32 ZI-data=8816  
"project4.axf" - 0 Error(s), 1 Warning(s).
Load "N:\\MTE241\\Project 4\\project4.AXF" 
Erase Done.
Programming Done.
Verify OK.
Rebuild target 'Target 1'
assembling startup_LPC17xx.s...
compiling system_LPC17xx.c...
compiling GLCD_SPI_LPC1700.c...
compiling main.c...
main.c(97): warning:  #1-D: last line of file ends without a newline
compiling Retarget.c...
compiling GLCD_Scroll.c...
linking...
Program Size: Code=6040 RO-data=6608 RW-data=32 ZI-data=8816  
"project4.axf" - 0 Error(s), 1 Warning(s).
Load "N:\\MTE241\\Project 4\\project4.AXF" 
Erase Done.
Programming Done.
Verify OK.
Load "N:\\MTE241\\Project 4\\project4.AXF" 
Erase Done.
Programming Done.
Verify OK.
Rebuild target 'Target 1'
assembling startup_LPC17xx.s...
compiling system_LPC17xx.c...
compiling GLCD_SPI_LPC1700.c...
compiling main.c...
main.c(97): warning:  #1-D: last line of file ends without a newline
compiling Retarget.c...
compiling GLCD_Scroll.c...
linking...
Program Size: Code=6040 RO-data=6608 RW-data=32 ZI-data=8816  
"project4.axf" - 0 Error(s), 1 Warning(s).
Load "N:\\MTE241\\Project 4\\project4.AXF" 
Erase Done.
Programming Done.
Verify OK.
Rebuild target 'Target 1'
assembling startup_LPC17xx.s...
compiling system_LPC17xx.c...
compiling GLCD_SPI_LPC1700.c...
compiling main.c...
main.c(96): warning:  #1-D: last line of file ends without a newline
compiling Retarget.c...
compiling GLCD_Scroll.c...
linking...
Program Size: Code=6024 RO-data=6608 RW-data=32 ZI-data=8816  
"project4.axf" - 0 Error(s), 1 Warning(s).
Load "N:\\MTE241\\Project 4\\project4.AXF" 
Erase Done.
Programming Done.
Verify OK.
Rebuild target 'Target 1'
assembling startup_LPC17xx.s...
compiling system_LPC17xx.c...
compiling GLCD_SPI_LPC1700.c...
compiling main.c...
main.c(96): warning:  #1-D: last line of file ends without a newline
compiling Retarget.c...
compiling GLCD_Scroll.c...
linking...
Program Size: Code=6024 RO-data=6608 RW-data=32 ZI-data=8816  
"project4.axf" - 0 Error(s), 1 Warning(s).
Load "N:\\MTE241\\Project 4\\project4.AXF" 
Erase Done.
Programming Done.
Verify OK.
Rebuild target 'Target 1'
assembling startup_LPC17xx.s...
compiling system_LPC17xx.c...
compiling GLCD_SPI_LPC1700.c...
compiling main.c...
main.c(91): error:  #165: too few arguments in function call
main.c(97): warning:  #1-D: last line of file ends without a newline
compiling Retarget.c...
compiling GLCD_Scroll.c...
Target not created
Rebuild target 'Target 1'
assembling startup_LPC17xx.s...
compiling system_LPC17xx.c...
compiling GLCD_SPI_LPC1700.c...
compiling main.c...
main.c(97): warning:  #1-D: last line of file ends without a newline
compiling Retarget.c...
compiling GLCD_Scroll.c...
linking...
Program Size: Code=6028 RO-data=6608 RW-data=32 ZI-data=8816  
"project4.axf" - 0 Error(s), 1 Warning(s).
Load "N:\\MTE241\\Project 4\\project4.AXF" 
Erase Done.
Programming Done.
Verify OK.
Rebuild target 'Target 1'
assembling startup_LPC17xx.s...
compiling system_LPC17xx.c...
compiling GLCD_SPI_LPC1700.c...
compiling main.c...
main.c(98): warning:  #1-D: last line of file ends without a newline
compiling Retarget.c...
compiling GLCD_Scroll.c...
linking...
Program Size: Code=6032 RO-data=6608 RW-data=32 ZI-data=8816  
"project4.axf" - 0 Error(s), 1 Warning(s).
Load "N:\\MTE241\\Project 4\\project4.AXF" 
Erase Done.
Programming Done.
Verify OK.
Rebuild target 'Target 1'
assembling startup_LPC17xx.s...
compiling system_LPC17xx.c...
compiling GLCD_SPI_LPC1700.c...
compiling main.c...
main.c(80): warning:  #68-D: integer conversion resulted in a change of sign
main.c(96): warning:  #1-D: last line of file ends without a newline
compiling Retarget.c...
compiling GLCD_Scroll.c...
linking...
Program Size: Code=6040 RO-data=6988 RW-data=32 ZI-data=8816  
"project4.axf" - 0 Error(s), 2 Warning(s).
Load "N:\\MTE241\\Project 4\\project4.AXF" 
Erase Done.
Programming Done.
Verify OK.
Rebuild target 'Target 1'
assembling startup_LPC17xx.s...
compiling system_LPC17xx.c...
compiling GLCD_SPI_LPC1700.c...
compiling main.c...
main.c(95): warning:  #1-D: last line of file ends without a newline
compiling Retarget.c...
compiling GLCD_Scroll.c...
linking...
Program Size: Code=6032 RO-data=6608 RW-data=32 ZI-data=8816  
"project4.axf" - 0 Error(s), 1 Warning(s).
Load "N:\\MTE241\\Project 4\\project4.AXF" 
Erase Done.
Programming Done.
Verify OK.
Rebuild target 'Target 1'
assembling startup_LPC17xx.s...
compiling system_LPC17xx.c...
compiling GLCD_SPI_LPC1700.c...
compiling main.c...
main.c(97): warning:  #1-D: last line of file ends without a newline
compiling Retarget.c...
compiling GLCD_Scroll.c...
linking...
Program Size: Code=6028 RO-data=6608 RW-data=32 ZI-data=8816  
"project4.axf" - 0 Error(s), 1 Warning(s).
Load "N:\\MTE241\\Project 4\\project4.AXF" 
Erase Done.
Programming Done.
Verify OK.
Rebuild target 'Target 1'
assembling startup_LPC17xx.s...
compiling system_LPC17xx.c...
compiling GLCD_SPI_LPC1700.c...
compiling main.c...
main.c(49): error:  #101: "x0" has already been declared in the current scope
main.c(49): error:  #101: "y0" has already been declared in the current scope
main.c(95): warning:  #1-D: last line of file ends without a newline
compiling Retarget.c...
compiling GLCD_Scroll.c...
Target not created
Load "N:\\MTE241\\Project 4\\project4.AXF" 
_____^
*** error 56: cannot open file
Rebuild target 'Target 1'
assembling startup_LPC17xx.s...
compiling system_LPC17xx.c...
compiling GLCD_SPI_LPC1700.c...
compiling main.c...
main.c(95): warning:  #1-D: last line of file ends without a newline
compiling Retarget.c...
compiling GLCD_Scroll.c...
linking...
Program Size: Code=6040 RO-data=6608 RW-data=32 ZI-data=8816  
"project4.axf" - 0 Error(s), 1 Warning(s).
Rebuild target 'Target 1'
assembling startup_LPC17xx.s...
compiling system_LPC17xx.c...
compiling GLCD_SPI_LPC1700.c...
compiling main.c...
main.c(94): warning:  #1-D: last line of file ends without a newline
compiling Retarget.c...
compiling GLCD_Scroll.c...
linking...
Program Size: Code=6040 RO-data=6608 RW-data=32 ZI-data=8816  
"project4.axf" - 0 Error(s), 1 Warning(s).
Load "N:\\MTE241\\Project 4\\project4.AXF" 
Erase Done.
Programming Done.
Verify OK.
Rebuild target 'Target 1'
assembling startup_LPC17xx.s...
compiling system_LPC17xx.c...
compiling GLCD_SPI_LPC1700.c...
compiling main.c...
main.c(94): warning:  #1-D: last line of file ends without a newline
compiling Retarget.c...
compiling GLCD_Scroll.c...
linking...
Program Size: Code=6040 RO-data=6608 RW-data=32 ZI-data=8816  
"project4.axf" - 0 Error(s), 1 Warning(s).
Load "N:\\MTE241\\Project 4\\project4.AXF" 
Erase Done.
Programming Done.
Verify OK.
Rebuild target 'Target 1'
assembling startup_LPC17xx.s...
compiling system_LPC17xx.c...
compiling GLCD_SPI_LPC1700.c...
compiling main.c...
main.c(95): warning:  #1-D: last line of file ends without a newline
compiling Retarget.c...
compiling GLCD_Scroll.c...
linking...
Program Size: Code=6040 RO-data=6608 RW-data=32 ZI-data=8816  
"project4.axf" - 0 Error(s), 1 Warning(s).
Rebuild target 'Target 1'
assembling startup_LPC17xx.s...
compiling system_LPC17xx.c...
compiling GLCD_SPI_LPC1700.c...
compiling main.c...
main.c(49): error:  #101: "x0" has already been declared in the current scope
main.c(49): error:  #101: "y0" has already been declared in the current scope
main.c(95): warning:  #1-D: last line of file ends without a newline
compiling Retarget.c...
compiling GLCD_Scroll.c...
Target not created
Rebuild target 'Target 1'
assembling startup_LPC17xx.s...
compiling system_LPC17xx.c...
compiling GLCD_SPI_LPC1700.c...
compiling main.c...
main.c(95): warning:  #1-D: last line of file ends without a newline
compiling Retarget.c...
compiling GLCD_Scroll.c...
linking...
Program Size: Code=6040 RO-data=6608 RW-data=32 ZI-data=8816  
"project4.axf" - 0 Error(s), 1 Warning(s).
Load "N:\\MTE241\\Project 4\\project4.AXF" 
Erase Done.
Programming Done.
Verify OK.
Rebuild target 'Target 1'
assembling startup_LPC17xx.s...
compiling system_LPC17xx.c...
compiling GLCD_SPI_LPC1700.c...
compiling main.c...
main.c(95): warning:  #1-D: last line of file ends without a newline
compiling Retarget.c...
compiling GLCD_Scroll.c...
linking...
Program Size: Code=6040 RO-data=6608 RW-data=32 ZI-data=8816  
"project4.axf" - 0 Error(s), 1 Warning(s).
Load "N:\\MTE241\\Project 4\\project4.AXF" 
Erase Done.
Programming Done.
Verify OK.
Rebuild target 'Target 1'
assembling startup_LPC17xx.s...
compiling system_LPC17xx.c...
compiling GLCD_SPI_LPC1700.c...
compiling main.c...
main.c(95): warning:  #1-D: last line of file ends without a newline
compiling Retarget.c...
compiling GLCD_Scroll.c...
linking...
Program Size: Code=6032 RO-data=6608 RW-data=32 ZI-data=8816  
"project4.axf" - 0 Error(s), 1 Warning(s).
Load "N:\\MTE241\\Project 4\\project4.AXF" 
Erase Done.
Programming Done.
Verify OK.
Rebuild target 'Target 1'
assembling startup_LPC17xx.s...
compiling system_LPC17xx.c...
compiling GLCD_SPI_LPC1700.c...
compiling main.c...
main.c(97): warning:  #1-D: last line of file ends without a newline
compiling Retarget.c...
compiling GLCD_Scroll.c...
linking...
Program Size: Code=6032 RO-data=6608 RW-data=32 ZI-data=8816  
"project4.axf" - 0 Error(s), 1 Warning(s).
Load "N:\\MTE241\\Project 4\\project4.AXF" 
Erase Done.
Programming Done.
Verify OK.
Rebuild target 'Target 1'
assembling startup_LPC17xx.s...
compiling system_LPC17xx.c...
compiling GLCD_SPI_LPC1700.c...
compiling main.c...
main.c(97): warning:  #1-D: last line of file ends without a newline
compiling Retarget.c...
compiling GLCD_Scroll.c...
linking...
Program Size: Code=6036 RO-data=6608 RW-data=32 ZI-data=8816  
"project4.axf" - 0 Error(s), 1 Warning(s).
Load "N:\\MTE241\\Project 4\\project4.AXF" 
Erase Done.
Programming Done.
Verify OK.
Rebuild target 'Target 1'
assembling startup_LPC17xx.s...
compiling system_LPC17xx.c...
compiling GLCD_SPI_LPC1700.c...
compiling main.c...
main.c(97): warning:  #1-D: last line of file ends without a newline
compiling Retarget.c...
compiling GLCD_Scroll.c...
linking...
Program Size: Code=6028 RO-data=6608 RW-data=32 ZI-data=8816  
"project4.axf" - 0 Error(s), 1 Warning(s).
Rebuild target 'Target 1'
assembling startup_LPC17xx.s...
compiling system_LPC17xx.c...
compiling GLCD_SPI_LPC1700.c...
compiling main.c...
main.c(97): warning:  #1-D: last line of file ends without a newline
compiling Retarget.c...
compiling GLCD_Scroll.c...
linking...
Program Size: Code=6028 RO-data=6608 RW-data=32 ZI-data=8816  
"project4.axf" - 0 Error(s), 1 Warning(s).
Load "N:\\MTE241\\Project 4\\project4.AXF" 
Erase Done.
Programming Done.
Verify OK.
Rebuild target 'Target 1'
assembling startup_LPC17xx.s...
compiling system_LPC17xx.c...
compiling GLCD_SPI_LPC1700.c...
compiling main.c...
main.c(97): warning:  #1-D: last line of file ends without a newline
compiling Retarget.c...
compiling GLCD_Scroll.c...
linking...
Program Size: Code=6056 RO-data=6608 RW-data=32 ZI-data=8816  
"project4.axf" - 0 Error(s), 1 Warning(s).
Load "N:\\MTE241\\Project 4\\project4.AXF" 
Erase Done.
Programming Done.
Verify OK.
Rebuild target 'Target 1'
assembling startup_LPC17xx.s...
compiling system_LPC17xx.c...
compiling GLCD_SPI_LPC1700.c...
compiling main.c...
main.c(47): error:  #28: expression must have a constant value
main.c(47): error:  #28: expression must have a constant value
main.c(48): error:  #28: expression must have a constant value
main.c(49): error:  #101: "radius" has already been declared in the current scope
main.c(94): error:  #165: too few arguments in function call
main.c(97): warning:  #1-D: last line of file ends without a newline
compiling Retarget.c...
compiling GLCD_Scroll.c...
Target not created
Rebuild target 'Target 1'
assembling startup_LPC17xx.s...
compiling system_LPC17xx.c...
compiling GLCD_SPI_LPC1700.c...
compiling main.c...
main.c(97): warning:  #1-D: last line of file ends without a newline
compiling Retarget.c...
compiling GLCD_Scroll.c...
linking...
Program Size: Code=6056 RO-data=6608 RW-data=32 ZI-data=8816  
"project4.axf" - 0 Error(s), 1 Warning(s).
Load "N:\\MTE241\\Project 4\\project4.AXF" 
Erase Done.
Programming Done.
Verify OK.
Rebuild target 'Target 1'
assembling startup_LPC17xx.s...
compiling system_LPC17xx.c...
compiling GLCD_SPI_LPC1700.c...
compiling main.c...
main.c(47): error:  #98: an array may not have elements of this type
main.c(47): error:  #70: incomplete type is not allowed
main.c(48): error:  #70: incomplete type is not allowed
main.c(97): warning:  #1-D: last line of file ends without a newline
compiling Retarget.c...
compiling GLCD_Scroll.c...
Target not created
Rebuild target 'Target 1'
assembling startup_LPC17xx.s...
compiling system_LPC17xx.c...
compiling GLCD_SPI_LPC1700.c...
compiling main.c...
main.c(97): warning:  #1-D: last line of file ends without a newline
compiling Retarget.c...
compiling GLCD_Scroll.c...
linking...
Program Size: Code=6056 RO-data=6608 RW-data=32 ZI-data=8816  
"project4.axf" - 0 Error(s), 1 Warning(s).
Load "N:\\MTE241\\Project 4\\project4.AXF" 
Erase Done.
Programming Done.
Verify OK.
Rebuild target 'Target 1'
assembling startup_LPC17xx.s...
compiling system_LPC17xx.c...
compiling GLCD_SPI_LPC1700.c...
compiling main.c...
main.c(98): warning:  #1-D: last line of file ends without a newline
compiling Retarget.c...
compiling GLCD_Scroll.c...
linking...
Program Size: Code=5856 RO-data=6508 RW-data=32 ZI-data=8816  
"project4.axf" - 0 Error(s), 1 Warning(s).
Load "N:\\MTE241\\Project 4\\project4.AXF" 
Erase Done.
Programming Done.
Verify OK.
Rebuild target 'Target 1'
assembling startup_LPC17xx.s...
compiling system_LPC17xx.c...
compiling GLCD_SPI_LPC1700.c...
compiling main.c...
main.c(61): error:  #167: argument of type "unsigned short *" is incompatible with parameter of type "unsigned short (*)[50]"
main.c(62): error:  #167: argument of type "unsigned short *" is incompatible with parameter of type "unsigned short (*)[50]"
main.c(76): error:  #167: argument of type "unsigned short *" is incompatible with parameter of type "unsigned short (*)[50]"
main.c(77): error:  #167: argument of type "unsigned short *" is incompatible with parameter of type "unsigned short (*)[50]"
main.c(78): error:  #167: argument of type "unsigned short *" is incompatible with parameter of type "unsigned short (*)[50]"
main.c(79): error:  #167: argument of type "unsigned short *" is incompatible with parameter of type "unsigned short (*)[50]"
main.c(81): error:  #167: argument of type "unsigned short *" is incompatible with parameter of type "unsigned short (*)[50]"
main.c(98): warning:  #1-D: last line of file ends without a newline
compiling Retarget.c...
compiling GLCD_Scroll.c...
Target not created
Rebuild target 'Target 1'
assembling startup_LPC17xx.s...
compiling system_LPC17xx.c...
compiling GLCD_SPI_LPC1700.c...
compiling main.c...
main.c(18): error:  #142: expression must have pointer-to-object type
main.c(35): error:  #142: expression must have pointer-to-object type
main.c(36): error:  #142: expression must have pointer-to-object type
main.c(98): warning:  #1-D: last line of file ends without a newline
compiling Retarget.c...
compiling GLCD_Scroll.c...
Target not created
Rebuild target 'Target 1'
assembling startup_LPC17xx.s...
compiling system_LPC17xx.c...
compiling GLCD_SPI_LPC1700.c...
compiling main.c...
main.c(18): error:  #142: expression must have pointer-to-object type
main.c(35): error:  #142: expression must have pointer-to-object type
main.c(36): error:  #142: expression must have pointer-to-object type
main.c(98): warning:  #1-D: last line of file ends without a newline
compiling Retarget.c...
compiling GLCD_Scroll.c...
Target not created
Rebuild target 'Target 1'
assembling startup_LPC17xx.s...
compiling system_LPC17xx.c...
compiling GLCD_SPI_LPC1700.c...
compiling main.c...
main.c(18): error:  #142: expression must have pointer-to-object type
main.c(35): error:  #142: expression must have pointer-to-object type
main.c(36): error:  #142: expression must have pointer-to-object type
main.c(61): error:  #167: argument of type "unsigned short **" is incompatible with parameter of type "unsigned short *"
main.c(62): error:  #167: argument of type "unsigned short **" is incompatible with parameter of type "unsigned short *"
main.c(76): error:  #167: argument of type "unsigned short **" is incompatible with parameter of type "unsigned short *"
main.c(77): error:  #167: argument of type "unsigned short **" is incompatible with parameter of type "unsigned short *"
main.c(78): error:  #167: argument of type "unsigned short **" is incompatible with parameter of type "unsigned short *"
main.c(79): error:  #167: argument of type "unsigned short **" is incompatible with parameter of type "unsigned short *"
main.c(98): warning:  #1-D: last line of file ends without a newline
compiling Retarget.c...
compiling GLCD_Scroll.c...
Target not created
Rebuild target 'Target 1'
assembling startup_LPC17xx.s...
compiling system_LPC17xx.c...
compiling GLCD_SPI_LPC1700.c...
compiling main.c...
main.c(18): error:  #142: expression must have pointer-to-object type
main.c(35): error:  #142: expression must have pointer-to-object type
main.c(36): error:  #142: expression must have pointer-to-object type
main.c(98): warning:  #1-D: last line of file ends without a newline
compiling Retarget.c...
compiling GLCD_Scroll.c...
Target not created
Load "N:\\MTE241\\Project 4\\project4.AXF" 
_____^
*** error 56: cannot open file
Rebuild target 'Target 1'
assembling startup_LPC17xx.s...
compiling system_LPC17xx.c...
compiling GLCD_SPI_LPC1700.c...
compiling main.c...
main.c(18): error:  #142: expression must have pointer-to-object type
main.c(35): error:  #142: expression must have pointer-to-object type
main.c(36): error:  #142: expression must have pointer-to-object type
main.c(98): warning:  #1-D: last line of file ends without a newline
compiling Retarget.c...
compiling GLCD_Scroll.c...
Target not created
Rebuild target 'Target 1'
assembling startup_LPC17xx.s...
compiling system_LPC17xx.c...
compiling GLCD_SPI_LPC1700.c...
compiling main.c...
main.c(18): error:  #142: expression must have pointer-to-object type
main.c(35): error:  #142: expression must have pointer-to-object type
main.c(36): error:  #142: expression must have pointer-to-object type
main.c(61): error:  #167: argument of type "unsigned short *" is incompatible with parameter of type "unsigned short"
main.c(62): error:  #167: argument of type "unsigned short *" is incompatible with parameter of type "unsigned short"
main.c(76): error:  #167: argument of type "unsigned short *" is incompatible with parameter of type "unsigned short"
main.c(77): error:  #167: argument of type "unsigned short *" is incompatible with parameter of type "unsigned short"
main.c(78): error:  #167: argument of type "unsigned short *" is incompatible with parameter of type "unsigned short"
main.c(79): error:  #167: argument of type "unsigned short *" is incompatible with parameter of type "unsigned short"
main.c(98): warning:  #1-D: last line of file ends without a newline
compiling Retarget.c...
compiling GLCD_Scroll.c...
Target not created
Rebuild target 'Target 1'
assembling startup_LPC17xx.s...
compiling system_LPC17xx.c...
compiling GLCD_SPI_LPC1700.c...
compiling main.c...
main.c(18): error:  #142: expression must have pointer-to-object type
main.c(35): error:  #142: expression must have pointer-to-object type
main.c(36): error:  #142: expression must have pointer-to-object type
main.c(61): error:  #167: argument of type "unsigned short *" is incompatible with parameter of type "unsigned short"
main.c(62): error:  #167: argument of type "unsigned short *" is incompatible with parameter of type "unsigned short"
main.c(77): error:  #167: argument of type "unsigned short *" is incompatible with parameter of type "unsigned short"
main.c(78): error:  #167: argument of type "unsigned short *" is incompatible with parameter of type "unsigned short"
main.c(79): error:  #167: argument of type "unsigned short *" is incompatible with parameter of type "unsigned short"
main.c(98): warning:  #1-D: last line of file ends without a newline
compiling Retarget.c...
compiling GLCD_Scroll.c...
Target not created
Rebuild target 'Target 1'
assembling startup_LPC17xx.s...
compiling system_LPC17xx.c...
compiling GLCD_SPI_LPC1700.c...
compiling main.c...
main.c(18): error:  #142: expression must have pointer-to-object type
main.c(35): error:  #142: expression must have pointer-to-object type
main.c(36): error:  #142: expression must have pointer-to-object type
main.c(81): error:  #167: argument of type "unsigned short" is incompatible with parameter of type "unsigned short *"
main.c(98): warning:  #1-D: last line of file ends without a newline
compiling Retarget.c...
compiling GLCD_Scroll.c...
Target not created
Rebuild target 'Target 1'
assembling startup_LPC17xx.s...
compiling system_LPC17xx.c...
compiling GLCD_SPI_LPC1700.c...
compiling main.c...
main.c(18): error:  #142: expression must have pointer-to-object type
main.c(35): error:  #142: expression must have pointer-to-object type
main.c(36): error:  #142: expression must have pointer-to-object type
main.c(61): error:  #167: argument of type "unsigned short" is incompatible with parameter of type "unsigned short *"
main.c(62): error:  #167: argument of type "unsigned short" is incompatible with parameter of type "unsigned short *"
main.c(76): error:  #167: argument of type "unsigned short" is incompatible with parameter of type "unsigned short *"
main.c(77): error:  #167: argument of type "unsigned short" is incompatible with parameter of type "unsigned short *"
main.c(78): error:  #167: argument of type "unsigned short" is incompatible with parameter of type "unsigned short *"
main.c(79): error:  #167: argument of type "unsigned short" is incompatible with parameter of type "unsigned short *"
main.c(81): error:  #167: argument of type "unsigned short" is incompatible with parameter of type "unsigned short *"
main.c(98): warning:  #1-D: last line of file ends without a newline
compiling Retarget.c...
compiling GLCD_Scroll.c...
Target not created
Rebuild target 'Target 1'
assembling startup_LPC17xx.s...
compiling system_LPC17xx.c...
compiling GLCD_SPI_LPC1700.c...
compiling main.c...
main.c(18): error:  #142: expression must have pointer-to-object type
main.c(35): error:  #142: expression must have pointer-to-object type
main.c(36): error:  #142: expression must have pointer-to-object type
main.c(98): warning:  #1-D: last line of file ends without a newline
compiling Retarget.c...
compiling GLCD_Scroll.c...
Target not created
Rebuild target 'Target 1'
assembling startup_LPC17xx.s...
compiling system_LPC17xx.c...
compiling GLCD_SPI_LPC1700.c...
compiling main.c...
main.c(18): error:  #142: expression must have pointer-to-object type
main.c(35): error:  #142: expression must have pointer-to-object type
main.c(36): error:  #142: expression must have pointer-to-object type
main.c(98): warning:  #1-D: last line of file ends without a newline
compiling Retarget.c...
compiling GLCD_Scroll.c...
Target not created
Rebuild target 'Target 1'
assembling startup_LPC17xx.s...
compiling system_LPC17xx.c...
compiling GLCD_SPI_LPC1700.c...
compiling main.c...
main.c(61): error:  #167: argument of type "unsigned short *" is incompatible with parameter of type "unsigned short **"
main.c(62): error:  #167: argument of type "unsigned short *" is incompatible with parameter of type "unsigned short **"
main.c(76): error:  #167: argument of type "unsigned short *" is incompatible with parameter of type "unsigned short **"
main.c(77): error:  #167: argument of type "unsigned short *" is incompatible with parameter of type "unsigned short **"
main.c(78): error:  #167: argument of type "unsigned short *" is incompatible with parameter of type "unsigned short **"
main.c(79): error:  #167: argument of type "unsigned short *" is incompatible with parameter of type "unsigned short **"
main.c(81): error:  #167: argument of type "unsigned short *" is incompatible with parameter of type "unsigned short **"
main.c(98): warning:  #1-D: last line of file ends without a newline
compiling Retarget.c...
compiling GLCD_Scroll.c...
Target not created
Rebuild target 'Target 1'
assembling startup_LPC17xx.s...
compiling system_LPC17xx.c...
compiling GLCD_SPI_LPC1700.c...
compiling main.c...
main.c(18): error:  #142: expression must have pointer-to-object type
main.c(35): error:  #142: expression must have pointer-to-object type
main.c(36): error:  #142: expression must have pointer-to-object type
main.c(100): warning:  #1-D: last line of file ends without a newline
compiling Retarget.c...
compiling GLCD_Scroll.c...
Target not created
Rebuild target 'Target 1'
assembling startup_LPC17xx.s...
compiling system_LPC17xx.c...
compiling GLCD_SPI_LPC1700.c...
compiling main.c...
main.c(97): warning:  #1-D: last line of file ends without a newline
compiling Retarget.c...
compiling GLCD_Scroll.c...
linking...
Program Size: Code=6056 RO-data=6608 RW-data=32 ZI-data=8816  
"project4.axf" - 0 Error(s), 1 Warning(s).
Load "N:\\MTE241\\Project 4\\project4.AXF" 
Erase Done.
Programming Done.
Verify OK.
Rebuild target 'Target 1'
assembling startup_LPC17xx.s...
compiling system_LPC17xx.c...
compiling GLCD_SPI_LPC1700.c...
compiling main.c...
main.c(100): warning:  #1-D: last line of file ends without a newline
compiling Retarget.c...
compiling GLCD_Scroll.c...
linking...
Program Size: Code=6368 RO-data=6508 RW-data=32 ZI-data=8816  
"project4.axf" - 0 Error(s), 1 Warning(s).
Rebuild target 'Target 1'
assembling startup_LPC17xx.s...
compiling system_LPC17xx.c...
compiling GLCD_SPI_LPC1700.c...
compiling main.c...
main.c(100): warning:  #1-D: last line of file ends without a newline
compiling Retarget.c...
compiling GLCD_Scroll.c...
linking...
Program Size: Code=6368 RO-data=6508 RW-data=32 ZI-data=8816  
"project4.axf" - 0 Error(s), 1 Warning(s).
Load "N:\\MTE241\\Project 4\\project4.AXF" 
Erase Done.
Programming Done.
Verify OK.
Rebuild target 'Target 1'
assembling startup_LPC17xx.s...
compiling system_LPC17xx.c...
compiling GLCD_SPI_LPC1700.c...
compiling main.c...
main.c(100): warning:  #1-D: last line of file ends without a newline
compiling Retarget.c...
compiling GLCD_Scroll.c...
linking...
Program Size: Code=6368 RO-data=6508 RW-data=32 ZI-data=8816  
"project4.axf" - 0 Error(s), 1 Warning(s).
Load "N:\\MTE241\\Project 4\\project4.AXF" 
Erase Done.
Programming Done.
Verify OK.
Rebuild target 'Target 1'
assembling startup_LPC17xx.s...
compiling system_LPC17xx.c...
compiling GLCD_SPI_LPC1700.c...
compiling main.c...
main.c(100): warning:  #1-D: last line of file ends without a newline
compiling Retarget.c...
compiling GLCD_Scroll.c...
linking...
Program Size: Code=6368 RO-data=6508 RW-data=32 ZI-data=8816  
"project4.axf" - 0 Error(s), 1 Warning(s).
Load "N:\\MTE241\\Project 4\\project4.AXF" 
Erase Done.
Programming Done.
Verify OK.
Rebuild target 'Target 1'
assembling startup_LPC17xx.s...
compiling system_LPC17xx.c...
compiling GLCD_SPI_LPC1700.c...
compiling main.c...
main.c(100): warning:  #1-D: last line of file ends without a newline
compiling Retarget.c...
compiling GLCD_Scroll.c...
linking...
Program Size: Code=6368 RO-data=6508 RW-data=32 ZI-data=8816  
"project4.axf" - 0 Error(s), 1 Warning(s).
Rebuild target 'Target 1'
assembling startup_LPC17xx.s...
compiling system_LPC17xx.c...
compiling GLCD_SPI_LPC1700.c...
compiling main.c...
main.c(52): error:  #513: a value of type "unsigned short *" cannot be assigned to an entity of type "unsigned short **"
main.c(100): warning:  #1-D: last line of file ends without a newline
compiling Retarget.c...
compiling GLCD_Scroll.c...
Target not created
Rebuild target 'Target 1'
assembling startup_LPC17xx.s...
compiling system_LPC17xx.c...
compiling GLCD_SPI_LPC1700.c...
compiling main.c...
main.c(100): warning:  #1-D: last line of file ends without a newline
compiling Retarget.c...
compiling GLCD_Scroll.c...
linking...
Program Size: Code=6368 RO-data=6508 RW-data=32 ZI-data=8816  
"project4.axf" - 0 Error(s), 1 Warning(s).
Load "N:\\MTE241\\Project 4\\project4.AXF" 
Erase Done.
Programming Done.
Verify OK.
Rebuild target 'Target 1'
assembling startup_LPC17xx.s...
compiling system_LPC17xx.c...
compiling GLCD_SPI_LPC1700.c...
compiling main.c...
main.c(18): error:  #142: expression must have pointer-to-object type
main.c(35): error:  #142: expression must have pointer-to-object type
main.c(36): error:  #142: expression must have pointer-to-object type
main.c(63): error:  #167: argument of type "unsigned short **" is incompatible with parameter of type "unsigned short *"
main.c(64): error:  #167: argument of type "unsigned short **" is incompatible with parameter of type "unsigned short *"
main.c(78): error:  #167: argument of type "unsigned short **" is incompatible with parameter of type "unsigned short *"
main.c(79): error:  #167: argument of type "unsigned short **" is incompatible with parameter of type "unsigned short *"
main.c(80): error:  #167: argument of type "unsigned short **" is incompatible with parameter of type "unsigned short *"
main.c(81): error:  #167: argument of type "unsigned short **" is incompatible with parameter of type "unsigned short *"
main.c(83): error:  #167: argument of type "unsigned short **" is incompatible with parameter of type "unsigned short *"
main.c(100): warning:  #1-D: last line of file ends without a newline
compiling Retarget.c...
compiling GLCD_Scroll.c...
Target not created
Rebuild target 'Target 1'
assembling startup_LPC17xx.s...
compiling system_LPC17xx.c...
compiling GLCD_SPI_LPC1700.c...
compiling main.c...
main.c(100): warning:  #1-D: last line of file ends without a newline
compiling Retarget.c...
compiling GLCD_Scroll.c...
linking...
Program Size: Code=6368 RO-data=6508 RW-data=32 ZI-data=8816  
"project4.axf" - 0 Error(s), 1 Warning(s).
Rebuild target 'Target 1'
assembling startup_LPC17xx.s...
compiling system_LPC17xx.c...
compiling GLCD_SPI_LPC1700.c...
compiling main.c...
main.c(53): error:  #20: identifier "i" is undefined
main.c(104): warning:  #1-D: last line of file ends without a newline
compiling Retarget.c...
compiling GLCD_Scroll.c...
Target not created
Rebuild target 'Target 1'
assembling startup_LPC17xx.s...
compiling system_LPC17xx.c...
compiling GLCD_SPI_LPC1700.c...
compiling main.c...
main.c(104): warning:  #1-D: last line of file ends without a newline
compiling Retarget.c...
compiling GLCD_Scroll.c...
linking...
Program Size: Code=6392 RO-data=6508 RW-data=32 ZI-data=8816  
"project4.axf" - 0 Error(s), 1 Warning(s).
Load "N:\\MTE241\\Project 4\\project4.AXF" 
Erase Done.
Programming Done.
Verify OK.
Rebuild target 'Target 1'
assembling startup_LPC17xx.s...
compiling system_LPC17xx.c...
compiling GLCD_SPI_LPC1700.c...
compiling main.c...
main.c(104): warning:  #1-D: last line of file ends without a newline
compiling Retarget.c...
compiling GLCD_Scroll.c...
linking...
Program Size: Code=6392 RO-data=6508 RW-data=32 ZI-data=8816  
"project4.axf" - 0 Error(s), 1 Warning(s).
Load "N:\\MTE241\\Project 4\\project4.AXF" 
Erase Done.
Programming Done.
Verify OK.
