<html>
<body>
<pre>
<h1>µVision Build Log</h1>
<h2>Project:</h2>
N:\MTE241\Project 4\project4.uvproj
Project File Date:  11/12/2014

<h2>Output:</h2>
Rebuild target 'Target 1'
assembling startup_LPC17xx.s...
compiling system_LPC17xx.c...
compiling GLCD_SPI_LPC1700.c...
compiling main.c...
main.c(97): warning:  #1-D: last line of file ends without a newline
compiling Retarget.c...
compiling GLCD_Scroll.c...
linking...
Program Size: Code=6056 RO-data=6608 RW-data=32 ZI-data=8816  
"project4.axf" - 0 Error(s), 1 Warning(s).
Load "N:\\MTE241\\Project 4\\project4.AXF" 
Erase Done.
Programming Done.
Verify OK.
Rebuild target 'Target 1'
assembling startup_LPC17xx.s...
compiling system_LPC17xx.c...
compiling GLCD_SPI_LPC1700.c...
compiling main.c...
main.c(97): warning:  #1-D: last line of file ends without a newline
compiling Retarget.c...
compiling GLCD_Scroll.c...
linking...
Program Size: Code=6056 RO-data=6608 RW-data=32 ZI-data=8816  
"project4.axf" - 0 Error(s), 1 Warning(s).
Load "N:\\MTE241\\Project 4\\project4.AXF" 
Erase Done.
Programming Done.
Verify OK.
Rebuild target 'Target 1'
assembling startup_LPC17xx.s...
compiling system_LPC17xx.c...
compiling GLCD_SPI_LPC1700.c...
compiling main.c...
main.c(97): warning:  #1-D: last line of file ends without a newline
compiling Retarget.c...
compiling GLCD_Scroll.c...
linking...
Program Size: Code=6068 RO-data=6608 RW-data=32 ZI-data=8816  
"project4.axf" - 0 Error(s), 1 Warning(s).
Load "N:\\MTE241\\Project 4\\project4.AXF" 
Erase Done.
Programming Done.
Verify OK.
Rebuild target 'Target 1'
assembling startup_LPC17xx.s...
compiling system_LPC17xx.c...
compiling GLCD_SPI_LPC1700.c...
compiling main.c...
main.c(97): warning:  #1-D: last line of file ends without a newline
compiling Retarget.c...
compiling GLCD_Scroll.c...
linking...
Program Size: Code=6056 RO-data=6644 RW-data=32 ZI-data=8816  
"project4.axf" - 0 Error(s), 1 Warning(s).
Load "N:\\MTE241\\Project 4\\project4.AXF" 
Erase Done.
Programming Done.
Verify OK.
Rebuild target 'Target 1'
assembling startup_LPC17xx.s...
compiling system_LPC17xx.c...
compiling GLCD_SPI_LPC1700.c...
compiling main.c...
main.c(97): warning:  #1-D: last line of file ends without a newline
compiling Retarget.c...
compiling GLCD_Scroll.c...
linking...
Program Size: Code=6040 RO-data=6556 RW-data=32 ZI-data=8816  
"project4.axf" - 0 Error(s), 1 Warning(s).
Load "N:\\MTE241\\Project 4\\project4.AXF" 
Erase Done.
Programming Done.
Verify OK.
Rebuild target 'Target 1'
assembling startup_LPC17xx.s...
compiling system_LPC17xx.c...
compiling GLCD_SPI_LPC1700.c...
compiling main.c...
main.c(97): warning:  #1-D: last line of file ends without a newline
compiling Retarget.c...
compiling GLCD_Scroll.c...
linking...
Program Size: Code=6044 RO-data=6636 RW-data=32 ZI-data=8816  
"project4.axf" - 0 Error(s), 1 Warning(s).
Load "N:\\MTE241\\Project 4\\project4.AXF" 
Erase Done.
Programming Done.
Verify OK.
Rebuild target 'Target 1'
assembling startup_LPC17xx.s...
compiling system_LPC17xx.c...
compiling GLCD_SPI_LPC1700.c...
compiling main.c...
main.c(97): warning:  #1-D: last line of file ends without a newline
compiling Retarget.c...
compiling GLCD_Scroll.c...
linking...
Program Size: Code=6044 RO-data=6636 RW-data=32 ZI-data=8816  
"project4.axf" - 0 Error(s), 1 Warning(s).
Load "N:\\MTE241\\Project 4\\project4.AXF" 
Erase Done.
Programming Done.
Verify OK.
Rebuild target 'Target 1'
assembling startup_LPC17xx.s...
compiling system_LPC17xx.c...
compiling GLCD_SPI_LPC1700.c...
compiling main.c...
main.c(47): warning:  #177-D: variable "circle" was declared but never referenced
main.c(111): warning:  #1-D: last line of file ends without a newline
compiling Retarget.c...
compiling GLCD_Scroll.c...
linking...
Program Size: Code=6188 RO-data=6608 RW-data=32 ZI-data=8816  
"project4.axf" - 0 Error(s), 2 Warning(s).
Load "N:\\MTE241\\Project 4\\project4.AXF" 
Erase Done.
Programming Done.
Verify OK.
Rebuild target 'Target 1'
assembling startup_LPC17xx.s...
compiling system_LPC17xx.c...
compiling GLCD_SPI_LPC1700.c...
compiling main.c...
main.c(48): warning:  #520-D: initialization with "{...}" expected for aggregate object
main.c(47): warning:  #177-D: variable "circle" was declared but never referenced
main.c(111): warning:  #1-D: last line of file ends without a newline
compiling Retarget.c...
compiling GLCD_Scroll.c...
linking...
Program Size: Code=6204 RO-data=6612 RW-data=32 ZI-data=8816  
"project4.axf" - 0 Error(s), 3 Warning(s).
Load "N:\\MTE241\\Project 4\\project4.AXF" 
Erase Done.
Programming Done.
Verify OK.
Rebuild target 'Target 1'
assembling startup_LPC17xx.s...
compiling system_LPC17xx.c...
compiling GLCD_SPI_LPC1700.c...
compiling main.c...
main.c(48): warning:  #520-D: initialization with "{...}" expected for aggregate object
main.c(47): warning:  #177-D: variable "circle" was declared but never referenced
main.c(111): warning:  #1-D: last line of file ends without a newline
compiling Retarget.c...
compiling GLCD_Scroll.c...
linking...
Program Size: Code=6228 RO-data=6612 RW-data=32 ZI-data=8816  
"project4.axf" - 0 Error(s), 3 Warning(s).
Load "N:\\MTE241\\Project 4\\project4.AXF" 
Erase Done.
Programming Done.
Verify OK.
Rebuild target 'Target 1'
assembling startup_LPC17xx.s...
compiling system_LPC17xx.c...
compiling GLCD_SPI_LPC1700.c...
compiling main.c...
main.c(48): warning:  #520-D: initialization with "{...}" expected for aggregate object
main.c(47): warning:  #177-D: variable "circle" was declared but never referenced
main.c(111): warning:  #1-D: last line of file ends without a newline
compiling Retarget.c...
compiling GLCD_Scroll.c...
linking...
Program Size: Code=6228 RO-data=6612 RW-data=32 ZI-data=8816  
"project4.axf" - 0 Error(s), 3 Warning(s).
Load "N:\\MTE241\\Project 4\\project4.AXF" 
Erase Done.
Programming Done.
Verify OK.
Rebuild target 'Target 1'
assembling startup_LPC17xx.s...
compiling system_LPC17xx.c...
compiling GLCD_SPI_LPC1700.c...
compiling main.c...
main.c(48): warning:  #520-D: initialization with "{...}" expected for aggregate object
main.c(95): error:  #20: identifier "i" is undefined
main.c(47): warning:  #177-D: variable "circle" was declared but never referenced
main.c(117): warning:  #1-D: last line of file ends without a newline
compiling Retarget.c...
compiling GLCD_Scroll.c...
Target not created
Rebuild target 'Target 1'
assembling startup_LPC17xx.s...
compiling system_LPC17xx.c...
compiling GLCD_SPI_LPC1700.c...
compiling main.c...
main.c(48): warning:  #520-D: initialization with "{...}" expected for aggregate object
main.c(47): warning:  #177-D: variable "circle" was declared but never referenced
main.c(117): warning:  #1-D: last line of file ends without a newline
compiling Retarget.c...
compiling GLCD_Scroll.c...
linking...
Program Size: Code=6284 RO-data=6612 RW-data=32 ZI-data=8816  
"project4.axf" - 0 Error(s), 3 Warning(s).
Load "N:\\MTE241\\Project 4\\project4.AXF" 
Erase Done.
Programming Done.
Verify OK.
Rebuild target 'Target 1'
assembling startup_LPC17xx.s...
compiling system_LPC17xx.c...
compiling GLCD_SPI_LPC1700.c...
compiling main.c...
main.c(48): warning:  #520-D: initialization with "{...}" expected for aggregate object
main.c(47): warning:  #177-D: variable "circle" was declared but never referenced
main.c(122): warning:  #1-D: last line of file ends without a newline
compiling Retarget.c...
compiling GLCD_Scroll.c...
linking...
Program Size: Code=6336 RO-data=6612 RW-data=32 ZI-data=8816  
"project4.axf" - 0 Error(s), 3 Warning(s).
Load "N:\\MTE241\\Project 4\\project4.AXF" 
Erase Done.
Programming Done.
Verify OK.
Rebuild target 'Target 1'
assembling startup_LPC17xx.s...
compiling system_LPC17xx.c...
compiling GLCD_SPI_LPC1700.c...
compiling main.c...
main.c(48): warning:  #520-D: initialization with "{...}" expected for aggregate object
main.c(47): warning:  #177-D: variable "circle" was declared but never referenced
main.c(143): warning:  #1-D: last line of file ends without a newline
compiling Retarget.c...
compiling GLCD_Scroll.c...
linking...
Program Size: Code=6492 RO-data=6612 RW-data=32 ZI-data=8816  
"project4.axf" - 0 Error(s), 3 Warning(s).
Load "N:\\MTE241\\Project 4\\project4.AXF" 
Erase Done.
Programming Done.
Verify OK.
Rebuild target 'Target 1'
assembling startup_LPC17xx.s...
compiling system_LPC17xx.c...
compiling GLCD_SPI_LPC1700.c...
compiling main.c...
main.c(48): warning:  #520-D: initialization with "{...}" expected for aggregate object
main.c(47): warning:  #177-D: variable "circle" was declared but never referenced
main.c(150): warning:  #1-D: last line of file ends without a newline
compiling Retarget.c...
compiling GLCD_Scroll.c...
linking...
Program Size: Code=6540 RO-data=6612 RW-data=32 ZI-data=8816  
"project4.axf" - 0 Error(s), 3 Warning(s).
Load "N:\\MTE241\\Project 4\\project4.AXF" 
Erase Done.
Programming Done.
Verify OK.
Rebuild target 'Target 1'
assembling startup_LPC17xx.s...
compiling system_LPC17xx.c...
compiling GLCD_SPI_LPC1700.c...
compiling main.c...
main.c(48): warning:  #520-D: initialization with "{...}" expected for aggregate object
main.c(47): warning:  #177-D: variable "circle" was declared but never referenced
main.c(150): warning:  #1-D: last line of file ends without a newline
compiling Retarget.c...
compiling GLCD_Scroll.c...
linking...
Program Size: Code=6540 RO-data=6612 RW-data=32 ZI-data=8816  
"project4.axf" - 0 Error(s), 3 Warning(s).
Load "N:\\MTE241\\Project 4\\project4.AXF" 
Erase Done.
Programming Done.
Verify OK.
Rebuild target 'Target 1'
assembling startup_LPC17xx.s...
compiling system_LPC17xx.c...
compiling GLCD_SPI_LPC1700.c...
compiling main.c...
main.c(48): warning:  #520-D: initialization with "{...}" expected for aggregate object
main.c(47): warning:  #177-D: variable "circle" was declared but never referenced
main.c(150): warning:  #1-D: last line of file ends without a newline
compiling Retarget.c...
compiling GLCD_Scroll.c...
linking...
Program Size: Code=6540 RO-data=6612 RW-data=32 ZI-data=8816  
"project4.axf" - 0 Error(s), 3 Warning(s).
Rebuild target 'Target 1'
assembling startup_LPC17xx.s...
compiling system_LPC17xx.c...
compiling GLCD_SPI_LPC1700.c...
compiling main.c...
main.c(48): warning:  #520-D: initialization with "{...}" expected for aggregate object
main.c(47): warning:  #177-D: variable "circle" was declared but never referenced
main.c(150): warning:  #1-D: last line of file ends without a newline
compiling Retarget.c...
compiling GLCD_Scroll.c...
linking...
Program Size: Code=6540 RO-data=6612 RW-data=32 ZI-data=8816  
"project4.axf" - 0 Error(s), 3 Warning(s).
Load "N:\\MTE241\\Project 4\\project4.AXF" 
Erase Done.
Programming Done.
Verify OK.
Rebuild target 'Target 1'
assembling startup_LPC17xx.s...
compiling system_LPC17xx.c...
compiling GLCD_SPI_LPC1700.c...
compiling main.c...
main.c(146): warning:  #1-D: last line of file ends without a newline
compiling Retarget.c...
compiling GLCD_Scroll.c...
linking...
Program Size: Code=6092 RO-data=6508 RW-data=32 ZI-data=8816  
"project4.axf" - 0 Error(s), 1 Warning(s).
Load "N:\\MTE241\\Project 4\\project4.AXF" 
Erase Done.
Programming Done.
Verify OK.
Rebuild target 'Target 1'
assembling startup_LPC17xx.s...
compiling system_LPC17xx.c...
compiling GLCD_SPI_LPC1700.c...
compiling main.c...
main.c(48): warning:  #520-D: initialization with "{...}" expected for aggregate object
main.c(47): warning:  #177-D: variable "circle" was declared but never referenced
main.c(150): warning:  #1-D: last line of file ends without a newline
compiling Retarget.c...
compiling GLCD_Scroll.c...
linking...
Program Size: Code=6540 RO-data=6612 RW-data=32 ZI-data=8816  
"project4.axf" - 0 Error(s), 3 Warning(s).
Load "N:\\MTE241\\Project 4\\project4.AXF" 
Erase Done.
Programming Done.
Verify OK.
Rebuild target 'Target 1'
assembling startup_LPC17xx.s...
compiling system_LPC17xx.c...
compiling GLCD_SPI_LPC1700.c...
compiling main.c...
main.c(48): warning:  #520-D: initialization with "{...}" expected for aggregate object
main.c(47): warning:  #177-D: variable "circle" was declared but never referenced
main.c(150): warning:  #1-D: last line of file ends without a newline
compiling Retarget.c...
compiling GLCD_Scroll.c...
linking...
Program Size: Code=6540 RO-data=6612 RW-data=32 ZI-data=8816  
"project4.axf" - 0 Error(s), 3 Warning(s).
Load "N:\\MTE241\\Project 4\\project4.AXF" 
Erase Done.
Programming Done.
Verify OK.
Rebuild target 'Target 1'
assembling startup_LPC17xx.s...
compiling system_LPC17xx.c...
compiling GLCD_SPI_LPC1700.c...
compiling main.c...
main.c(48): warning:  #520-D: initialization with "{...}" expected for aggregate object
main.c(47): warning:  #177-D: variable "circle" was declared but never referenced
main.c(150): warning:  #1-D: last line of file ends without a newline
compiling Retarget.c...
compiling GLCD_Scroll.c...
linking...
Program Size: Code=6488 RO-data=6612 RW-data=32 ZI-data=8816  
"project4.axf" - 0 Error(s), 3 Warning(s).
Load "N:\\MTE241\\Project 4\\project4.AXF" 
Erase Done.
Programming Done.
Verify OK.
Rebuild target 'Target 1'
assembling startup_LPC17xx.s...
compiling system_LPC17xx.c...
compiling GLCD_SPI_LPC1700.c...
compiling main.c...
main.c(48): warning:  #520-D: initialization with "{...}" expected for aggregate object
main.c(47): warning:  #177-D: variable "circle" was declared but never referenced
main.c(150): warning:  #1-D: last line of file ends without a newline
compiling Retarget.c...
compiling GLCD_Scroll.c...
linking...
Program Size: Code=6328 RO-data=6612 RW-data=32 ZI-data=8816  
"project4.axf" - 0 Error(s), 3 Warning(s).
Load "N:\\MTE241\\Project 4\\project4.AXF" 
Erase Done.
Programming Done.
Verify OK.
Rebuild target 'Target 1'
assembling startup_LPC17xx.s...
compiling system_LPC17xx.c...
compiling GLCD_SPI_LPC1700.c...
compiling main.c...
main.c(48): warning:  #520-D: initialization with "{...}" expected for aggregate object
main.c(87): error:  #18: expected a ")"
main.c(47): warning:  #177-D: variable "circle" was declared but never referenced
main.c(134): warning:  #1-D: last line of file ends without a newline
compiling Retarget.c...
compiling GLCD_Scroll.c...
Target not created
Rebuild target 'Target 1'
assembling startup_LPC17xx.s...
compiling system_LPC17xx.c...
compiling GLCD_SPI_LPC1700.c...
compiling main.c...
main.c(48): warning:  #520-D: initialization with "{...}" expected for aggregate object
main.c(47): warning:  #177-D: variable "circle" was declared but never referenced
main.c(134): warning:  #1-D: last line of file ends without a newline
compiling Retarget.c...
compiling GLCD_Scroll.c...
linking...
Program Size: Code=6328 RO-data=6612 RW-data=32 ZI-data=8816  
"project4.axf" - 0 Error(s), 3 Warning(s).
Load "N:\\MTE241\\Project 4\\project4.AXF" 
Erase Done.
Programming Done.
Verify OK.
Rebuild target 'Target 1'
assembling startup_LPC17xx.s...
compiling system_LPC17xx.c...
compiling GLCD_SPI_LPC1700.c...
compiling main.c...
main.c(48): warning:  #520-D: initialization with "{...}" expected for aggregate object
main.c(90): error:  #18: expected a ")"
main.c(47): warning:  #177-D: variable "circle" was declared but never referenced
main.c(122): warning:  #1-D: last line of file ends without a newline
compiling Retarget.c...
compiling GLCD_Scroll.c...
Target not created
Rebuild target 'Target 1'
assembling startup_LPC17xx.s...
compiling system_LPC17xx.c...
compiling GLCD_SPI_LPC1700.c...
compiling main.c...
main.c(48): warning:  #520-D: initialization with "{...}" expected for aggregate object
main.c(47): warning:  #177-D: variable "circle" was declared but never referenced
main.c(122): warning:  #1-D: last line of file ends without a newline
compiling Retarget.c...
compiling GLCD_Scroll.c...
linking...
Program Size: Code=6328 RO-data=6612 RW-data=32 ZI-data=8816  
"project4.axf" - 0 Error(s), 3 Warning(s).
Load "N:\\MTE241\\Project 4\\project4.AXF" 
Erase Done.
Programming Done.
Verify OK.
Rebuild target 'Target 1'
assembling startup_LPC17xx.s...
compiling system_LPC17xx.c...
compiling GLCD_SPI_LPC1700.c...
compiling main.c...
main.c(48): warning:  #520-D: initialization with "{...}" expected for aggregate object
main.c(47): warning:  #177-D: variable "circle" was declared but never referenced
main.c(121): warning:  #1-D: last line of file ends without a newline
compiling Retarget.c...
compiling GLCD_Scroll.c...
linking...
Program Size: Code=6324 RO-data=6612 RW-data=32 ZI-data=8816  
"project4.axf" - 0 Error(s), 3 Warning(s).
Load "N:\\MTE241\\Project 4\\project4.AXF" 
Erase Done.
Programming Done.
Verify OK.
Rebuild target 'Target 1'
assembling startup_LPC17xx.s...
compiling system_LPC17xx.c...
compiling GLCD_SPI_LPC1700.c...
compiling main.c...
main.c(48): warning:  #520-D: initialization with "{...}" expected for aggregate object
main.c(47): warning:  #177-D: variable "circle" was declared but never referenced
main.c(121): warning:  #1-D: last line of file ends without a newline
compiling Retarget.c...
compiling GLCD_Scroll.c...
linking...
Program Size: Code=6328 RO-data=6612 RW-data=32 ZI-data=8816  
"project4.axf" - 0 Error(s), 3 Warning(s).
Load "N:\\MTE241\\Project 4\\project4.AXF" 
Erase Done.
Programming Done.
Verify OK.
Rebuild target 'Target 1'
assembling startup_LPC17xx.s...
compiling system_LPC17xx.c...
compiling GLCD_SPI_LPC1700.c...
compiling main.c...
main.c(47): warning:  #520-D: initialization with "{...}" expected for aggregate object
main.c(117): warning:  #1-D: last line of file ends without a newline
compiling Retarget.c...
compiling GLCD_Scroll.c...
linking...
Program Size: Code=6184 RO-data=6512 RW-data=32 ZI-data=8816  
"project4.axf" - 0 Error(s), 2 Warning(s).
Load "N:\\MTE241\\Project 4\\project4.AXF" 
Erase Done.
Programming Done.
Verify OK.
Rebuild target 'Target 1'
assembling startup_LPC17xx.s...
compiling system_LPC17xx.c...
compiling GLCD_SPI_LPC1700.c...
compiling main.c...
main.c(48): warning:  #520-D: initialization with "{...}" expected for aggregate object
main.c(47): warning:  #177-D: variable "circle" was declared but never referenced
main.c(118): warning:  #1-D: last line of file ends without a newline
compiling Retarget.c...
compiling GLCD_Scroll.c...
linking...
Program Size: Code=6328 RO-data=6612 RW-data=32 ZI-data=8816  
"project4.axf" - 0 Error(s), 3 Warning(s).
Load "N:\\MTE241\\Project 4\\project4.AXF" 
Erase Done.
Programming Done.
Verify OK.
Rebuild target 'Target 1'
assembling startup_LPC17xx.s...
compiling system_LPC17xx.c...
compiling GLCD_SPI_LPC1700.c...
compiling main.c...
main.c(47): warning:  #520-D: initialization with "{...}" expected for aggregate object
main.c(117): warning:  #1-D: last line of file ends without a newline
compiling Retarget.c...
compiling GLCD_Scroll.c...
linking...
Program Size: Code=6184 RO-data=6512 RW-data=32 ZI-data=8816  
"project4.axf" - 0 Error(s), 2 Warning(s).
Load "N:\\MTE241\\Project 4\\project4.AXF" 
Erase Done.
Programming Done.
Verify OK.
Rebuild target 'Target 1'
assembling startup_LPC17xx.s...
compiling system_LPC17xx.c...
compiling GLCD_SPI_LPC1700.c...
compiling main.c...
main.c(48): warning:  #520-D: initialization with "{...}" expected for aggregate object
main.c(47): warning:  #177-D: variable "circle" was declared but never referenced
main.c(118): warning:  #1-D: last line of file ends without a newline
compiling Retarget.c...
compiling GLCD_Scroll.c...
linking...
Program Size: Code=6072 RO-data=6612 RW-data=32 ZI-data=8816  
"project4.axf" - 0 Error(s), 3 Warning(s).
Load "N:\\MTE241\\Project 4\\project4.AXF" 
Erase Done.
Programming Done.
Verify OK.
Rebuild target 'Target 1'
assembling startup_LPC17xx.s...
compiling system_LPC17xx.c...
compiling GLCD_SPI_LPC1700.c...
compiling main.c...
main.c(48): warning:  #520-D: initialization with "{...}" expected for aggregate object
main.c(118): warning:  #1-D: last line of file ends without a newline
compiling Retarget.c...
compiling GLCD_Scroll.c...
linking...
Program Size: Code=5928 RO-data=6512 RW-data=32 ZI-data=8816  
"project4.axf" - 0 Error(s), 2 Warning(s).
Load "N:\\MTE241\\Project 4\\project4.AXF" 
Erase Done.
Programming Done.
Verify OK.
Rebuild target 'Target 1'
assembling startup_LPC17xx.s...
compiling system_LPC17xx.c...
compiling GLCD_SPI_LPC1700.c...
compiling main.c...
main.c(48): warning:  #520-D: initialization with "{...}" expected for aggregate object
main.c(118): warning:  #1-D: last line of file ends without a newline
compiling Retarget.c...
compiling GLCD_Scroll.c...
linking...
Program Size: Code=5928 RO-data=6512 RW-data=32 ZI-data=8816  
"project4.axf" - 0 Error(s), 2 Warning(s).
Load "N:\\MTE241\\Project 4\\project4.AXF" 
Erase Done.
Programming Done.
Verify OK.
Build target 'Target 1'
compiling main.c...
main.c(14): warning:  #520-D: initialization with "{...}" expected for aggregate object
main.c(13): warning:  #177-D: variable "circle" was declared but never referenced
main.c(84): warning:  #1-D: last line of file ends without a newline
linking...
Program Size: Code=6072 RO-data=6612 RW-data=32 ZI-data=8816  
"project4.axf" - 0 Error(s), 3 Warning(s).
Load "N:\\MTE241\\Project 4\\project4.AXF" 
Erase Done.
Programming Done.
Verify OK.
Build target 'Target 1'
compiling main.c...
main.c(13): warning:  #177-D: variable "circle" was declared but never referenced
main.c(84): warning:  #1-D: last line of file ends without a newline
linking...
Program Size: Code=6072 RO-data=6612 RW-data=32 ZI-data=8816  
"project4.axf" - 0 Error(s), 2 Warning(s).
Load "N:\\MTE241\\Project 4\\project4.AXF" 
Erase Done.
Programming Done.
Verify OK.
Rebuild target 'Target 1'
assembling startup_LPC17xx.s...
compiling system_LPC17xx.c...
compiling GLCD_SPI_LPC1700.c...
compiling main.c...
main.c(84): warning:  #1-D: last line of file ends without a newline
compiling Retarget.c...
compiling GLCD_Scroll.c...
linking...
Program Size: Code=5928 RO-data=6512 RW-data=32 ZI-data=8816  
"project4.axf" - 0 Error(s), 1 Warning(s).
Load "N:\\MTE241\\Project 4\\project4.AXF" 
Erase Done.
Programming Done.
Verify OK.
Rebuild target 'Target 1'
assembling startup_LPC17xx.s...
compiling system_LPC17xx.c...
compiling GLCD_SPI_LPC1700.c...
compiling main.c...
main.c(13): warning:  #177-D: variable "circle" was declared but never referenced
main.c(84): warning:  #1-D: last line of file ends without a newline
compiling Retarget.c...
compiling GLCD_Scroll.c...
linking...
Program Size: Code=6072 RO-data=6612 RW-data=32 ZI-data=8816  
"project4.axf" - 0 Error(s), 2 Warning(s).
Load "N:\\MTE241\\Project 4\\project4.AXF" 
Erase Done.
Programming Done.
Verify OK.
Rebuild target 'Target 1'
assembling startup_LPC17xx.s...
compiling system_LPC17xx.c...
compiling GLCD_SPI_LPC1700.c...
compiling main.c...
main.c(84): warning:  #1-D: last line of file ends without a newline
compiling Retarget.c...
compiling GLCD_Scroll.c...
linking...
Program Size: Code=5928 RO-data=6512 RW-data=32 ZI-data=8816  
"project4.axf" - 0 Error(s), 1 Warning(s).
Load "N:\\MTE241\\Project 4\\project4.AXF" 
Erase Done.
Programming Done.
Verify OK.
Rebuild target 'Target 1'
assembling startup_LPC17xx.s...
compiling system_LPC17xx.c...
compiling GLCD_SPI_LPC1700.c...
compiling main.c...
main.c(83): warning:  #1-D: last line of file ends without a newline
compiling Retarget.c...
compiling GLCD_Scroll.c...
linking...
Program Size: Code=5928 RO-data=6512 RW-data=32 ZI-data=8816  
"project4.axf" - 0 Error(s), 1 Warning(s).
Load "N:\\MTE241\\Project 4\\project4.AXF" 
Erase Done.
Programming Done.
Verify OK.
Rebuild target 'Target 1'
assembling startup_LPC17xx.s...
compiling system_LPC17xx.c...
compiling GLCD_SPI_LPC1700.c...
compiling main.c...
main.c(83): warning:  #1-D: last line of file ends without a newline
compiling Retarget.c...
compiling GLCD_Scroll.c...
linking...
Program Size: Code=5928 RO-data=6512 RW-data=32 ZI-data=8816  
"project4.axf" - 0 Error(s), 1 Warning(s).
Load "N:\\MTE241\\Project 4\\project4.AXF" 
Erase Done.
Programming Done.
Verify OK.
Rebuild target 'Target 1'
assembling startup_LPC17xx.s...
compiling system_LPC17xx.c...
compiling GLCD_SPI_LPC1700.c...
compiling main.c...
main.c(13): warning:  #177-D: variable "chircle" was declared but never referenced
main.c(84): warning:  #1-D: last line of file ends without a newline
compiling Retarget.c...
compiling GLCD_Scroll.c...
linking...
Program Size: Code=5928 RO-data=6512 RW-data=32 ZI-data=8816  
"project4.axf" - 0 Error(s), 2 Warning(s).
Load "N:\\MTE241\\Project 4\\project4.AXF" 
Erase Done.
Programming Done.
Verify OK.
Rebuild target 'Target 1'
assembling startup_LPC17xx.s...
compiling system_LPC17xx.c...
compiling GLCD_SPI_LPC1700.c...
compiling main.c...
main.c(13): warning:  #177-D: variable "chircle" was declared but never referenced
main.c(84): warning:  #1-D: last line of file ends without a newline
compiling Retarget.c...
compiling GLCD_Scroll.c...
linking...
Program Size: Code=6072 RO-data=6612 RW-data=32 ZI-data=8816  
"project4.axf" - 0 Error(s), 2 Warning(s).
Load "N:\\MTE241\\Project 4\\project4.AXF" 
Erase Done.
Programming Done.
Verify OK.
Rebuild target 'Target 1'
assembling startup_LPC17xx.s...
compiling system_LPC17xx.c...
compiling GLCD_SPI_LPC1700.c...
compiling main.c...
main.c(84): warning:  #1-D: last line of file ends without a newline
compiling Retarget.c...
compiling GLCD_Scroll.c...
linking...
Program Size: Code=5928 RO-data=6512 RW-data=32 ZI-data=8816  
"project4.axf" - 0 Error(s), 1 Warning(s).
Load "N:\\MTE241\\Project 4\\project4.AXF" 
Erase Done.
Programming Done.
Verify OK.
Rebuild target 'Target 1'
assembling startup_LPC17xx.s...
compiling system_LPC17xx.c...
compiling GLCD_SPI_LPC1700.c...
compiling main.c...
main.c(84): warning:  #1-D: last line of file ends without a newline
compiling Retarget.c...
compiling GLCD_Scroll.c...
linking...
Program Size: Code=5928 RO-data=6512 RW-data=32 ZI-data=8816  
"project4.axf" - 0 Error(s), 1 Warning(s).
Load "N:\\MTE241\\Project 4\\project4.AXF" 
Erase Done.
Programming Done.
Verify OK.
Rebuild target 'Target 1'
assembling startup_LPC17xx.s...
compiling system_LPC17xx.c...
compiling GLCD_SPI_LPC1700.c...
compiling main.c...
main.c(13): warning:  #177-D: variable "chircle" was declared but never referenced
main.c(84): warning:  #1-D: last line of file ends without a newline
compiling Retarget.c...
compiling GLCD_Scroll.c...
linking...
Program Size: Code=6072 RO-data=6612 RW-data=32 ZI-data=8816  
"project4.axf" - 0 Error(s), 2 Warning(s).
Load "N:\\MTE241\\Project 4\\project4.AXF" 
Erase Done.
Programming Done.
Verify OK.
Rebuild target 'Target 1'
assembling startup_LPC17xx.s...
compiling system_LPC17xx.c...
compiling GLCD_SPI_LPC1700.c...
compiling main.c...
main.c(13): warning:  #177-D: variable "chircle" was declared but never referenced
main.c(80): warning:  #1-D: last line of file ends without a newline
compiling Retarget.c...
compiling GLCD_Scroll.c...
linking...
Program Size: Code=6072 RO-data=6612 RW-data=32 ZI-data=8816  
"project4.axf" - 0 Error(s), 2 Warning(s).
Load "N:\\MTE241\\Project 4\\project4.AXF" 
Erase Done.
Programming Done.
Verify OK.
Rebuild target 'Target 1'
assembling startup_LPC17xx.s...
compiling system_LPC17xx.c...
compiling GLCD_SPI_LPC1700.c...
compiling main.c...
main.c(13): warning:  #177-D: variable "chircle" was declared but never referenced
main.c(80): warning:  #1-D: last line of file ends without a newline
compiling Retarget.c...
compiling GLCD_Scroll.c...
linking...
Program Size: Code=6072 RO-data=6612 RW-data=32 ZI-data=8816  
"project4.axf" - 0 Error(s), 2 Warning(s).
Load "N:\\MTE241\\Project 4\\project4.AXF" 
Erase Done.
Programming Done.
Verify OK.
Rebuild target 'Target 1'
assembling startup_LPC17xx.s...
compiling system_LPC17xx.c...
compiling GLCD_SPI_LPC1700.c...
compiling main.c...
main.c(13): warning:  #177-D: variable "chircle" was declared but never referenced
main.c(80): warning:  #1-D: last line of file ends without a newline
compiling Retarget.c...
compiling GLCD_Scroll.c...
linking...
Program Size: Code=6056 RO-data=6664 RW-data=32 ZI-data=8816  
"project4.axf" - 0 Error(s), 2 Warning(s).
Load "N:\\MTE241\\Project 4\\project4.AXF" 
Erase Done.
Programming Done.
Verify OK.
Rebuild target 'Target 1'
assembling startup_LPC17xx.s...
compiling system_LPC17xx.c...
compiling GLCD_SPI_LPC1700.c...
compiling main.c...
main.c(13): warning:  #177-D: variable "chircle" was declared but never referenced
main.c(80): warning:  #1-D: last line of file ends without a newline
compiling Retarget.c...
compiling GLCD_Scroll.c...
linking...
Program Size: Code=6008 RO-data=6640 RW-data=32 ZI-data=8816  
"project4.axf" - 0 Error(s), 2 Warning(s).
Load "N:\\MTE241\\Project 4\\project4.AXF" 
Erase Done.
Programming Done.
Verify OK.
Rebuild target 'Target 1'
assembling startup_LPC17xx.s...
compiling system_LPC17xx.c...
compiling GLCD_SPI_LPC1700.c...
compiling main.c...
main.c(13): warning:  #177-D: variable "chircle" was declared but never referenced
main.c(80): warning:  #1-D: last line of file ends without a newline
compiling Retarget.c...
compiling GLCD_Scroll.c...
linking...
Program Size: Code=6016 RO-data=6552 RW-data=32 ZI-data=8816  
"project4.axf" - 0 Error(s), 2 Warning(s).
Load "N:\\MTE241\\Project 4\\project4.AXF" 
Erase Done.
Programming Done.
Verify OK.
Rebuild target 'Target 1'
assembling startup_LPC17xx.s...
compiling system_LPC17xx.c...
compiling GLCD_SPI_LPC1700.c...
compiling main.c...
main.c(13): warning:  #177-D: variable "chircle" was declared but never referenced
main.c(80): warning:  #1-D: last line of file ends without a newline
compiling Retarget.c...
compiling GLCD_Scroll.c...
linking...
Program Size: Code=6072 RO-data=6660 RW-data=32 ZI-data=8816  
"project4.axf" - 0 Error(s), 2 Warning(s).
Load "N:\\MTE241\\Project 4\\project4.AXF" 
Erase Done.
Programming Done.
Verify OK.
Rebuild target 'Target 1'
assembling startup_LPC17xx.s...
compiling system_LPC17xx.c...
compiling GLCD_SPI_LPC1700.c...
compiling main.c...
main.c(13): warning:  #177-D: variable "chircle" was declared but never referenced
main.c(80): warning:  #1-D: last line of file ends without a newline
compiling Retarget.c...
compiling GLCD_Scroll.c...
linking...
Program Size: Code=6008 RO-data=6640 RW-data=32 ZI-data=8816  
"project4.axf" - 0 Error(s), 2 Warning(s).
Load "N:\\MTE241\\Project 4\\project4.AXF" 
Erase Done.
Programming Done.
Verify OK.
Rebuild target 'Target 1'
assembling startup_LPC17xx.s...
compiling system_LPC17xx.c...
compiling GLCD_SPI_LPC1700.c...
compiling main.c...
main.c(13): warning:  #177-D: variable "chircle" was declared but never referenced
main.c(79): warning:  #1-D: last line of file ends without a newline
compiling Retarget.c...
compiling GLCD_Scroll.c...
linking...
Program Size: Code=6008 RO-data=6640 RW-data=32 ZI-data=8816  
"project4.axf" - 0 Error(s), 2 Warning(s).
Rebuild target 'Target 1'
assembling startup_LPC17xx.s...
compiling system_LPC17xx.c...
compiling GLCD_SPI_LPC1700.c...
compiling main.c...
main.c(13): warning:  #177-D: variable "chircle" was declared but never referenced
main.c(81): error:  #20: identifier "bmp" is undefined
main.c(86): warning:  #1-D: last line of file ends without a newline
main.c(85): warning:  #128-D: loop is not reachable
compiling Retarget.c...
compiling GLCD_Scroll.c...
Target not created
Rebuild target 'Target 1'
assembling startup_LPC17xx.s...
compiling system_LPC17xx.c...
compiling GLCD_SPI_LPC1700.c...
compiling main.c...
main.c(13): warning:  #177-D: variable "chircle" was declared but never referenced
main.c(87): warning:  #1-D: last line of file ends without a newline
compiling Retarget.c...
compiling GLCD_Scroll.c...
linking...
Program Size: Code=6024 RO-data=6640 RW-data=32 ZI-data=8816  
"project4.axf" - 0 Error(s), 2 Warning(s).
Load "N:\\MTE241\\Project 4\\project4.AXF" 
Erase Done.
Programming Done.
Verify OK.
Rebuild target 'Target 1'
assembling startup_LPC17xx.s...
compiling system_LPC17xx.c...
compiling GLCD_SPI_LPC1700.c...
compiling main.c...
main.c(13): warning:  #177-D: variable "chircle" was declared but never referenced
main.c(88): warning:  #1-D: last line of file ends without a newline
compiling Retarget.c...
compiling GLCD_Scroll.c...
linking...
Program Size: Code=6032 RO-data=6640 RW-data=32 ZI-data=8816  
"project4.axf" - 0 Error(s), 2 Warning(s).
Load "N:\\MTE241\\Project 4\\project4.AXF" 
Erase Done.
Programming Done.
Verify OK.
Rebuild target 'Target 1'
assembling startup_LPC17xx.s...
compiling system_LPC17xx.c...
compiling GLCD_SPI_LPC1700.c...
compiling main.c...
main.c(13): warning:  #177-D: variable "chircle" was declared but never referenced
main.c(89): warning:  #1-D: last line of file ends without a newline
compiling Retarget.c...
compiling GLCD_Scroll.c...
linking...
Program Size: Code=6056 RO-data=6644 RW-data=32 ZI-data=8816  
"project4.axf" - 0 Error(s), 2 Warning(s).
Load "N:\\MTE241\\Project 4\\project4.AXF" 
Erase Done.
Programming Done.
Verify OK.
Rebuild target 'Target 1'
assembling startup_LPC17xx.s...
compiling system_LPC17xx.c...
compiling GLCD_SPI_LPC1700.c...
compiling main.c...
main.c(13): warning:  #177-D: variable "chircle" was declared but never referenced
main.c(89): warning:  #1-D: last line of file ends without a newline
compiling Retarget.c...
compiling GLCD_Scroll.c...
linking...
Program Size: Code=6056 RO-data=6644 RW-data=32 ZI-data=8816  
"project4.axf" - 0 Error(s), 2 Warning(s).
Load "N:\\MTE241\\Project 4\\project4.AXF" 
Erase Done.
Programming Done.
Verify OK.
Rebuild target 'Target 1'
assembling startup_LPC17xx.s...
compiling system_LPC17xx.c...
compiling GLCD_SPI_LPC1700.c...
compiling main.c...
main.c(13): warning:  #177-D: variable "chircle" was declared but never referenced
main.c(89): warning:  #1-D: last line of file ends without a newline
compiling Retarget.c...
compiling GLCD_Scroll.c...
linking...
Program Size: Code=6056 RO-data=6644 RW-data=32 ZI-data=8816  
"project4.axf" - 0 Error(s), 2 Warning(s).
Load "N:\\MTE241\\Project 4\\project4.AXF" 
Erase Done.
Programming Done.
Verify OK.
Rebuild target 'Target 1'
assembling startup_LPC17xx.s...
compiling system_LPC17xx.c...
compiling GLCD_SPI_LPC1700.c...
compiling main.c...
main.c(13): warning:  #177-D: variable "chircle" was declared but never referenced
main.c(89): warning:  #1-D: last line of file ends without a newline
compiling Retarget.c...
compiling GLCD_Scroll.c...
linking...
Program Size: Code=6056 RO-data=6644 RW-data=32 ZI-data=8816  
"project4.axf" - 0 Error(s), 2 Warning(s).
Load "N:\\MTE241\\Project 4\\project4.AXF" 
Erase Done.
Programming Done.
Verify OK.
Rebuild target 'Target 1'
assembling startup_LPC17xx.s...
compiling system_LPC17xx.c...
compiling GLCD_SPI_LPC1700.c...
compiling main.c...
main.c(13): warning:  #177-D: variable "chircle" was declared but never referenced
main.c(89): warning:  #1-D: last line of file ends without a newline
compiling Retarget.c...
compiling GLCD_Scroll.c...
linking...
Program Size: Code=6056 RO-data=6644 RW-data=32 ZI-data=8816  
"project4.axf" - 0 Error(s), 2 Warning(s).
Load "N:\\MTE241\\Project 4\\project4.AXF" 
Erase Done.
Programming Done.
Verify OK.
