ARM Linker, 5.02 [Build 28] [MDK-ARM Lite]

==============================================================================

Section Cross References

    startup_lpc17xx.o(STACK) refers (Special) to heapauxi.o(.text) for __use_two_region_memory
    startup_lpc17xx.o(HEAP) refers (Special) to heapauxi.o(.text) for __use_two_region_memory
    startup_lpc17xx.o(RESET) refers (Special) to heapauxi.o(.text) for __use_two_region_memory
    startup_lpc17xx.o(RESET) refers to startup_lpc17xx.o(STACK) for __initial_sp
    startup_lpc17xx.o(RESET) refers to startup_lpc17xx.o(.text) for Reset_Handler
    startup_lpc17xx.o(RESET) refers to hal_cm3.o(.emb_text) for SVC_Handler
    startup_lpc17xx.o(RESET) refers to main.o(.text) for ADC_IRQHandler
    startup_lpc17xx.o(.ARM.__at_0x02FC) refers (Special) to heapauxi.o(.text) for __use_two_region_memory
    startup_lpc17xx.o(.text) refers (Special) to heapauxi.o(.text) for __use_two_region_memory
    startup_lpc17xx.o(.text) refers to system_lpc17xx.o(.text) for SystemInit
    startup_lpc17xx.o(.text) refers to __main.o(!!!main) for __main
    startup_lpc17xx.o(.text) refers to startup_lpc17xx.o(HEAP) for Heap_Mem
    startup_lpc17xx.o(.text) refers to startup_lpc17xx.o(STACK) for Stack_Mem
    system_lpc17xx.o(.text) refers to lludivv7m.o(.text) for __aeabi_uldivmod
    system_lpc17xx.o(.text) refers to system_lpc17xx.o(.data) for SystemCoreClock
    glcd_spi_lpc1700.o(.text) refers to glcd_spi_lpc1700.o(.data) for Himax
    glcd_spi_lpc1700.o(.text) refers to glcd_spi_lpc1700.o(.constdata) for Font_6x8_h
    main.o(.text) refers to _printf_percent.o(.ARM.Collect$$_printf_percent$$00000000) for _printf_percent
    main.o(.text) refers to _printf_d.o(.ARM.Collect$$_printf_percent$$00000009) for _printf_d
    main.o(.text) refers to _printf_dec.o(.text) for _printf_int_dec
    main.o(.text) refers to glcd_spi_lpc1700.o(.text) for GLCD_Bitmap
    main.o(.text) refers to rt_memclr_w.o(.text) for __aeabi_memclr4
    main.o(.text) refers to rt_memcpy_w.o(.text) for __aeabi_memcpy4
    main.o(.text) refers to system_lpc17xx.o(.text) for SystemInit
    main.o(.text) refers to noretval__2sprintf.o(.text) for __2sprintf
    main.o(.text) refers to main.o(.data) for ADC_Done
    main.o(.text) refers to main.o(.constdata) for .constdata
    retarget.o(.text) refers (Special) to use_no_semi.o(.text) for __use_no_semihosting_swi
    retarget.o(.text) refers to glcd_scroll.o(.text) for append_char
    retarget.o(.data) refers (Special) to use_no_semi.o(.text) for __use_no_semihosting_swi
    glcd_scroll.o(.text) refers to glcd_spi_lpc1700.o(.text) for GLCD_Init
    glcd_scroll.o(.text) refers to glcd_scroll.o(i.last_line) for last_line
    glcd_scroll.o(.text) refers to glcd_scroll.o(i.last_window_line) for last_window_line
    glcd_scroll.o(.text) refers to glcd_scroll.o(.data) for cache_start
    glcd_scroll.o(.text) refers to glcd_scroll.o(.bss) for chache
    rtx_conf_cm.o(.text) refers to rt_task.o(i.rt_tsk_self) for rt_tsk_self
    rtx_conf_cm.o(.text) refers to rt_mutex.o(i.rt_mut_init) for rt_mut_init
    rtx_conf_cm.o(.text) refers to rtx_conf_cm.o(.bss) for .bss
    rtx_conf_cm.o(.text) refers to libspace.o(.bss) for __libspace_start
    rtx_conf_cm.o(.text) refers to rtx_conf_cm.o(.data) for .data
    rtx_conf_cm.o(.text) refers to rt_mutex.o(i.rt_mut_wait) for rt_mut_wait
    rtx_conf_cm.o(.text) refers to rt_mutex.o(i.rt_mut_release) for rt_mut_release
    rt_task.o(i.rt_block) refers to rt_list.o(i.rt_put_dly) for rt_put_dly
    rt_task.o(i.rt_block) refers to rt_list.o(i.rt_get_first) for rt_get_first
    rt_task.o(i.rt_block) refers to rt_task.o(i.rt_switch_req) for rt_switch_req
    rt_task.o(i.rt_block) refers to rt_task.o(.data) for .data
    rt_task.o(i.rt_block) refers to rt_list.o(.bss) for os_rdy
    rt_task.o(i.rt_dispatch) refers to rt_list.o(i.rt_put_rdy_first) for rt_put_rdy_first
    rt_task.o(i.rt_dispatch) refers to rt_task.o(i.rt_switch_req) for rt_switch_req
    rt_task.o(i.rt_dispatch) refers to rt_list.o(i.rt_get_first) for rt_get_first
    rt_task.o(i.rt_dispatch) refers to rt_list.o(i.rt_put_prio) for rt_put_prio
    rt_task.o(i.rt_dispatch) refers to rt_task.o(.data) for .data
    rt_task.o(i.rt_dispatch) refers to rt_list.o(.bss) for os_rdy
    rt_task.o(i.rt_init_context) refers to rt_membox.o(i.rt_alloc_box) for rt_alloc_box
    rt_task.o(i.rt_init_context) refers to hal_cm3.o(i.rt_init_stack) for rt_init_stack
    rt_task.o(i.rt_init_context) refers to rtx_conf_cm.o(.bss) for mp_stk
    rt_task.o(i.rt_switch_req) refers to hal_cm3.o(i.dbg_task_switch) for dbg_task_switch
    rt_task.o(i.rt_switch_req) refers to rt_task.o(.data) for .data
    rt_task.o(i.rt_switch_req) refers to hal_cm3.o(.data) for dbg_msg
    rt_task.o(i.rt_sys_init) refers to hal_cm3.o(i.dbg_init) for dbg_init
    rt_task.o(i.rt_sys_init) refers to rt_membox.o(i._init_box) for _init_box
    rt_task.o(i.rt_sys_init) refers to rt_task.o(i.rt_init_context) for rt_init_context
[...]
    hal_cm3.o(.emb_text) refers to rt_membox.o(i.rt_alloc_box) for rt_alloc_box
    hal_cm3.o(.emb_text) refers to rt_membox.o(i.rt_free_box) for rt_free_box
    hal_cm3.o(.emb_text) refers to rt_system.o(i.rt_stk_check) for rt_stk_check
    hal_cm3.o(.emb_text) refers to rt_task.o(.data) for os_tsk
    hal_cm3.o(.emb_text) refers to SVC_Table.o(SVC_TABLE) for SVC_Count
    hal_cm3.o(.emb_text) refers to rt_system.o(i.rt_pop_req) for rt_pop_req
    hal_cm3.o(.emb_text) refers to rt_system.o(i.rt_systick) for rt_systick
    hal_cm3.o(.emb_text) refers to rt_system.o(i.os_tick_irqack) for os_tick_irqack
    hal_cm3.o(i.dbg_init) refers to hal_cm3.o(.data) for .data
    hal_cm3.o(i.rt_init_stack) refers to rtx_conf_cm.o(.constdata) for os_stackinfo
    rt_event.o(i.isr_evt_set) refers to rt_list.o(i.rt_psq_enq) for rt_psq_enq
    rt_event.o(i.isr_evt_set) refers to rt_system.o(i.rt_psh_req) for rt_psh_req
    rt_event.o(i.isr_evt_set) refers to rtx_conf_cm.o(.bss) for os_active_TCB
    rt_event.o(i.rt_evt_clr) refers to rtx_conf_cm.o(.bss) for os_active_TCB
    rt_event.o(i.rt_evt_get) refers to rt_task.o(.data) for os_tsk
    rt_event.o(i.rt_evt_psh) refers to rt_list.o(i.rt_rmv_dly) for rt_rmv_dly
    rt_event.o(i.rt_evt_psh) refers to rt_list.o(i.rt_put_prio) for rt_put_prio
    rt_event.o(i.rt_evt_psh) refers to rt_list.o(.bss) for os_rdy
    rt_event.o(i.rt_evt_set) refers to rt_list.o(i.rt_rmv_dly) for rt_rmv_dly
    rt_event.o(i.rt_evt_set) refers to rt_task.o(i.rt_dispatch) for rt_dispatch
    rt_event.o(i.rt_evt_set) refers to rtx_conf_cm.o(.bss) for os_active_TCB
    rt_event.o(i.rt_evt_wait) refers to rt_task.o(i.rt_block) for rt_block
    rt_event.o(i.rt_evt_wait) refers to rt_task.o(.data) for os_tsk
    rt_mailbox.o(i.isr_mbx_receive) refers to rt_list.o(i.rt_psq_enq) for rt_psq_enq
    rt_mailbox.o(i.isr_mbx_receive) refers to rt_system.o(i.rt_psh_req) for rt_psh_req
    rt_mailbox.o(i.isr_mbx_send) refers to rt_list.o(i.rt_psq_enq) for rt_psq_enq
    rt_mailbox.o(i.isr_mbx_send) refers to rt_system.o(i.rt_psh_req) for rt_psh_req
    rt_mailbox.o(i.rt_mbx_psh) refers to rt_list.o(i.rt_get_first) for rt_get_first
    rt_mailbox.o(i.rt_mbx_psh) refers to rt_list.o(i.rt_rmv_dly) for rt_rmv_dly
    rt_mailbox.o(i.rt_mbx_psh) refers to rt_list.o(i.rt_put_prio) for rt_put_prio
    rt_mailbox.o(i.rt_mbx_psh) refers to rtx_conf_cm.o(.text) for os_error
    rt_mailbox.o(i.rt_mbx_psh) refers to rt_list.o(.bss) for os_rdy
    rt_mailbox.o(i.rt_mbx_send) refers to rt_list.o(i.rt_put_prio) for rt_put_prio
    rt_mailbox.o(i.rt_mbx_send) refers to rt_list.o(i.rt_get_first) for rt_get_first
    rt_mailbox.o(i.rt_mbx_send) refers to rt_list.o(i.rt_rmv_dly) for rt_rmv_dly
    rt_mailbox.o(i.rt_mbx_send) refers to rt_task.o(i.rt_dispatch) for rt_dispatch
    rt_mailbox.o(i.rt_mbx_send) refers to rt_task.o(i.rt_block) for rt_block
    rt_mailbox.o(i.rt_mbx_send) refers to rt_task.o(.data) for os_tsk
    rt_mailbox.o(i.rt_mbx_wait) refers to rt_list.o(i.rt_get_first) for rt_get_first
    rt_mailbox.o(i.rt_mbx_wait) refers to rt_list.o(i.rt_rmv_dly) for rt_rmv_dly
    rt_mailbox.o(i.rt_mbx_wait) refers to rt_task.o(i.rt_dispatch) for rt_dispatch
    rt_mailbox.o(i.rt_mbx_wait) refers to rt_list.o(i.rt_put_prio) for rt_put_prio
    rt_mailbox.o(i.rt_mbx_wait) refers to rt_task.o(i.rt_block) for rt_block
    rt_mailbox.o(i.rt_mbx_wait) refers to rt_task.o(.data) for os_tsk
    rt_semaphore.o(i.isr_sem_send) refers to rt_list.o(i.rt_psq_enq) for rt_psq_enq
    rt_semaphore.o(i.isr_sem_send) refers to rt_system.o(i.rt_psh_req) for rt_psh_req
    rt_semaphore.o(i.rt_sem_psh) refers to rt_list.o(i.rt_get_first) for rt_get_first
    rt_semaphore.o(i.rt_sem_psh) refers to rt_list.o(i.rt_rmv_dly) for rt_rmv_dly
    rt_semaphore.o(i.rt_sem_psh) refers to rt_list.o(i.rt_put_prio) for rt_put_prio
    rt_semaphore.o(i.rt_sem_psh) refers to rt_list.o(.bss) for os_rdy
    rt_semaphore.o(i.rt_sem_send) refers to rt_list.o(i.rt_get_first) for rt_get_first
    rt_semaphore.o(i.rt_sem_send) refers to rt_list.o(i.rt_rmv_dly) for rt_rmv_dly
    rt_semaphore.o(i.rt_sem_send) refers to rt_task.o(i.rt_dispatch) for rt_dispatch
    rt_semaphore.o(i.rt_sem_send) refers to rt_task.o(.data) for os_tsk
    rt_semaphore.o(i.rt_sem_wait) refers to rt_list.o(i.rt_put_prio) for rt_put_prio
    rt_semaphore.o(i.rt_sem_wait) refers to rt_task.o(i.rt_block) for rt_block
    rt_semaphore.o(i.rt_sem_wait) refers to rt_task.o(.data) for os_tsk
    rt_time.o(i.rt_dly_wait) refers to rt_task.o(i.rt_block) for rt_block
    rt_time.o(i.rt_itv_set) refers to rt_task.o(.data) for os_tsk
    rt_time.o(i.rt_itv_set) refers to rt_time.o(.data) for .data
    rt_time.o(i.rt_itv_wait) refers to rt_task.o(i.rt_block) for rt_block
    rt_time.o(i.rt_itv_wait) refers to rt_task.o(.data) for os_tsk
    rt_time.o(i.rt_itv_wait) refers to rt_time.o(.data) for .data
    rt_time.o(i.rt_time_get) refers to rt_time.o(.data) for .data
    rt_timer.o(i.rt_tmr_create) refers to rt_membox.o(i.rt_alloc_box) for rt_alloc_box
    rt_timer.o(i.rt_tmr_create) refers to rtx_conf_cm.o(.data) for m_tmr
    rt_timer.o(i.rt_tmr_create) refers to rt_timer.o(.data) for .data
    rt_timer.o(i.rt_tmr_kill) refers to rt_membox.o(i.rt_free_box) for rt_free_box
    rt_timer.o(i.rt_tmr_kill) refers to rt_timer.o(.data) for .data
    rt_timer.o(i.rt_tmr_kill) refers to rtx_conf_cm.o(.data) for m_tmr
    rt_timer.o(i.rt_tmr_tick) refers to rtx_conf_cm.o(.text) for os_tmr_call
    rt_timer.o(i.rt_tmr_tick) refers to rt_membox.o(i.rt_free_box) for rt_free_box
    rt_timer.o(i.rt_tmr_tick) refers to rt_timer.o(.data) for .data
    rt_timer.o(i.rt_tmr_tick) refers to rtx_conf_cm.o(.data) for m_tmr
    rt_robin.o(i.rt_chk_robin) refers to rt_list.o(i.rt_get_first) for rt_get_first
    rt_robin.o(i.rt_chk_robin) refers to rt_list.o(i.rt_put_prio) for rt_put_prio
    rt_robin.o(i.rt_chk_robin) refers to rt_robin.o(.data) for .data
    rt_robin.o(i.rt_chk_robin) refers to rt_list.o(.bss) for os_rdy
    rt_robin.o(i.rt_chk_robin) refers to rt_time.o(.data) for os_time
    rt_robin.o(i.rt_init_robin) refers to rt_robin.o(.data) for .data
    rt_robin.o(i.rt_init_robin) refers to rtx_conf_cm.o(.constdata) for os_rrobin
    libspace.o(.text) refers to libspace.o(.bss) for __libspace_start
    __2sprintf.o(.text) refers to _printf_char_common.o(.text) for _printf_char_common
    __2sprintf.o(.text) refers to _sputc.o(.text) for _sputc
    noretval__2sprintf.o(.text) refers to _printf_char_common.o(.text) for _printf_char_common
    noretval__2sprintf.o(.text) refers to _sputc.o(.text) for _sputc
    __printf.o(.text) refers to _printf_percent.o(.ARM.Collect$$_printf_percent$$00000000) for _printf_percent
    _printf_dec.o(.text) refers to _printf_intcommon.o(.text) for _printf_int_common
    __printf_flags.o(.text) refers to _printf_percent.o(.ARM.Collect$$_printf_percent$$00000000) for _printf_percent
    __printf_flags.o(.text) refers to __printf_flags.o(.constdata) for .constdata
    __printf_ss.o(.text) refers to _printf_percent.o(.ARM.Collect$$_printf_percent$$00000000) for _printf_percent
    __printf_flags_ss.o(.text) refers to _printf_percent.o(.ARM.Collect$$_printf_percent$$00000000) for _printf_percent
    __printf_flags_ss.o(.text) refers to __printf_flags_ss.o(.constdata) for .constdata
    __printf_wp.o(.text) refers to __printf_wp.o(i._is_digit) for _is_digit
    __printf_wp.o(.text) refers to _printf_percent.o(.ARM.Collect$$_printf_percent$$00000000) for _printf_percent
    __printf_flags_wp.o(.text) refers to __printf_wp.o(i._is_digit) for _is_digit
    __printf_flags_wp.o(.text) refers to _printf_percent.o(.ARM.Collect$$_printf_percent$$00000000) for _printf_percent
    __printf_flags_wp.o(.text) refers to __printf_flags_wp.o(.constdata) for .constdata
    __printf_ss_wp.o(.text) refers to __printf_wp.o(i._is_digit) for _is_digit
    __printf_ss_wp.o(.text) refers to _printf_percent.o(.ARM.Collect$$_printf_percent$$00000000) for _printf_percent
    __printf_flags_ss_wp.o(.text) refers to __printf_wp.o(i._is_digit) for _is_digit
    __printf_flags_ss_wp.o(.text) refers to _printf_percent.o(.ARM.Collect$$_printf_percent$$00000000) for _printf_percent
    __printf_flags_ss_wp.o(.text) refers to __printf_flags_ss_wp.o(.constdata) for .constdata
    _printf_d.o(.ARM.Collect$$_printf_percent$$00000009) refers (Weak) to _printf_dec.o(.text) for _printf_int_dec
    _printf_percent.o(.ARM.Collect$$_printf_percent$$00000000) refers (Special) to _printf_percent_end.o(.ARM.Collect$$_printf_percent$$00000017) for _printf_percent_end
    __main.o(!!!main) refers to rtentry.o(.ARM.Collect$$rtentry$$00000000) for __rt_entry
    rtentry.o(.ARM.Collect$$rtentry$$00000000) refers (Special) to rtentry2.o(.ARM.Collect$$rtentry$$0000000A) for __rt_entry_li
    rtentry.o(.ARM.Collect$$rtentry$$00000000) refers (Special) to rtentry2.o(.ARM.Collect$$rtentry$$0000000D) for __rt_entry_main
    rtentry.o(.ARM.Collect$$rtentry$$00000000) refers (Special) to rtentry2.o(.ARM.Collect$$rtentry$$0000000C) for __rt_entry_postli_1
    rtentry.o(.ARM.Collect$$rtentry$$00000000) refers (Special) to rtentry2.o(.ARM.Collect$$rtentry$$00000009) for __rt_entry_postsh_1
    rtentry.o(.ARM.Collect$$rtentry$$00000000) refers (Special) to rtentry2.o(.ARM.Collect$$rtentry$$00000002) for __rt_entry_presh_1
    rtentry.o(.ARM.Collect$$rtentry$$00000000) refers (Special) to rtentry4.o(.ARM.Collect$$rtentry$$00000004) for __rt_entry_sh
    aeabi_ldiv0_sigfpe.o(.text) refers to rt_div0.o(.text) for __rt_div0
    _printf_char_common.o(.text) refers to __printf.o(.text) for __printf
    rtentry2.o(.ARM.Collect$$rtentry$$00000008) refers to boardinit2.o(.text) for _platform_post_stackheap_init
    rtentry2.o(.ARM.Collect$$rtentry$$0000000A) refers to libinit.o(.ARM.Collect$$libinit$$00000000) for __rt_lib_init
    rtentry2.o(.ARM.Collect$$rtentry$$0000000B) refers to boardinit3.o(.text) for _platform_post_lib_init
    rtentry2.o(.ARM.Collect$$rtentry$$0000000D) refers to main.o(.text) for main
    rtentry2.o(.ARM.Collect$$rtentry$$0000000D) refers to exit.o(.text) for exit
    rtentry2.o(.ARM.exidx) refers to rtentry2.o(.ARM.Collect$$rtentry$$00000001) for .ARM.Collect$$rtentry$$00000001
    rtentry2.o(.ARM.exidx) refers to rtentry2.o(.ARM.Collect$$rtentry$$00000008) for .ARM.Collect$$rtentry$$00000008
    rtentry2.o(.ARM.exidx) refers to rtentry2.o(.ARM.Collect$$rtentry$$0000000A) for .ARM.Collect$$rtentry$$0000000A
    rtentry2.o(.ARM.exidx) refers to rtentry2.o(.ARM.Collect$$rtentry$$0000000B) for .ARM.Collect$$rtentry$$0000000B
    rtentry2.o(.ARM.exidx) refers to rtentry2.o(.ARM.Collect$$rtentry$$0000000D) for .ARM.Collect$$rtentry$$0000000D
    rtentry4.o(.ARM.Collect$$rtentry$$00000004) refers to sys_stackheap_outer.o(.text) for __user_setup_stackheap
    rtentry4.o(.ARM.exidx) refers to rtentry4.o(.ARM.Collect$$rtentry$$00000004) for .ARM.Collect$$rtentry$$00000004
    rt_div0.o(.text) refers to defsig_fpe_outer.o(.text) for __rt_SIGFPE
    sys_stackheap_outer.o(.text) refers to libspace.o(.text) for __user_perproc_libspace
    sys_stackheap_outer.o(.text) refers to startup_lpc17xx.o(.text) for __user_initial_stackheap
    exit.o(.text) refers to rtexit.o(.ARM.Collect$$rtexit$$00000000) for __rt_exit
    defsig_fpe_outer.o(.text) refers to defsig_fpe_inner.o(.text) for __rt_SIGFPE_inner
    defsig_fpe_outer.o(.text) refers to defsig_exit.o(.text) for __sig_exit
    defsig_fpe_formal.o(.text) refers to rt_raise.o(.text) for __rt_raise
    libinit.o(.ARM.Collect$$libinit$$00000000) refers (Special) to libinit2.o(.ARM.Collect$$libinit$$0000002C) for __rt_lib_init_alloca_1
    libinit.o(.ARM.Collect$$libinit$$00000000) refers (Special) to libinit2.o(.ARM.Collect$$libinit$$0000002A) for __rt_lib_init_argv_1
    libinit.o(.ARM.Collect$$libinit$$00000000) refers (Special) to libinit2.o(.ARM.Collect$$libinit$$00000019) for __rt_lib_init_atexit_1
    libinit.o(.ARM.Collect$$libinit$$00000000) refers (Special) to libinit2.o(.ARM.Collect$$libinit$$0000001F) for __rt_lib_init_clock_1
    libinit.o(.ARM.Collect$$libinit$$00000000) refers (Special) to libinit2.o(.ARM.Collect$$libinit$$00000030) for __rt_lib_init_cpp_1
    libinit.o(.ARM.Collect$$libinit$$00000000) refers (Special) to libinit2.o(.ARM.Collect$$libinit$$0000002E) for __rt_lib_init_exceptions_1
    libinit.o(.ARM.Collect$$libinit$$00000000) refers (Special) to libinit2.o(.ARM.Collect$$libinit$$00000002) for __rt_lib_init_fp_1
    libinit.o(.ARM.Collect$$libinit$$00000000) refers (Special) to libinit2.o(.ARM.Collect$$libinit$$0000001D) for __rt_lib_init_fp_trap_1
    libinit.o(.ARM.Collect$$libinit$$00000000) refers (Special) to libinit2.o(.ARM.Collect$$libinit$$00000021) for __rt_lib_init_getenv_1
    libinit.o(.ARM.Collect$$libinit$$00000000) refers (Special) to libinit2.o(.ARM.Collect$$libinit$$00000008) for __rt_lib_init_heap_1
    libinit.o(.ARM.Collect$$libinit$$00000000) refers (Special) to libinit2.o(.ARM.Collect$$libinit$$0000000F) for __rt_lib_init_lc_collate_1
    libinit.o(.ARM.Collect$$libinit$$00000000) refers (Special) to libinit2.o(.ARM.Collect$$libinit$$00000011) for __rt_lib_init_lc_ctype_1
    libinit.o(.ARM.Collect$$libinit$$00000000) refers (Special) to libinit2.o(.ARM.Collect$$libinit$$00000013) for __rt_lib_init_lc_monetary_1
    libinit.o(.ARM.Collect$$libinit$$00000000) refers (Special) to libinit2.o(.ARM.Collect$$libinit$$00000015) for __rt_lib_init_lc_numeric_1
    libinit.o(.ARM.Collect$$libinit$$00000000) refers (Special) to libinit2.o(.ARM.Collect$$libinit$$00000017) for __rt_lib_init_lc_time_1
    libinit.o(.ARM.Collect$$libinit$$00000000) refers (Special) to libinit2.o(.ARM.Collect$$libinit$$0000000C) for __rt_lib_init_rand_1
    libinit.o(.ARM.Collect$$libinit$$00000000) refers (Special) to libinit2.o(.ARM.Collect$$libinit$$00000031) for __rt_lib_init_return
    libinit.o(.ARM.Collect$$libinit$$00000000) refers (Special) to libinit2.o(.ARM.Collect$$libinit$$0000001B) for __rt_lib_init_signal_1
    libinit.o(.ARM.Collect$$libinit$$00000000) refers (Special) to libinit2.o(.ARM.Collect$$libinit$$00000023) for __rt_lib_init_stdio_1
    libinit.o(.ARM.Collect$$libinit$$00000000) refers (Special) to libinit2.o(.ARM.Collect$$libinit$$0000000A) for __rt_lib_init_user_alloc_1
    rtexit.o(.ARM.Collect$$rtexit$$00000000) refers (Special) to rtexit2.o(.ARM.Collect$$rtexit$$00000004) for __rt_exit_exit
    rtexit.o(.ARM.Collect$$rtexit$$00000000) refers (Special) to rtexit2.o(.ARM.Collect$$rtexit$$00000003) for __rt_exit_ls
    rtexit.o(.ARM.Collect$$rtexit$$00000000) refers (Special) to rtexit2.o(.ARM.Collect$$rtexit$$00000002) for __rt_exit_prels_1
    rtexit.o(.ARM.exidx) refers (Special) to rtexit2.o(.ARM.Collect$$rtexit$$00000004) for __rt_exit_exit
    rtexit.o(.ARM.exidx) refers (Special) to rtexit2.o(.ARM.Collect$$rtexit$$00000003) for __rt_exit_ls
    rtexit.o(.ARM.exidx) refers (Special) to rtexit2.o(.ARM.Collect$$rtexit$$00000002) for __rt_exit_prels_1
    rtexit.o(.ARM.exidx) refers to rtexit.o(.ARM.Collect$$rtexit$$00000000) for .ARM.Collect$$rtexit$$00000000
    rt_raise.o(.text) refers to __raise.o(.text) for __raise
    rt_raise.o(.text) refers to retarget.o(.text) for _sys_exit
    defsig_exit.o(.text) refers to retarget.o(.text) for _sys_exit
    defsig_fpe_inner.o(.text) refers to defsig_general.o(.text) for __default_signal_display
    libinit2.o(.ARM.Collect$$libinit$$0000000E) refers to libinit2.o(.ARM.Collect$$libinit$$0000000D) for .ARM.Collect$$libinit$$0000000D
    libinit2.o(.ARM.Collect$$libinit$$00000010) refers to libinit2.o(.ARM.Collect$$libinit$$0000000D) for .ARM.Collect$$libinit$$0000000D
    libinit2.o(.ARM.Collect$$libinit$$00000012) refers to libinit2.o(.ARM.Collect$$libinit$$0000000D) for .ARM.Collect$$libinit$$0000000D
    libinit2.o(.ARM.Collect$$libinit$$00000014) refers to libinit2.o(.ARM.Collect$$libinit$$0000000D) for .ARM.Collect$$libinit$$0000000D
    libinit2.o(.ARM.Collect$$libinit$$00000016) refers to libinit2.o(.ARM.Collect$$libinit$$0000000D) for .ARM.Collect$$libinit$$0000000D
    libinit2.o(.ARM.Collect$$libinit$$00000024) refers to argv_veneer.o(.emb_text) for __ARM_argv_veneer
    libinit2.o(.ARM.Collect$$libinit$$00000025) refers to argv_veneer.o(.emb_text) for __ARM_argv_veneer
    rtexit2.o(.ARM.Collect$$rtexit$$00000003) refers to libshutdown.o(.ARM.Collect$$libshutdown$$00000000) for __rt_lib_shutdown
    rtexit2.o(.ARM.Collect$$rtexit$$00000004) refers to retarget.o(.text) for _sys_exit
    rtexit2.o(.ARM.exidx) refers to rtexit2.o(.ARM.Collect$$rtexit$$00000001) for .ARM.Collect$$rtexit$$00000001
    rtexit2.o(.ARM.exidx) refers to rtexit2.o(.ARM.Collect$$rtexit$$00000003) for .ARM.Collect$$rtexit$$00000003
    rtexit2.o(.ARM.exidx) refers to rtexit2.o(.ARM.Collect$$rtexit$$00000004) for .ARM.Collect$$rtexit$$00000004
    __raise.o(.text) refers to defsig.o(CL$$defsig) for __default_signal_handler
    defsig_general.o(.text) refers to retarget.o(.text) for _ttywrch
    argv_veneer.o(.emb_text) refers to no_argv.o(.text) for __ARM_get_argv
    defsig.o(CL$$defsig) refers to defsig_fpe_inner.o(.text) for __rt_SIGFPE_inner
    defsig.o(CL$$defsig) refers to defsig_rtmem_inner.o(.text) for __rt_SIGRTMEM_inner
    _get_argv_nomalloc.o(.text) refers (Special) to hrguard.o(.text) for __heap_region$guard
    _get_argv_nomalloc.o(.text) refers to defsig_rtmem_outer.o(.text) for __rt_SIGRTMEM
    _get_argv_nomalloc.o(.text) refers to sys_command.o(.text) for _sys_command_string
    libshutdown.o(.ARM.Collect$$libshutdown$$00000000) refers (Special) to libshutdown2.o(.ARM.Collect$$libshutdown$$00000006) for __rt_lib_shutdown_fp_trap_1
    libshutdown.o(.ARM.Collect$$libshutdown$$00000000) refers (Special) to libshutdown2.o(.ARM.Collect$$libshutdown$$0000000E) for __rt_lib_shutdown_heap_1
    libshutdown.o(.ARM.Collect$$libshutdown$$00000000) refers (Special) to libshutdown2.o(.ARM.Collect$$libshutdown$$0000000F) for __rt_lib_shutdown_return
    libshutdown.o(.ARM.Collect$$libshutdown$$00000000) refers (Special) to libshutdown2.o(.ARM.Collect$$libshutdown$$00000009) for __rt_lib_shutdown_signal_1
    libshutdown.o(.ARM.Collect$$libshutdown$$00000000) refers (Special) to libshutdown2.o(.ARM.Collect$$libshutdown$$00000003) for __rt_lib_shutdown_stdio_1
    libshutdown.o(.ARM.Collect$$libshutdown$$00000000) refers (Special) to libshutdown2.o(.ARM.Collect$$libshutdown$$0000000B) for __rt_lib_shutdown_user_alloc_1
    sys_command.o(.text) refers (Special) to use_no_semi.o(.text) for __I$use$semihosting
    sys_command.o(.text) refers (Special) to indicate_semi.o(.text) for __semihosting_library_function
    defsig_abrt_inner.o(.text) refers to defsig_general.o(.text) for __default_signal_display
    defsig_rtred_inner.o(.text) refers to defsig_general.o(.text) for __default_signal_display
    defsig_rtmem_inner.o(.text) refers to defsig_general.o(.text) for __default_signal_display
    defsig_rtmem_outer.o(.text) refers to defsig_rtmem_inner.o(.text) for __rt_SIGRTMEM_inner
    defsig_rtmem_outer.o(.text) refers to defsig_exit.o(.text) for __sig_exit
    defsig_rtmem_formal.o(.text) refers to rt_raise.o(.text) for __rt_raise
    defsig_stak_inner.o(.text) refers to defsig_general.o(.text) for __default_signal_display
    defsig_pvfn_inner.o(.text) refers to defsig_general.o(.text) for __default_signal_display
    defsig_cppl_inner.o(.text) refers to defsig_general.o(.text) for __default_signal_display
    defsig_segv_inner.o(.text) refers to defsig_general.o(.text) for __default_signal_display
    defsig_other.o(.text) refers to defsig_general.o(.text) for __default_signal_display
    glcd_scroll.o(i.last_line) refers to glcd_scroll.o(.data) for cache_start
    glcd_scroll.o(i.last_window_line) refers to glcd_scroll.o(.data) for window_start


==============================================================================

Removing Unused input sections from the image.

    Removing system_lpc17xx.o(.rev16_text), (4 bytes).
    Removing system_lpc17xx.o(.revsh_text), (4 bytes).
    Removing glcd_spi_lpc1700.o(.rev16_text), (4 bytes).
    Removing glcd_spi_lpc1700.o(.revsh_text), (4 bytes).
    Removing main.o(.rev16_text), (4 bytes).
    Removing main.o(.revsh_text), (4 bytes).
    Removing retarget.o(.data), (8 bytes).
    Removing glcd_scroll.o(.rev16_text), (4 bytes).
    Removing glcd_scroll.o(.revsh_text), (4 bytes).
    Removing rt_task.o(i.rt_init_context), (68 bytes).
    Removing rt_task.o(i.rt_sys_init), (344 bytes).
    Removing rt_task.o(i.rt_tsk_create), (148 bytes).
    Removing rt_task.o(i.rt_tsk_delete), (188 bytes).
    Removing rt_task.o(i.rt_tsk_pass), (48 bytes).
    Removing rt_task.o(i.rt_tsk_prio), (128 bytes).
    Removing rt_task.o(.bss), (48 bytes).
    Removing rt_system.o(.emb_text), (0 bytes).
    Removing rt_system.o(i.os_tick_init), (40 bytes).
    Removing rt_system.o(i.rt_psh_req), (32 bytes).
    Removing rt_system.o(i.rt_resume), (176 bytes).
    Removing rt_system.o(i.rt_suspend), (44 bytes).
    Removing rt_system.o(i.rt_tsk_lock), (80 bytes).
    Removing rt_system.o(i.rt_tsk_unlock), (80 bytes).
    Removing rt_system.o(.data), (8 bytes).
    Removing rt_list.o(i.rt_get_same_rdy_prio), (36 bytes).
    Removing rt_list.o(i.rt_psq_enq), (88 bytes).
    Removing rt_membox.o(i._calloc_box), (30 bytes).
    Removing rt_membox.o(i._init_box), (70 bytes).
    Removing hal_cm3.o(i.dbg_init), (48 bytes).
    Removing hal_cm3.o(i.dbg_task_notify), (32 bytes).
    Removing hal_cm3.o(i.rt_init_stack), (80 bytes).
    Removing rt_event.o(i.isr_evt_set), (40 bytes).
    Removing rt_event.o(i.rt_evt_clr), (28 bytes).
    Removing rt_event.o(i.rt_evt_get), (12 bytes).
    Removing rt_event.o(i.rt_evt_set), (96 bytes).
    Removing rt_event.o(i.rt_evt_wait), (64 bytes).
    Removing rt_mailbox.o(i.isr_mbx_receive), (84 bytes).
    Removing rt_mailbox.o(i.isr_mbx_send), (14 bytes).
    Removing rt_mailbox.o(i.rt_mbx_check), (8 bytes).
    Removing rt_mailbox.o(i.rt_mbx_init), (26 bytes).
    Removing rt_mailbox.o(i.rt_mbx_send), (160 bytes).
    Removing rt_mailbox.o(i.rt_mbx_wait), (184 bytes).
    Removing rt_semaphore.o(i.isr_sem_send), (16 bytes).
    Removing rt_semaphore.o(i.rt_sem_init), (12 bytes).
    Removing rt_semaphore.o(i.rt_sem_send), (56 bytes).
    Removing rt_semaphore.o(i.rt_sem_wait), (60 bytes).
    Removing rt_time.o(i.rt_dly_wait), (6 bytes).
    Removing rt_time.o(i.rt_itv_set), (24 bytes).
    Removing rt_time.o(i.rt_itv_wait), (44 bytes).
    Removing rt_time.o(i.rt_time_get), (12 bytes).
    Removing rt_timer.o(i.rt_tmr_create), (80 bytes).
    Removing rt_timer.o(i.rt_tmr_kill), (52 bytes).
    Removing rt_robin.o(i.rt_chk_robin), (72 bytes).
    Removing rt_robin.o(i.rt_init_robin), (24 bytes).
    Removing rt_robin.o(.data), (8 bytes).

55 unused section(s) (total 3038 bytes) removed from the image.

==============================================================================

Image Symbol Table

    Local Symbols

    Symbol Name                              Value     Ov Type        Size  Object(Section)

    RESET                                    0x00000000   Section      204  startup_lpc17xx.o(RESET)
    ../clib/angel/boardlib.s                 0x00000000   Number         0  boardshut.o ABSOLUTE
    ../clib/angel/boardlib.s                 0x00000000   Number         0  boardinit3.o ABSOLUTE
    ../clib/angel/boardlib.s                 0x00000000   Number         0  boardinit2.o ABSOLUTE
    ../clib/angel/boardlib.s                 0x00000000   Number         0  boardinit1.o ABSOLUTE
    ../clib/angel/handlers.s                 0x00000000   Number         0  __scatter_copy.o ABSOLUTE
    ../clib/angel/handlers.s                 0x00000000   Number         0  __scatter_zi.o ABSOLUTE
    ../clib/angel/kernel.s                   0x00000000   Number         0  rtentry.o ABSOLUTE
    ../clib/angel/kernel.s                   0x00000000   Number         0  rtentry2.o ABSOLUTE
    ../clib/angel/kernel.s                   0x00000000   Number         0  rtentry4.o ABSOLUTE
    ../clib/angel/kernel.s                   0x00000000   Number         0  rtexit.o ABSOLUTE
    ../clib/angel/kernel.s                   0x00000000   Number         0  rtexit2.o ABSOLUTE
    ../clib/angel/rt.s                       0x00000000   Number         0  aeabi_ldiv0_sigfpe.o ABSOLUTE
    ../clib/angel/rt.s                       0x00000000   Number         0  rt_div0.o ABSOLUTE
    ../clib/angel/rt.s                       0x00000000   Number         0  rt_raise.o ABSOLUTE
    ../clib/angel/rt.s                       0x00000000   Number         0  aeabi_ldiv0.o ABSOLUTE
    ../clib/angel/scatter.s                  0x00000000   Number         0  __scatter.o ABSOLUTE
    ../clib/angel/startup.s                  0x00000000   Number         0  __main.o ABSOLUTE
    ../clib/angel/sys.s                      0x00000000   Number         0  use_no_semi.o ABSOLUTE
    ../clib/angel/sys.s                      0x00000000   Number         0  libspace.o ABSOLUTE
    ../clib/angel/sys.s                      0x00000000   Number         0  sys_stackheap_outer.o ABSOLUTE
    ../clib/angel/sys.s                      0x00000000   Number         0  indicate_semi.o ABSOLUTE
    ../clib/angel/sysapp.c                   0x00000000   Number         0  sys_command.o ABSOLUTE
    ../clib/armsys.c                         0x00000000   Number         0  _get_argv_nomalloc.o ABSOLUTE
    ../clib/armsys.c                         0x00000000   Number         0  no_argv.o ABSOLUTE
    ../clib/armsys.c                         0x00000000   Number         0  argv_veneer.o ABSOLUTE
    ../clib/armsys.c                         0x00000000   Number         0  argv_veneer.o ABSOLUTE
    ../clib/heapalloc.c                      0x00000000   Number         0  hrguard.o ABSOLUTE
    ../clib/heapaux.c                        0x00000000   Number         0  heapauxi.o ABSOLUTE
    ../clib/libinit.s                        0x00000000   Number         0  libinit2.o ABSOLUTE
    ../clib/libinit.s                        0x00000000   Number         0  libinit.o ABSOLUTE
    ../clib/libinit.s                        0x00000000   Number         0  libshutdown2.o ABSOLUTE
    ../clib/libinit.s                        0x00000000   Number         0  libshutdown.o ABSOLUTE
    ../clib/longlong.s                       0x00000000   Number         0  lludivv7m.o ABSOLUTE
    ../clib/memcpset.s                       0x00000000   Number         0  rt_memclr_w.o ABSOLUTE
    ../clib/memcpset.s                       0x00000000   Number         0  rt_memcpy_w.o ABSOLUTE
    ../clib/printf.c                         0x00000000   Number         0  __printf_flags_ss.o ABSOLUTE
    ../clib/printf.c                         0x00000000   Number         0  __printf_ss_wp.o ABSOLUTE
    ../clib/printf.c                         0x00000000   Number         0  __printf_flags_ss_wp.o ABSOLUTE
    ../clib/printf.c                         0x00000000   Number         0  __printf_ss.o ABSOLUTE
    ../clib/printf.c                         0x00000000   Number         0  _printf_dec.o ABSOLUTE
    ../clib/printf.c                         0x00000000   Number         0  _sputc.o ABSOLUTE
    ../clib/printf.c                         0x00000000   Number         0  __printf.o ABSOLUTE
    ../clib/printf.c                         0x00000000   Number         0  __printf_wp.o ABSOLUTE
    ../clib/printf.c                         0x00000000   Number         0  __printf_nopercent.o ABSOLUTE
    ../clib/printf.c                         0x00000000   Number         0  noretval__2sprintf.o ABSOLUTE
    ../clib/printf.c                         0x00000000   Number         0  __2sprintf.o ABSOLUTE
    ../clib/printf.c                         0x00000000   Number         0  __printf_flags_wp.o ABSOLUTE
    ../clib/printf.c                         0x00000000   Number         0  _printf_char_common.o ABSOLUTE
    ../clib/printf.c                         0x00000000   Number         0  _printf_intcommon.o ABSOLUTE
    ../clib/printf.c                         0x00000000   Number         0  __printf_flags.o ABSOLUTE
    ../clib/printf_percent.s                 0x00000000   Number         0  _printf_percent.o ABSOLUTE
    ../clib/printf_percent.s                 0x00000000   Number         0  _printf_d.o ABSOLUTE
    ../clib/printf_percent.s                 0x00000000   Number         0  _printf_percent_end.o ABSOLUTE
    ../clib/signal.c                         0x00000000   Number         0  defsig_cppl_inner.o ABSOLUTE
    ../clib/signal.c                         0x00000000   Number         0  defsig_stak_inner.o ABSOLUTE
    ../clib/signal.c                         0x00000000   Number         0  defsig_rtmem_formal.o ABSOLUTE
    ../clib/signal.c                         0x00000000   Number         0  defsig_rtmem_outer.o ABSOLUTE
    ../clib/signal.c                         0x00000000   Number         0  defsig_rtmem_inner.o ABSOLUTE
    ../clib/signal.c                         0x00000000   Number         0  defsig_rtred_inner.o ABSOLUTE
    ../clib/signal.c                         0x00000000   Number         0  defsig_abrt_inner.o ABSOLUTE
    ../clib/signal.c                         0x00000000   Number         0  defsig_segv_inner.o ABSOLUTE
    ../clib/signal.c                         0x00000000   Number         0  defsig_other.o ABSOLUTE
    ../clib/signal.c                         0x00000000   Number         0  defsig_exit.o ABSOLUTE
    ../clib/signal.c                         0x00000000   Number         0  defsig_general.o ABSOLUTE
    ../clib/signal.c                         0x00000000   Number         0  __raise.o ABSOLUTE
    ../clib/signal.c                         0x00000000   Number         0  defsig_fpe_formal.o ABSOLUTE
    ../clib/signal.c                         0x00000000   Number         0  defsig_fpe_outer.o ABSOLUTE
    ../clib/signal.c                         0x00000000   Number         0  defsig_pvfn_inner.o ABSOLUTE
    ../clib/signal.c                         0x00000000   Number         0  defsig_fpe_inner.o ABSOLUTE
    ../clib/signal.s                         0x00000000   Number         0  defsig.o ABSOLUTE
    ../clib/stdlib.c                         0x00000000   Number         0  exit.o ABSOLUTE
    ../fplib/fpinit.s                        0x00000000   Number         0  fpinit.o ABSOLUTE
    GLCD_SPI_LPC1700.c                       0x00000000   Number         0  glcd_spi_lpc1700.o ABSOLUTE
    GLCD_SPI_LPC1700.c                       0x00000000   Number         0  glcd_spi_lpc1700.o ABSOLUTE
    GLCD_Scroll.c                            0x00000000   Number         0  glcd_scroll.o ABSOLUTE
    GLCD_Scroll.c                            0x00000000   Number         0  glcd_scroll.o ABSOLUTE
    RTX_Conf_CM.c                            0x00000000   Number         0  rtx_conf_cm.o ABSOLUTE
    Retarget.c                               0x00000000   Number         0  retarget.o ABSOLUTE
    SRC\CM\HAL_CM3.c                         0x00000000   Number         0  hal_cm3.o ABSOLUTE
    SRC\CM\SVC_Table.s                       0x00000000   Number         0  SVC_Table.o ABSOLUTE
    SRC\CM\rt_Event.c                        0x00000000   Number         0  rt_event.o ABSOLUTE
    SRC\CM\rt_List.c                         0x00000000   Number         0  rt_list.o ABSOLUTE
    SRC\CM\rt_Mailbox.c                      0x00000000   Number         0  rt_mailbox.o ABSOLUTE
    SRC\CM\rt_MemBox.c                       0x00000000   Number         0  rt_membox.o ABSOLUTE
    SRC\CM\rt_Mutex.c                        0x00000000   Number         0  rt_mutex.o ABSOLUTE
    SRC\CM\rt_Robin.c                        0x00000000   Number         0  rt_robin.o ABSOLUTE
    SRC\CM\rt_Semaphore.c                    0x00000000   Number         0  rt_semaphore.o ABSOLUTE
    SRC\CM\rt_System.c                       0x00000000   Number         0  rt_system.o ABSOLUTE
    SRC\CM\rt_Task.c                         0x00000000   Number         0  rt_task.o ABSOLUTE
    SRC\CM\rt_Time.c                         0x00000000   Number         0  rt_time.o ABSOLUTE
    SRC\CM\rt_Timer.c                        0x00000000   Number         0  rt_timer.o ABSOLUTE
    SRC\\CM\\HAL_CM3.c                       0x00000000   Number         0  hal_cm3.o ABSOLUTE
    SRC\\CM\\rt_System.c                     0x00000000   Number         0  rt_system.o ABSOLUTE
    dc.s                                     0x00000000   Number         0  dc.o ABSOLUTE
    main.c                                   0x00000000   Number         0  main.o ABSOLUTE
    main.c                                   0x00000000   Number         0  main.o ABSOLUTE
    startup_LPC17xx.s                        0x00000000   Number         0  startup_lpc17xx.o ABSOLUTE
    system_LPC17xx.c                         0x00000000   Number         0  system_lpc17xx.o ABSOLUTE
    system_LPC17xx.c                         0x00000000   Number         0  system_lpc17xx.o ABSOLUTE
    !!!main                                  0x000000cc   Section        8  __main.o(!!!main)
    !!!scatter                               0x000000d4   Section       52  __scatter.o(!!!scatter)
    !!handler_copy                           0x00000108   Section       26  __scatter_copy.o(!!handler_copy)
    !!handler_zi                             0x00000124   Section       28  __scatter_zi.o(!!handler_zi)
    .ARM.Collect$$_printf_percent$$00000000  0x00000140   Section        0  _printf_percent.o(.ARM.Collect$$_printf_percent$$00000000)
    .ARM.Collect$$_printf_percent$$00000009  0x00000140   Section        6  _printf_d.o(.ARM.Collect$$_printf_percent$$00000009)
    .ARM.Collect$$_printf_percent$$00000017  0x00000146   Section        4  _printf_percent_end.o(.ARM.Collect$$_printf_percent$$00000017)
    .ARM.Collect$$libinit$$00000000          0x0000014a   Section        2  libinit.o(.ARM.Collect$$libinit$$00000000)
    .ARM.Collect$$libinit$$00000002          0x0000014c   Section        0  libinit2.o(.ARM.Collect$$libinit$$00000002)
    .ARM.Collect$$libinit$$00000008          0x0000014c   Section        0  libinit2.o(.ARM.Collect$$libinit$$00000008)
    .ARM.Collect$$libinit$$0000000A          0x0000014c   Section        0  libinit2.o(.ARM.Collect$$libinit$$0000000A)
    .ARM.Collect$$libinit$$0000000C          0x0000014c   Section        0  libinit2.o(.ARM.Collect$$libinit$$0000000C)
    .ARM.Collect$$libinit$$0000000F          0x0000014c   Section        0  libinit2.o(.ARM.Collect$$libinit$$0000000F)
    .ARM.Collect$$libinit$$00000011          0x0000014c   Section        0  libinit2.o(.ARM.Collect$$libinit$$00000011)
    .ARM.Collect$$libinit$$00000013          0x0000014c   Section        0  libinit2.o(.ARM.Collect$$libinit$$00000013)
    .ARM.Collect$$libinit$$00000015          0x0000014c   Section        0  libinit2.o(.ARM.Collect$$libinit$$00000015)
    .ARM.Collect$$libinit$$00000017          0x0000014c   Section        0  libinit2.o(.ARM.Collect$$libinit$$00000017)
    .ARM.Collect$$libinit$$00000019          0x0000014c   Section        0  libinit2.o(.ARM.Collect$$libinit$$00000019)
    .ARM.Collect$$libinit$$0000001B          0x0000014c   Section        0  libinit2.o(.ARM.Collect$$libinit$$0000001B)
    .ARM.Collect$$libinit$$0000001D          0x0000014c   Section        0  libinit2.o(.ARM.Collect$$libinit$$0000001D)
    .ARM.Collect$$libinit$$0000001F          0x0000014c   Section        0  libinit2.o(.ARM.Collect$$libinit$$0000001F)
    .ARM.Collect$$libinit$$00000021          0x0000014c   Section        0  libinit2.o(.ARM.Collect$$libinit$$00000021)
    .ARM.Collect$$libinit$$00000023          0x0000014c   Section        0  libinit2.o(.ARM.Collect$$libinit$$00000023)
    .ARM.Collect$$libinit$$0000002A          0x0000014c   Section        0  libinit2.o(.ARM.Collect$$libinit$$0000002A)
    .ARM.Collect$$libinit$$0000002C          0x0000014c   Section        0  libinit2.o(.ARM.Collect$$libinit$$0000002C)
    .ARM.Collect$$libinit$$0000002E          0x0000014c   Section        0  libinit2.o(.ARM.Collect$$libinit$$0000002E)
    .ARM.Collect$$libinit$$00000030          0x0000014c   Section        0  libinit2.o(.ARM.Collect$$libinit$$00000030)
    .ARM.Collect$$libinit$$00000031          0x0000014c   Section        2  libinit2.o(.ARM.Collect$$libinit$$00000031)
    .ARM.Collect$$libshutdown$$00000000      0x0000014e   Section        2  libshutdown.o(.ARM.Collect$$libshutdown$$00000000)
    .ARM.Collect$$libshutdown$$00000003      0x00000150   Section        0  libshutdown2.o(.ARM.Collect$$libshutdown$$00000003)
    .ARM.Collect$$libshutdown$$00000006      0x00000150   Section        0  libshutdown2.o(.ARM.Collect$$libshutdown$$00000006)
    .ARM.Collect$$libshutdown$$00000009      0x00000150   Section        0  libshutdown2.o(.ARM.Collect$$libshutdown$$00000009)
    .ARM.Collect$$libshutdown$$0000000B      0x00000150   Section        0  libshutdown2.o(.ARM.Collect$$libshutdown$$0000000B)
    .ARM.Collect$$libshutdown$$0000000E      0x00000150   Section        0  libshutdown2.o(.ARM.Collect$$libshutdown$$0000000E)
    .ARM.Collect$$libshutdown$$0000000F      0x00000150   Section        2  libshutdown2.o(.ARM.Collect$$libshutdown$$0000000F)
    .ARM.Collect$$rtentry$$00000000          0x00000152   Section        0  rtentry.o(.ARM.Collect$$rtentry$$00000000)
    .ARM.Collect$$rtentry$$00000002          0x00000152   Section        0  rtentry2.o(.ARM.Collect$$rtentry$$00000002)
    .ARM.Collect$$rtentry$$00000004          0x00000152   Section        6  rtentry4.o(.ARM.Collect$$rtentry$$00000004)
    .ARM.Collect$$rtentry$$00000009          0x00000158   Section        0  rtentry2.o(.ARM.Collect$$rtentry$$00000009)
    .ARM.Collect$$rtentry$$0000000A          0x00000158   Section        4  rtentry2.o(.ARM.Collect$$rtentry$$0000000A)
    .ARM.Collect$$rtentry$$0000000C          0x0000015c   Section        0  rtentry2.o(.ARM.Collect$$rtentry$$0000000C)
    .ARM.Collect$$rtentry$$0000000D          0x0000015c   Section        8  rtentry2.o(.ARM.Collect$$rtentry$$0000000D)
    .ARM.Collect$$rtexit$$00000000           0x00000164   Section        2  rtexit.o(.ARM.Collect$$rtexit$$00000000)
    .ARM.Collect$$rtexit$$00000002           0x00000166   Section        0  rtexit2.o(.ARM.Collect$$rtexit$$00000002)
    .ARM.Collect$$rtexit$$00000003           0x00000166   Section        4  rtexit2.o(.ARM.Collect$$rtexit$$00000003)
    .ARM.Collect$$rtexit$$00000004           0x0000016a   Section        6  rtexit2.o(.ARM.Collect$$rtexit$$00000004)
    .emb_text                                0x00000170   Section      340  hal_cm3.o(.emb_text)
    .text                                    0x000002c4   Section        8  libspace.o(.text)
    .text                                    0x000002cc   Section        2  use_no_semi.o(.text)
    .text                                    0x000002d0   Section        0  noretval__2sprintf.o(.text)
    SVC_TABLE                                0x000002f8   Section        4  SVC_Table.o(SVC_TABLE)
    .ARM.__at_0x02FC                         0x000002fc   Section        4  startup_lpc17xx.o(.ARM.__at_0x02FC)
    .text                                    0x00000300   Section       60  startup_lpc17xx.o(.text)
    .text                                    0x0000033c   Section        0  system_lpc17xx.o(.text)
    .text                                    0x00000654   Section        0  glcd_spi_lpc1700.o(.text)
    delay                                    0x00000655   Thumb Code    14  glcd_spi_lpc1700.o(.text)
    spi_tran_man                             0x00000663   Thumb Code   124  glcd_spi_lpc1700.o(.text)
    wr_cmd                                   0x000006df   Thumb Code    36  glcd_spi_lpc1700.o(.text)
    wr_dat                                   0x00000703   Thumb Code    36  glcd_spi_lpc1700.o(.text)
    rd_reg                                   0x00000727   Thumb Code    66  glcd_spi_lpc1700.o(.text)
    rd_id_man                                0x00000769   Thumb Code   132  glcd_spi_lpc1700.o(.text)
    spi_tran                                 0x00001187   Thumb Code    26  glcd_spi_lpc1700.o(.text)
    wr_dat_start                             0x000011a1   Thumb Code    16  glcd_spi_lpc1700.o(.text)
    wr_dat_stop                              0x000011b1   Thumb Code     8  glcd_spi_lpc1700.o(.text)
    wr_dat_only                              0x000011b9   Thumb Code    18  glcd_spi_lpc1700.o(.text)
    wr_reg                                   0x000011cb   Thumb Code    20  glcd_spi_lpc1700.o(.text)
    .text                                    0x000011f8   Section        0  main.o(.text)
    .text                                    0x00001548   Section        0  retarget.o(.text)
    .text                                    0x000015a8   Section        0  glcd_scroll.o(.text)
    .text                                    0x000018fc   Section        0  rtx_conf_cm.o(.text)
    __tagsym$$used                           0x0000194b   Number         0  rtx_conf_cm.o(.text)
    __tagsym$$used                           0x00001965   Number         0  rtx_conf_cm.o(.text)
    .text                                    0x00001994   Section      238  lludivv7m.o(.text)
    .text                                    0x00001a82   Section        0  __printf.o(.text)
    .text                                    0x00001aec   Section        0  _printf_dec.o(.text)
    .text                                    0x00001b64   Section      100  rt_memcpy_w.o(.text)
    .text                                    0x00001bc8   Section       78  rt_memclr_w.o(.text)
    .text                                    0x00001c16   Section        0  heapauxi.o(.text)
    .text                                    0x00001c1c   Section        0  _printf_intcommon.o(.text)
    .text                                    0x00001cd4   Section        0  _printf_char_common.o(.text)
    _printf_input_char                       0x00001cd5   Thumb Code    10  _printf_char_common.o(.text)
    .text                                    0x00001d04   Section        0  _sputc.o(.text)
    .text                                    0x00001d0e   Section       74  sys_stackheap_outer.o(.text)
    .text                                    0x00001d58   Section        0  exit.o(.text)
    i.dbg_task_switch                        0x00001d64   Section        0  hal_cm3.o(i.dbg_task_switch)
    i.last_line                              0x00001d74   Section        0  glcd_scroll.o(i.last_line)
    i.last_window_line                       0x00001d94   Section        0  glcd_scroll.o(i.last_window_line)
    i.os_tick_irqack                         0x00001db4   Section        0  rt_system.o(i.os_tick_irqack)
    i.rt_alloc_box                           0x00001db6   Section        0  rt_membox.o(i.rt_alloc_box)
    i.rt_block                               0x00001dd0   Section        0  rt_task.o(i.rt_block)
    i.rt_dec_dly                             0x00001e08   Section        0  rt_list.o(i.rt_dec_dly)
    i.rt_dispatch                            0x00001e7c   Section        0  rt_task.o(i.rt_dispatch)
    i.rt_evt_psh                             0x00001ec0   Section        0  rt_event.o(i.rt_evt_psh)
    i.rt_free_box                            0x00001f0c   Section        0  rt_membox.o(i.rt_free_box)
    i.rt_get_first                           0x00001f2c   Section        0  rt_list.o(i.rt_get_first)
    i.rt_mbx_psh                             0x00001f54   Section        0  rt_mailbox.o(i.rt_mbx_psh)
    i.rt_mut_init                            0x00002014   Section        0  rt_mutex.o(i.rt_mut_init)
    i.rt_mut_release                         0x00002024   Section        0  rt_mutex.o(i.rt_mut_release)
    i.rt_mut_wait                            0x000020d0   Section        0  rt_mutex.o(i.rt_mut_wait)
    i.rt_pop_req                             0x00002134   Section        0  rt_system.o(i.rt_pop_req)
    i.rt_put_dly                             0x000021ac   Section        0  rt_list.o(i.rt_put_dly)
    i.rt_put_prio                            0x000021f4   Section        0  rt_list.o(i.rt_put_prio)
    i.rt_put_rdy_first                       0x0000222c   Section        0  rt_list.o(i.rt_put_rdy_first)
    i.rt_resort_prio                         0x00002240   Section        0  rt_list.o(i.rt_resort_prio)
    i.rt_rmv_dly                             0x00002274   Section        0  rt_list.o(i.rt_rmv_dly)
    i.rt_rmv_list                            0x0000229c   Section        0  rt_list.o(i.rt_rmv_list)
    i.rt_sem_psh                             0x000022cc   Section        0  rt_semaphore.o(i.rt_sem_psh)
    i.rt_stk_check                           0x00002300   Section        0  rt_system.o(i.rt_stk_check)
    i.rt_switch_req                          0x00002324   Section        0  rt_task.o(i.rt_switch_req)
    i.rt_systick                             0x0000234c   Section        0  rt_system.o(i.rt_systick)
    i.rt_tmr_tick                            0x00002388   Section        0  rt_timer.o(i.rt_tmr_tick)
    i.rt_tsk_self                            0x000023c8   Section        0  rt_task.o(i.rt_tsk_self)
    .constdata                               0x000023d8   Section     6272  glcd_spi_lpc1700.o(.constdata)
    .constdata                               0x00003c58   Section      132  main.o(.constdata)
    .constdata                               0x00003cdc   Section       40  rtx_conf_cm.o(.constdata)
    __tagsym$$used                           0x00003cf0   Number         0  rtx_conf_cm.o(.constdata)
    __tagsym$$used                           0x00003cf4   Number         0  rtx_conf_cm.o(.constdata)
    .data                                    0x10000000   Section        4  system_lpc17xx.o(.data)
    .data                                    0x10000004   Section        5  glcd_spi_lpc1700.o(.data)
    Color                                    0x10000004   Data           4  glcd_spi_lpc1700.o(.data)
    Himax                                    0x10000008   Data           1  glcd_spi_lpc1700.o(.data)
    .data                                    0x1000000a   Section        4  main.o(.data)
    .data                                    0x10000010   Section       20  glcd_scroll.o(.data)
    .data                                    0x10000024   Section        8  rtx_conf_cm.o(.data)
    nr_mutex                                 0x10000028   Data           4  rtx_conf_cm.o(.data)
    .data                                    0x1000002c   Section        8  rt_task.o(.data)
    .data                                    0x10000034   Section        1  hal_cm3.o(.data)
    .data                                    0x10000038   Section        4  rt_time.o(.data)
    .data                                    0x1000003c   Section        8  rt_timer.o(.data)
    .bss                                     0x10000044   Section      525  glcd_scroll.o(.bss)
    .bss                                     0x10000258   Section     6748  rtx_conf_cm.o(.bss)
    std_libspace                             0x10001a14   Data         576  rtx_conf_cm.o(.bss)
    std_libmutex                             0x10001c54   Data          96  rtx_conf_cm.o(.bss)
    .bss                                     0x10001cb4   Section       48  rt_list.o(.bss)
    .bss                                     0x10001ce4   Section       96  libspace.o(.bss)
    HEAP                                     0x10001d48   Section        0  startup_lpc17xx.o(HEAP)
    STACK                                    0x10001d48   Section     8192  startup_lpc17xx.o(STACK)
    Heap_Mem                                 0x10001d48   Data           0  startup_lpc17xx.o(HEAP)
    Stack_Mem                                0x10001d48   Data        8192  startup_lpc17xx.o(STACK)
    __initial_sp                             0x10003d48   Data           0  startup_lpc17xx.o(STACK)

    Global Symbols

    Symbol Name                              Value     Ov Type        Size  Object(Section)

    BuildAttributes$$THM_ISAv4$P$D$K$B$S$PE$A:L22UL41UL21$X:L11$S22US41US21$IEEE1$IW$USESV6$~STKCKD$USESV7$~SHL$OSPACE$ROPI$EBA8$UX$STANDARDLIB$REQ8$PRES8$EABIv2 0x00000000   Number         0  anon$$obj.o ABSOLUTE
    __ARM_use_no_argv                        0x00000000   Number         0  main.o ABSOLUTE
    __Vectors                                0x00000000   Data           4  startup_lpc17xx.o(RESET)
    __ARM_exceptions_init                     - Undefined Weak Reference
    __alloca_initialize                       - Undefined Weak Reference
    __cpp_initialize__aeabi_                  - Undefined Weak Reference
    __cxa_finalize                            - Undefined Weak Reference
    __rt_locale                               - Undefined Weak Reference
    __sigvec_lookup                           - Undefined Weak Reference
    _atexit_init                              - Undefined Weak Reference
    _call_atexit_fns                          - Undefined Weak Reference
    _clock_init                               - Undefined Weak Reference
    _fp_trap_init                             - Undefined Weak Reference
    _fp_trap_shutdown                         - Undefined Weak Reference
    _get_lc_collate                           - Undefined Weak Reference
    _get_lc_ctype                             - Undefined Weak Reference
    _get_lc_monetary                          - Undefined Weak Reference
    _get_lc_numeric                           - Undefined Weak Reference
    _get_lc_time                              - Undefined Weak Reference
    _getenv_init                              - Undefined Weak Reference
    _handle_redirection                       - Undefined Weak Reference
    _init_alloc                               - Undefined Weak Reference
    _init_user_alloc                          - Undefined Weak Reference
    _initio                                   - Undefined Weak Reference
    _printf_post_padding                      - Undefined Weak Reference
    _printf_pre_padding                       - Undefined Weak Reference
    _printf_truncate_signed                   - Undefined Weak Reference
    _printf_truncate_unsigned                 - Undefined Weak Reference
    _rand_init                                - Undefined Weak Reference
    _signal_finish                            - Undefined Weak Reference
    _signal_init                              - Undefined Weak Reference
    _terminate_alloc                          - Undefined Weak Reference
    _terminate_user_alloc                     - Undefined Weak Reference
    _terminateio                              - Undefined Weak Reference
    __main                                   0x000000cd   Thumb Code     8  __main.o(!!!main)
    __scatterload                            0x000000d5   Thumb Code     0  __scatter.o(!!!scatter)
    __scatterload_rt2                        0x000000d5   Thumb Code    44  __scatter.o(!!!scatter)
    __scatterload_rt2_thumb_only             0x000000d5   Thumb Code     0  __scatter.o(!!!scatter)
    __scatterload_null                       0x000000e3   Thumb Code     0  __scatter.o(!!!scatter)
    __scatterload_copy                       0x00000109   Thumb Code    26  __scatter_copy.o(!!handler_copy)
    __scatterload_zeroinit                   0x00000125   Thumb Code    28  __scatter_zi.o(!!handler_zi)
    _printf_d                                0x00000141   Thumb Code     0  _printf_d.o(.ARM.Collect$$_printf_percent$$00000009)
    _printf_percent                          0x00000141   Thumb Code     0  _printf_percent.o(.ARM.Collect$$_printf_percent$$00000000)
    _printf_percent_end                      0x00000147   Thumb Code     0  _printf_percent_end.o(.ARM.Collect$$_printf_percent$$00000017)
    __rt_lib_init                            0x0000014b   Thumb Code     0  libinit.o(.ARM.Collect$$libinit$$00000000)
    __rt_lib_init_alloca_1                   0x0000014d   Thumb Code     0  libinit2.o(.ARM.Collect$$libinit$$0000002C)
    __rt_lib_init_argv_1                     0x0000014d   Thumb Code     0  libinit2.o(.ARM.Collect$$libinit$$0000002A)
    __rt_lib_init_atexit_1                   0x0000014d   Thumb Code     0  libinit2.o(.ARM.Collect$$libinit$$00000019)
    __rt_lib_init_clock_1                    0x0000014d   Thumb Code     0  libinit2.o(.ARM.Collect$$libinit$$0000001F)
    __rt_lib_init_cpp_1                      0x0000014d   Thumb Code     0  libinit2.o(.ARM.Collect$$libinit$$00000030)
    __rt_lib_init_exceptions_1               0x0000014d   Thumb Code     0  libinit2.o(.ARM.Collect$$libinit$$0000002E)
    __rt_lib_init_fp_1                       0x0000014d   Thumb Code     0  libinit2.o(.ARM.Collect$$libinit$$00000002)
    __rt_lib_init_fp_trap_1                  0x0000014d   Thumb Code     0  libinit2.o(.ARM.Collect$$libinit$$0000001D)
    __rt_lib_init_getenv_1                   0x0000014d   Thumb Code     0  libinit2.o(.ARM.Collect$$libinit$$00000021)
    __rt_lib_init_heap_1                     0x0000014d   Thumb Code     0  libinit2.o(.ARM.Collect$$libinit$$00000008)
    __rt_lib_init_lc_collate_1               0x0000014d   Thumb Code     0  libinit2.o(.ARM.Collect$$libinit$$0000000F)
    __rt_lib_init_lc_ctype_1                 0x0000014d   Thumb Code     0  libinit2.o(.ARM.Collect$$libinit$$00000011)
    __rt_lib_init_lc_monetary_1              0x0000014d   Thumb Code     0  libinit2.o(.ARM.Collect$$libinit$$00000013)
    __rt_lib_init_lc_numeric_1               0x0000014d   Thumb Code     0  libinit2.o(.ARM.Collect$$libinit$$00000015)
    __rt_lib_init_lc_time_1                  0x0000014d   Thumb Code     0  libinit2.o(.ARM.Collect$$libinit$$00000017)
    __rt_lib_init_rand_1                     0x0000014d   Thumb Code     0  libinit2.o(.ARM.Collect$$libinit$$0000000C)
    __rt_lib_init_return                     0x0000014d   Thumb Code     0  libinit2.o(.ARM.Collect$$libinit$$00000031)
    __rt_lib_init_signal_1                   0x0000014d   Thumb Code     0  libinit2.o(.ARM.Collect$$libinit$$0000001B)
    __rt_lib_init_stdio_1                    0x0000014d   Thumb Code     0  libinit2.o(.ARM.Collect$$libinit$$00000023)
    __rt_lib_init_user_alloc_1               0x0000014d   Thumb Code     0  libinit2.o(.ARM.Collect$$libinit$$0000000A)
    __rt_lib_shutdown                        0x0000014f   Thumb Code     0  libshutdown.o(.ARM.Collect$$libshutdown$$00000000)
    __rt_lib_shutdown_fp_trap_1              0x00000151   Thumb Code     0  libshutdown2.o(.ARM.Collect$$libshutdown$$00000006)
    __rt_lib_shutdown_heap_1                 0x00000151   Thumb Code     0  libshutdown2.o(.ARM.Collect$$libshutdown$$0000000E)
    __rt_lib_shutdown_return                 0x00000151   Thumb Code     0  libshutdown2.o(.ARM.Collect$$libshutdown$$0000000F)
    __rt_lib_shutdown_signal_1               0x00000151   Thumb Code     0  libshutdown2.o(.ARM.Collect$$libshutdown$$00000009)
    __rt_lib_shutdown_stdio_1                0x00000151   Thumb Code     0  libshutdown2.o(.ARM.Collect$$libshutdown$$00000003)
    __rt_lib_shutdown_user_alloc_1           0x00000151   Thumb Code     0  libshutdown2.o(.ARM.Collect$$libshutdown$$0000000B)
    __rt_entry                               0x00000153   Thumb Code     0  rtentry.o(.ARM.Collect$$rtentry$$00000000)
    __rt_entry_presh_1                       0x00000153   Thumb Code     0  rtentry2.o(.ARM.Collect$$rtentry$$00000002)
    __rt_entry_sh                            0x00000153   Thumb Code     0  rtentry4.o(.ARM.Collect$$rtentry$$00000004)
    __rt_entry_li                            0x00000159   Thumb Code     0  rtentry2.o(.ARM.Collect$$rtentry$$0000000A)
    __rt_entry_postsh_1                      0x00000159   Thumb Code     0  rtentry2.o(.ARM.Collect$$rtentry$$00000009)
    __rt_entry_main                          0x0000015d   Thumb Code     0  rtentry2.o(.ARM.Collect$$rtentry$$0000000D)
    __rt_entry_postli_1                      0x0000015d   Thumb Code     0  rtentry2.o(.ARM.Collect$$rtentry$$0000000C)
    __rt_exit                                0x00000165   Thumb Code     0  rtexit.o(.ARM.Collect$$rtexit$$00000000)
    __rt_exit_ls                             0x00000167   Thumb Code     0  rtexit2.o(.ARM.Collect$$rtexit$$00000003)
    __rt_exit_prels_1                        0x00000167   Thumb Code     0  rtexit2.o(.ARM.Collect$$rtexit$$00000002)
    __rt_exit_exit                           0x0000016b   Thumb Code     0  rtexit2.o(.ARM.Collect$$rtexit$$00000004)
    rt_set_PSP                               0x00000171   Thumb Code     6  hal_cm3.o(.emb_text)
    rt_get_PSP                               0x00000177   Thumb Code     6  hal_cm3.o(.emb_text)
    os_set_env                               0x0000017d   Thumb Code    24  hal_cm3.o(.emb_text)
    _alloc_box                               0x00000199   Thumb Code    28  hal_cm3.o(.emb_text)
    _free_box                                0x000001b9   Thumb Code    28  hal_cm3.o(.emb_text)
    SVC_Handler                              0x000001d9   Thumb Code   124  hal_cm3.o(.emb_text)
    PendSV_Handler                           0x00000261   Thumb Code    76  hal_cm3.o(.emb_text)
    SysTick_Handler                          0x000002b1   Thumb Code     8  hal_cm3.o(.emb_text)
    OS_Tick_Handler                          0x000002b9   Thumb Code    12  hal_cm3.o(.emb_text)
    __user_libspace                          0x000002c5   Thumb Code     8  libspace.o(.text)
    __user_perproc_libspace                  0x000002c5   Thumb Code     0  libspace.o(.text)
    __I$use$semihosting                      0x000002cd   Thumb Code     0  use_no_semi.o(.text)
    __use_no_semihosting_swi                 0x000002cd   Thumb Code     2  use_no_semi.o(.text)
    __2sprintf                               0x000002d1   Thumb Code    34  noretval__2sprintf.o(.text)
    SVC_Count                                0x000002f8   Data           4  SVC_Table.o(SVC_TABLE)
    SVC_Table                                0x000002fc   Data           0  SVC_Table.o(SVC_TABLE)
    Reset_Handler                            0x00000301   Thumb Code     8  startup_lpc17xx.o(.text)
    NMI_Handler                              0x00000309   Thumb Code     2  startup_lpc17xx.o(.text)
    HardFault_Handler                        0x0000030b   Thumb Code     2  startup_lpc17xx.o(.text)
    MemManage_Handler                        0x0000030d   Thumb Code     2  startup_lpc17xx.o(.text)
    BusFault_Handler                         0x0000030f   Thumb Code     2  startup_lpc17xx.o(.text)
    UsageFault_Handler                       0x00000311   Thumb Code     2  startup_lpc17xx.o(.text)
    DebugMon_Handler                         0x00000315   Thumb Code     2  startup_lpc17xx.o(.text)
    BOD_IRQHandler                           0x0000031b   Thumb Code     0  startup_lpc17xx.o(.text)
    CANActivity_IRQHandler                   0x0000031b   Thumb Code     0  startup_lpc17xx.o(.text)
    CAN_IRQHandler                           0x0000031b   Thumb Code     0  startup_lpc17xx.o(.text)
    DMA_IRQHandler                           0x0000031b   Thumb Code     0  startup_lpc17xx.o(.text)
    EINT0_IRQHandler                         0x0000031b   Thumb Code     0  startup_lpc17xx.o(.text)
    EINT1_IRQHandler                         0x0000031b   Thumb Code     0  startup_lpc17xx.o(.text)
    EINT2_IRQHandler                         0x0000031b   Thumb Code     0  startup_lpc17xx.o(.text)
    EINT3_IRQHandler                         0x0000031b   Thumb Code     0  startup_lpc17xx.o(.text)
    ENET_IRQHandler                          0x0000031b   Thumb Code     0  startup_lpc17xx.o(.text)
    I2C0_IRQHandler                          0x0000031b   Thumb Code     0  startup_lpc17xx.o(.text)
    I2C1_IRQHandler                          0x0000031b   Thumb Code     0  startup_lpc17xx.o(.text)
    I2C2_IRQHandler                          0x0000031b   Thumb Code     0  startup_lpc17xx.o(.text)
    I2S_IRQHandler                           0x0000031b   Thumb Code     0  startup_lpc17xx.o(.text)
    MCPWM_IRQHandler                         0x0000031b   Thumb Code     0  startup_lpc17xx.o(.text)
    PLL0_IRQHandler                          0x0000031b   Thumb Code     0  startup_lpc17xx.o(.text)
    PLL1_IRQHandler                          0x0000031b   Thumb Code     0  startup_lpc17xx.o(.text)
    PWM1_IRQHandler                          0x0000031b   Thumb Code     0  startup_lpc17xx.o(.text)
    QEI_IRQHandler                           0x0000031b   Thumb Code     0  startup_lpc17xx.o(.text)
    RIT_IRQHandler                           0x0000031b   Thumb Code     0  startup_lpc17xx.o(.text)
    RTC_IRQHandler                           0x0000031b   Thumb Code     0  startup_lpc17xx.o(.text)
    SPI_IRQHandler                           0x0000031b   Thumb Code     0  startup_lpc17xx.o(.text)
    SSP0_IRQHandler                          0x0000031b   Thumb Code     0  startup_lpc17xx.o(.text)
    SSP1_IRQHandler                          0x0000031b   Thumb Code     0  startup_lpc17xx.o(.text)
    TIMER0_IRQHandler                        0x0000031b   Thumb Code     0  startup_lpc17xx.o(.text)
    TIMER1_IRQHandler                        0x0000031b   Thumb Code     0  startup_lpc17xx.o(.text)
    TIMER2_IRQHandler                        0x0000031b   Thumb Code     0  startup_lpc17xx.o(.text)
    TIMER3_IRQHandler                        0x0000031b   Thumb Code     0  startup_lpc17xx.o(.text)
    UART0_IRQHandler                         0x0000031b   Thumb Code     0  startup_lpc17xx.o(.text)
    UART1_IRQHandler                         0x0000031b   Thumb Code     0  startup_lpc17xx.o(.text)
    UART2_IRQHandler                         0x0000031b   Thumb Code     0  startup_lpc17xx.o(.text)
    UART3_IRQHandler                         0x0000031b   Thumb Code     0  startup_lpc17xx.o(.text)
    USBActivity_IRQHandler                   0x0000031b   Thumb Code     0  startup_lpc17xx.o(.text)
    USB_IRQHandler                           0x0000031b   Thumb Code     0  startup_lpc17xx.o(.text)
    WDT_IRQHandler                           0x0000031b   Thumb Code     0  startup_lpc17xx.o(.text)
    __user_initial_stackheap                 0x0000031d   Thumb Code     0  startup_lpc17xx.o(.text)
    SystemCoreClockUpdate                    0x0000033d   Thumb Code   424  system_lpc17xx.o(.text)
    __RL_RTX_VER                             0x00000460   Number         0  rt_system.o ABSOLUTE
    SystemInit                               0x000004e5   Thumb Code   290  system_lpc17xx.o(.text)
    GLCD_Init                                0x000007ed   Thumb Code  1514  glcd_spi_lpc1700.o(.text)
    GLCD_SetWindow                           0x00000dd7   Thumb Code   168  glcd_spi_lpc1700.o(.text)
    GLCD_WindowMax                           0x00000e7f   Thumb Code    26  glcd_spi_lpc1700.o(.text)
    GLCD_PutPixel                            0x00000e99   Thumb Code   118  glcd_spi_lpc1700.o(.text)
    GLCD_SetTextColor                        0x00000f0f   Thumb Code     6  glcd_spi_lpc1700.o(.text)
    GLCD_SetBackColor                        0x00000f15   Thumb Code     6  glcd_spi_lpc1700.o(.text)
    GLCD_Clear                               0x00000f1b   Thumb Code    42  glcd_spi_lpc1700.o(.text)
    GLCD_DrawChar                            0x00000f45   Thumb Code   150  glcd_spi_lpc1700.o(.text)
    GLCD_DisplayChar                         0x00000fdb   Thumb Code    84  glcd_spi_lpc1700.o(.text)
    GLCD_DisplayString                       0x0000102f   Thumb Code    40  glcd_spi_lpc1700.o(.text)
    GLCD_ClearLn                             0x00001057   Thumb Code    94  glcd_spi_lpc1700.o(.text)
    GLCD_Bargraph                            0x000010b5   Thumb Code    98  glcd_spi_lpc1700.o(.text)
    GLCD_Bitmap                              0x00001117   Thumb Code    82  glcd_spi_lpc1700.o(.text)
    GLCD_ScrollVertical                      0x00001169   Thumb Code     2  glcd_spi_lpc1700.o(.text)
    GLCD_WrCmd                               0x0000116b   Thumb Code    12  glcd_spi_lpc1700.o(.text)
    GLCD_WrReg                               0x00001177   Thumb Code    16  glcd_spi_lpc1700.o(.text)
    ADCInit                                  0x000011f9   Thumb Code   100  main.o(.text)
    ADCConvert                               0x0000125d   Thumb Code    32  main.o(.text)
    ADC_IRQHandler                           0x0000127d   Thumb Code    22  main.o(.text)
    ADCValue                                 0x00001293   Thumb Code    16  main.o(.text)
    eraseCircle                              0x000012a3   Thumb Code    48  main.o(.text)
    createCircle                             0x000012d3   Thumb Code   454  main.o(.text)
    main                                     0x00001499   Thumb Code   134  main.o(.text)
    sendchar                                 0x00001549   Thumb Code    30  retarget.o(.text)
    getkey                                   0x00001567   Thumb Code     6  retarget.o(.text)
    fputc                                    0x0000156d   Thumb Code    14  retarget.o(.text)
    fgetc                                    0x0000157b   Thumb Code    20  retarget.o(.text)
    ferror                                   0x0000158f   Thumb Code     8  retarget.o(.text)
    _ttywrch                                 0x00001597   Thumb Code    12  retarget.o(.text)
    _sys_exit                                0x000015a3   Thumb Code     4  retarget.o(.text)
    init_scroll                              0x000015a9   Thumb Code    50  glcd_scroll.o(.text)
    refresh_lcd                              0x000015db   Thumb Code    66  glcd_scroll.o(.text)
    append_char                              0x0000161d   Thumb Code   216  glcd_scroll.o(.text)
    print_text                               0x000016f5   Thumb Code    24  glcd_scroll.o(.text)
    print_string                             0x0000170d   Thumb Code    34  glcd_scroll.o(.text)
    moveUp                                   0x0000172f   Thumb Code    58  glcd_scroll.o(.text)
    moveDown                                 0x00001769   Thumb Code    60  glcd_scroll.o(.text)
    moveFirst                                0x000017a5   Thumb Code    42  glcd_scroll.o(.text)
    moveLast                                 0x000017cf   Thumb Code    82  glcd_scroll.o(.text)
    initJoyStick                             0x00001821   Thumb Code    98  glcd_scroll.o(.text)
    joyStickBusyWaitingMonitor               0x00001883   Thumb Code    86  glcd_scroll.o(.text)
    os_idle_demon                            0x000018fd   Thumb Code     4  rtx_conf_cm.o(.text)
    os_tmr_call                              0x00001901   Thumb Code     2  rtx_conf_cm.o(.text)
    os_error                                 0x00001903   Thumb Code     4  rtx_conf_cm.o(.text)
    rt_init_robin                            0x00001907   Thumb Code     2  rtx_conf_cm.o(.text)
    rt_chk_robin                             0x00001909   Thumb Code     2  rtx_conf_cm.o(.text)
    __user_perthread_libspace                0x0000190b   Thumb Code    26  rtx_conf_cm.o(.text)
    _mutex_initialize                        0x00001925   Thumb Code    38  rtx_conf_cm.o(.text)
    _mutex_acquire                           0x0000194b   Thumb Code    26  rtx_conf_cm.o(.text)
    _mutex_release                           0x00001965   Thumb Code    22  rtx_conf_cm.o(.text)
    __aeabi_uldivmod                         0x00001995   Thumb Code     0  lludivv7m.o(.text)
    _ll_udiv                                 0x00001995   Thumb Code   238  lludivv7m.o(.text)
    __printf                                 0x00001a83   Thumb Code   106  __printf.o(.text)
    _printf_int_dec                          0x00001aed   Thumb Code   102  _printf_dec.o(.text)
    __aeabi_memcpy4                          0x00001b65   Thumb Code     0  rt_memcpy_w.o(.text)
    __aeabi_memcpy8                          0x00001b65   Thumb Code     0  rt_memcpy_w.o(.text)
    __rt_memcpy_w                            0x00001b65   Thumb Code   100  rt_memcpy_w.o(.text)
    _memcpy_lastbytes_aligned                0x00001bad   Thumb Code     0  rt_memcpy_w.o(.text)
    __aeabi_memclr4                          0x00001bc9   Thumb Code     0  rt_memclr_w.o(.text)
    __aeabi_memclr8                          0x00001bc9   Thumb Code     0  rt_memclr_w.o(.text)
    __rt_memclr_w                            0x00001bc9   Thumb Code    78  rt_memclr_w.o(.text)
    _memset_w                                0x00001bcd   Thumb Code     0  rt_memclr_w.o(.text)
    __use_two_region_memory                  0x00001c17   Thumb Code     2  heapauxi.o(.text)
    __rt_heap_escrow$2region                 0x00001c19   Thumb Code     2  heapauxi.o(.text)
    __rt_heap_expand$2region                 0x00001c1b   Thumb Code     2  heapauxi.o(.text)
    _printf_int_common                       0x00001c1d   Thumb Code   184  _printf_intcommon.o(.text)
    _printf_char_common                      0x00001cdf   Thumb Code    32  _printf_char_common.o(.text)
    _sputc                                   0x00001d05   Thumb Code    10  _sputc.o(.text)
    __user_setup_stackheap                   0x00001d0f   Thumb Code    74  sys_stackheap_outer.o(.text)
    exit                                     0x00001d59   Thumb Code    12  exit.o(.text)
    dbg_task_switch                          0x00001d65   Thumb Code    16  hal_cm3.o(i.dbg_task_switch)
    last_line                                0x00001d75   Thumb Code    22  glcd_scroll.o(i.last_line)
    last_window_line                         0x00001d95   Thumb Code    22  glcd_scroll.o(i.last_window_line)
    os_tick_irqack                           0x00001db5   Thumb Code     2  rt_system.o(i.os_tick_irqack)
    rt_alloc_box                             0x00001db7   Thumb Code    26  rt_membox.o(i.rt_alloc_box)
    rt_block                                 0x00001dd1   Thumb Code    48  rt_task.o(i.rt_block)
    rt_dec_dly                               0x00001e09   Thumb Code   106  rt_list.o(i.rt_dec_dly)
    rt_dispatch                              0x00001e7d   Thumb Code    60  rt_task.o(i.rt_dispatch)
    rt_evt_psh                               0x00001ec1   Thumb Code    72  rt_event.o(i.rt_evt_psh)
    rt_free_box                              0x00001f0d   Thumb Code    32  rt_membox.o(i.rt_free_box)
    rt_get_first                             0x00001f2d   Thumb Code    40  rt_list.o(i.rt_get_first)
    rt_mbx_psh                               0x00001f55   Thumb Code   188  rt_mailbox.o(i.rt_mbx_psh)
    rt_mut_init                              0x00002015   Thumb Code    16  rt_mutex.o(i.rt_mut_init)
    rt_mut_release                           0x00002025   Thumb Code   164  rt_mutex.o(i.rt_mut_release)
    rt_mut_wait                              0x000020d1   Thumb Code    96  rt_mutex.o(i.rt_mut_wait)
    rt_pop_req                               0x00002135   Thumb Code   106  rt_system.o(i.rt_pop_req)
    rt_put_dly                               0x000021ad   Thumb Code    68  rt_list.o(i.rt_put_dly)
    rt_put_prio                              0x000021f5   Thumb Code    54  rt_list.o(i.rt_put_prio)
    rt_put_rdy_first                         0x0000222d   Thumb Code    14  rt_list.o(i.rt_put_rdy_first)
    rt_resort_prio                           0x00002241   Thumb Code    46  rt_list.o(i.rt_resort_prio)
    rt_rmv_dly                               0x00002275   Thumb Code    40  rt_list.o(i.rt_rmv_dly)
    rt_rmv_list                              0x0000229d   Thumb Code    44  rt_list.o(i.rt_rmv_list)
    rt_sem_psh                               0x000022cd   Thumb Code    46  rt_semaphore.o(i.rt_sem_psh)
    rt_stk_check                             0x00002301   Thumb Code    28  rt_system.o(i.rt_stk_check)
    rt_switch_req                            0x00002325   Thumb Code    30  rt_task.o(i.rt_switch_req)
    rt_systick                               0x0000234d   Thumb Code    48  rt_system.o(i.rt_systick)
    rt_tmr_tick                              0x00002389   Thumb Code    56  rt_timer.o(i.rt_tmr_tick)
    rt_tsk_self                              0x000023c9   Thumb Code    12  rt_task.o(i.rt_tsk_self)
    Font_6x8_h                               0x000023d8   Data         896  glcd_spi_lpc1700.o(.constdata)
    Font_16x24_h                             0x00002758   Data        5376  glcd_spi_lpc1700.o(.constdata)
    os_maxtaskrun                            0x00003cdc   Data           2  rtx_conf_cm.o(.constdata)
    os_stackinfo                             0x00003ce0   Data           4  rtx_conf_cm.o(.constdata)
    os_rrobin                                0x00003ce4   Data           4  rtx_conf_cm.o(.constdata)
    os_trv                                   0x00003ce8   Data           4  rtx_conf_cm.o(.constdata)
    os_flags                                 0x00003cec   Data           1  rtx_conf_cm.o(.constdata)
    os_clockrate                             0x00003cf0   Data           4  rtx_conf_cm.o(.constdata)
    os_timernum                              0x00003cf4   Data           4  rtx_conf_cm.o(.constdata)
    mp_tcb_size                              0x00003cf8   Data           2  rtx_conf_cm.o(.constdata)
    mp_stk_size                              0x00003cfc   Data           4  rtx_conf_cm.o(.constdata)
    os_fifo_size                             0x00003d00   Data           1  rtx_conf_cm.o(.constdata)
    mp_tmr_size                              0x00003d02   Data           2  rtx_conf_cm.o(.constdata)
    Region$$Table$$Base                      0x00003d04   Number         0  anon$$obj.o(Region$$Table)
    Region$$Table$$Limit                     0x00003d24   Number         0  anon$$obj.o(Region$$Table)
    SystemCoreClock                          0x10000000   Data           4  system_lpc17xx.o(.data)
    ADC_Done                                 0x1000000a   Data           1  main.o(.data)
    ADC_Value                                0x1000000c   Data           2  main.o(.data)
    cache_start                              0x10000010   Data           4  glcd_scroll.o(.data)
    cache_size                               0x10000014   Data           4  glcd_scroll.o(.data)
    last_col_cahche                          0x10000018   Data           2  glcd_scroll.o(.data)
    window_start                             0x1000001c   Data           4  glcd_scroll.o(.data)
    window_size                              0x10000020   Data           4  glcd_scroll.o(.data)
    m_tmr                                    0x10000024   Data           4  rtx_conf_cm.o(.data)
    os_tsk                                   0x1000002c   Data           8  rt_task.o(.data)
    dbg_msg                                  0x10000034   Data           1  hal_cm3.o(.data)
    os_time                                  0x10000038   Data           4  rt_time.o(.data)
    os_tmr                                   0x1000003c   Data           8  rt_timer.o(.data)
    chache                                   0x10000044   Data         525  glcd_scroll.o(.bss)
    mp_tcb                                   0x10000258   Data         300  rtx_conf_cm.o(.bss)
    mp_stk                                   0x10000388   Data        5616  rtx_conf_cm.o(.bss)
    os_fifo                                  0x10001978   Data         132  rtx_conf_cm.o(.bss)
    os_active_TCB                            0x100019fc   Data          24  rtx_conf_cm.o(.bss)
    os_rdy                                   0x10001cb4   Data          24  rt_list.o(.bss)
    os_dly                                   0x10001ccc   Data          24  rt_list.o(.bss)
    __libspace_start                         0x10001ce4   Data          96  libspace.o(.bss)
    __temporary_stack_top$libspace           0x10001d44   Data           0  libspace.o(.bss)



==============================================================================

Memory Map of the image

  Image Entry point : 0x000000cd

  Load Region LR_IROM1 (Base: 0x00000000, Size: 0x00003d68, Max: 0x00080000, ABSOLUTE)

    Execution Region ER_IROM1 (Base: 0x00000000, Size: 0x00003d24, Max: 0x00080000, ABSOLUTE)

    Base Addr    Size         Type   Attr      Idx    E Section Name        Object

    0x00000000   0x000000cc   Data   RO            3    RESET               startup_lpc17xx.o
    0x000000cc   0x00000008   Code   RO          859  * !!!main             c_w.l(__main.o)
    0x000000d4   0x00000034   Code   RO         1023    !!!scatter          c_w.l(__scatter.o)
    0x00000108   0x0000001a   Code   RO         1025    !!handler_copy      c_w.l(__scatter_copy.o)
    0x00000122   0x00000002   PAD
    0x00000124   0x0000001c   Code   RO         1027    !!handler_zi        c_w.l(__scatter_zi.o)
    0x00000140   0x00000000   Code   RO          852    .ARM.Collect$$_printf_percent$$00000000  c_w.l(_printf_percent.o)
    0x00000140   0x00000006   Code   RO          851    .ARM.Collect$$_printf_percent$$00000009  c_w.l(_printf_d.o)
    0x00000146   0x00000004   Code   RO          872    .ARM.Collect$$_printf_percent$$00000017  c_w.l(_printf_percent_end.o)
    0x0000014a   0x00000002   Code   RO          905    .ARM.Collect$$libinit$$00000000  c_w.l(libinit.o)
    0x0000014c   0x00000000   Code   RO          915    .ARM.Collect$$libinit$$00000002  c_w.l(libinit2.o)
    0x0000014c   0x00000000   Code   RO          918    .ARM.Collect$$libinit$$00000008  c_w.l(libinit2.o)
    0x0000014c   0x00000000   Code   RO          920    .ARM.Collect$$libinit$$0000000A  c_w.l(libinit2.o)
    0x0000014c   0x00000000   Code   RO          922    .ARM.Collect$$libinit$$0000000C  c_w.l(libinit2.o)
    0x0000014c   0x00000000   Code   RO          925    .ARM.Collect$$libinit$$0000000F  c_w.l(libinit2.o)
    0x0000014c   0x00000000   Code   RO          927    .ARM.Collect$$libinit$$00000011  c_w.l(libinit2.o)
    0x0000014c   0x00000000   Code   RO          929    .ARM.Collect$$libinit$$00000013  c_w.l(libinit2.o)
    0x0000014c   0x00000000   Code   RO          931    .ARM.Collect$$libinit$$00000015  c_w.l(libinit2.o)
    0x0000014c   0x00000000   Code   RO          933    .ARM.Collect$$libinit$$00000017  c_w.l(libinit2.o)
    0x0000014c   0x00000000   Code   RO          935    .ARM.Collect$$libinit$$00000019  c_w.l(libinit2.o)
    0x0000014c   0x00000000   Code   RO          937    .ARM.Collect$$libinit$$0000001B  c_w.l(libinit2.o)
    0x0000014c   0x00000000   Code   RO          939    .ARM.Collect$$libinit$$0000001D  c_w.l(libinit2.o)
    0x0000014c   0x00000000   Code   RO          941    .ARM.Collect$$libinit$$0000001F  c_w.l(libinit2.o)
    0x0000014c   0x00000000   Code   RO          943    .ARM.Collect$$libinit$$00000021  c_w.l(libinit2.o)
    0x0000014c   0x00000000   Code   RO          945    .ARM.Collect$$libinit$$00000023  c_w.l(libinit2.o)
    0x0000014c   0x00000000   Code   RO          949    .ARM.Collect$$libinit$$0000002A  c_w.l(libinit2.o)
    0x0000014c   0x00000000   Code   RO          951    .ARM.Collect$$libinit$$0000002C  c_w.l(libinit2.o)
    0x0000014c   0x00000000   Code   RO          953    .ARM.Collect$$libinit$$0000002E  c_w.l(libinit2.o)
    0x0000014c   0x00000000   Code   RO          955    .ARM.Collect$$libinit$$00000030  c_w.l(libinit2.o)
    0x0000014c   0x00000002   Code   RO          956    .ARM.Collect$$libinit$$00000031  c_w.l(libinit2.o)
    0x0000014e   0x00000002   Code   RO          980    .ARM.Collect$$libshutdown$$00000000  c_w.l(libshutdown.o)
    0x00000150   0x00000000   Code   RO         1007    .ARM.Collect$$libshutdown$$00000003  c_w.l(libshutdown2.o)
    0x00000150   0x00000000   Code   RO         1010    .ARM.Collect$$libshutdown$$00000006  c_w.l(libshutdown2.o)
    0x00000150   0x00000000   Code   RO         1013    .ARM.Collect$$libshutdown$$00000009  c_w.l(libshutdown2.o)
    0x00000150   0x00000000   Code   RO         1015    .ARM.Collect$$libshutdown$$0000000B  c_w.l(libshutdown2.o)
    0x00000150   0x00000000   Code   RO         1018    .ARM.Collect$$libshutdown$$0000000E  c_w.l(libshutdown2.o)
    0x00000150   0x00000002   Code   RO         1019    .ARM.Collect$$libshutdown$$0000000F  c_w.l(libshutdown2.o)
    0x00000152   0x00000000   Code   RO          861    .ARM.Collect$$rtentry$$00000000  c_w.l(rtentry.o)
    0x00000152   0x00000000   Code   RO          874    .ARM.Collect$$rtentry$$00000002  c_w.l(rtentry2.o)
    0x00000152   0x00000006   Code   RO          886    .ARM.Collect$$rtentry$$00000004  c_w.l(rtentry4.o)
    0x00000158   0x00000000   Code   RO          876    .ARM.Collect$$rtentry$$00000009  c_w.l(rtentry2.o)
    0x00000158   0x00000004   Code   RO          877    .ARM.Collect$$rtentry$$0000000A  c_w.l(rtentry2.o)
    0x0000015c   0x00000000   Code   RO          879    .ARM.Collect$$rtentry$$0000000C  c_w.l(rtentry2.o)
    0x0000015c   0x00000008   Code   RO          880    .ARM.Collect$$rtentry$$0000000D  c_w.l(rtentry2.o)
    0x00000164   0x00000002   Code   RO          906    .ARM.Collect$$rtexit$$00000000  c_w.l(rtexit.o)
    0x00000166   0x00000000   Code   RO          958    .ARM.Collect$$rtexit$$00000002  c_w.l(rtexit2.o)
    0x00000166   0x00000004   Code   RO          959    .ARM.Collect$$rtexit$$00000003  c_w.l(rtexit2.o)
    0x0000016a   0x00000006   Code   RO          960    .ARM.Collect$$rtexit$$00000004  c_w.l(rtexit2.o)
    0x00000170   0x00000154   Code   RO          563    .emb_text           RTX_CM3.LIB(hal_cm3.o)
    0x000002c4   0x00000008   Code   RO          816    .text               c_w.l(libspace.o)
    0x000002cc   0x00000002   Code   RO          819    .text               c_w.l(use_no_semi.o)
    0x000002ce   0x00000002   PAD
    0x000002d0   0x00000028   Code   RO          825    .text               c_w.l(noretval__2sprintf.o)
    0x000002f8   0x00000004   Code   RO          811    SVC_TABLE           RTX_CM3.LIB(SVC_Table.o)
    0x000002fc   0x00000004   Code   RO            4    .ARM.__at_0x02FC    startup_lpc17xx.o
    0x00000300   0x0000003c   Code   RO            5    .text               startup_lpc17xx.o
    0x0000033c   0x00000318   Code   RO           15    .text               system_lpc17xx.o
    0x00000654   0x00000ba4   Code   RO           58    .text               glcd_spi_lpc1700.o
    0x000011f8   0x00000350   Code   RO          102    .text               main.o
    0x00001548   0x0000005e   Code   RO          141    .text               retarget.o
    0x000015a6   0x00000002   PAD
    0x000015a8   0x00000354   Code   RO          168    .text               glcd_scroll.o
    0x000018fc   0x00000098   Code   RO          215    .text               rtx_conf_cm.o
    0x00001994   0x000000ee   Code   RO          821    .text               c_w.l(lludivv7m.o)
    0x00001a82   0x0000006a   Code   RO          827    .text               c_w.l(__printf.o)
    0x00001aec   0x00000078   Code   RO          829    .text               c_w.l(_printf_dec.o)
    0x00001b64   0x00000064   Code   RO          853    .text               c_w.l(rt_memcpy_w.o)
    0x00001bc8   0x0000004e   Code   RO          855    .text               c_w.l(rt_memclr_w.o)
    0x00001c16   0x00000006   Code   RO          857    .text               c_w.l(heapauxi.o)
    0x00001c1c   0x000000b8   Code   RO          866    .text               c_w.l(_printf_intcommon.o)
    0x00001cd4   0x00000030   Code   RO          868    .text               c_w.l(_printf_char_common.o)
    0x00001d04   0x0000000a   Code   RO          870    .text               c_w.l(_sputc.o)
    0x00001d0e   0x0000004a   Code   RO          892    .text               c_w.l(sys_stackheap_outer.o)
    0x00001d58   0x0000000c   Code   RO          894    .text               c_w.l(exit.o)
    0x00001d64   0x00000010   Code   RO          566    i.dbg_task_switch   RTX_CM3.LIB(hal_cm3.o)
    0x00001d74   0x00000020   Code   RO          187    i.last_line         glcd_scroll.o
    0x00001d94   0x00000020   Code   RO          192    i.last_window_line  glcd_scroll.o
    0x00001db4   0x00000002   Code   RO          368    i.os_tick_irqack    RTX_CM3.LIB(rt_system.o)
    0x00001db6   0x0000001a   Code   RO          531    i.rt_alloc_box      RTX_CM3.LIB(rt_membox.o)
    0x00001dd0   0x00000038   Code   RO          239    i.rt_block          RTX_CM3.LIB(rt_task.o)
    0x00001e08   0x00000074   Code   RO          450    i.rt_dec_dly        RTX_CM3.LIB(rt_list.o)
    0x00001e7c   0x00000044   Code   RO          240    i.rt_dispatch       RTX_CM3.LIB(rt_task.o)
    0x00001ec0   0x0000004c   Code   RO          607    i.rt_evt_psh        RTX_CM3.LIB(rt_event.o)
    0x00001f0c   0x00000020   Code   RO          532    i.rt_free_box       RTX_CM3.LIB(rt_membox.o)
    0x00001f2c   0x00000028   Code   RO          451    i.rt_get_first      RTX_CM3.LIB(rt_list.o)
    0x00001f54   0x000000c0   Code   RO          650    i.rt_mbx_psh        RTX_CM3.LIB(rt_mailbox.o)
    0x00002014   0x00000010   Code   RO          338    i.rt_mut_init       RTX_CM3.LIB(rt_mutex.o)
    0x00002024   0x000000ac   Code   RO          339    i.rt_mut_release    RTX_CM3.LIB(rt_mutex.o)
    0x000020d0   0x00000064   Code   RO          340    i.rt_mut_wait       RTX_CM3.LIB(rt_mutex.o)
    0x00002134   0x00000078   Code   RO          369    i.rt_pop_req        RTX_CM3.LIB(rt_system.o)
    0x000021ac   0x00000048   Code   RO          454    i.rt_put_dly        RTX_CM3.LIB(rt_list.o)
    0x000021f4   0x00000036   Code   RO          455    i.rt_put_prio       RTX_CM3.LIB(rt_list.o)
    0x0000222a   0x00000002   PAD
    0x0000222c   0x00000014   Code   RO          456    i.rt_put_rdy_first  RTX_CM3.LIB(rt_list.o)
    0x00002240   0x00000034   Code   RO          457    i.rt_resort_prio    RTX_CM3.LIB(rt_list.o)
    0x00002274   0x00000028   Code   RO          458    i.rt_rmv_dly        RTX_CM3.LIB(rt_list.o)
    0x0000229c   0x00000030   Code   RO          459    i.rt_rmv_list       RTX_CM3.LIB(rt_list.o)
    0x000022cc   0x00000034   Code   RO          696    i.rt_sem_psh        RTX_CM3.LIB(rt_semaphore.o)
    0x00002300   0x00000024   Code   RO          372    i.rt_stk_check      RTX_CM3.LIB(rt_system.o)
    0x00002324   0x00000028   Code   RO          242    i.rt_switch_req     RTX_CM3.LIB(rt_task.o)
    0x0000234c   0x0000003c   Code   RO          374    i.rt_systick        RTX_CM3.LIB(rt_system.o)
    0x00002388   0x00000040   Code   RO          765    i.rt_tmr_tick       RTX_CM3.LIB(rt_timer.o)
    0x000023c8   0x00000010   Code   RO          248    i.rt_tsk_self       RTX_CM3.LIB(rt_task.o)
    0x000023d8   0x00001880   Data   RO           59    .constdata          glcd_spi_lpc1700.o
    0x00003c58   0x00000084   Data   RO          103    .constdata          main.o
    0x00003cdc   0x00000028   Data   RO          217    .constdata          rtx_conf_cm.o
    0x00003d04   0x00000020   Data   RO         1021    Region$$Table       anon$$obj.o


    Execution Region RW_IRAM1 (Base: 0x10000000, Size: 0x00003d48, Max: 0x00008000, ABSOLUTE)

    Base Addr    Size         Type   Attr      Idx    E Section Name        Object

    0x10000000   0x00000004   Data   RW           16    .data               system_lpc17xx.o
    0x10000004   0x00000005   Data   RW           60    .data               glcd_spi_lpc1700.o
    0x10000009   0x00000001   PAD
    0x1000000a   0x00000004   Data   RW          104    .data               main.o
    0x1000000e   0x00000002   PAD
    0x10000010   0x00000014   Data   RW          170    .data               glcd_scroll.o
    0x10000024   0x00000008   Data   RW          218    .data               rtx_conf_cm.o
    0x1000002c   0x00000008   Data   RW          250    .data               RTX_CM3.LIB(rt_task.o)
    0x10000034   0x00000001   Data   RW          568    .data               RTX_CM3.LIB(hal_cm3.o)
    0x10000035   0x00000003   PAD
    0x10000038   0x00000004   Data   RW          734    .data               RTX_CM3.LIB(rt_time.o)
    0x1000003c   0x00000008   Data   RW          766    .data               RTX_CM3.LIB(rt_timer.o)
    0x10000044   0x0000020d   Zero   RW          169    .bss                glcd_scroll.o
    0x10000251   0x00000007   PAD
    0x10000258   0x00001a5c   Zero   RW          216    .bss                rtx_conf_cm.o
    0x10001cb4   0x00000030   Zero   RW          460    .bss                RTX_CM3.LIB(rt_list.o)
    0x10001ce4   0x00000060   Zero   RW          817    .bss                c_w.l(libspace.o)
    0x10001d44   0x00000004   PAD
    0x10001d48   0x00000000   Zero   RW            2    HEAP                startup_lpc17xx.o
    0x10001d48   0x00002000   Zero   RW            1    STACK               startup_lpc17xx.o


==============================================================================

Image component sizes


      Code (inc. data)   RO Data    RW Data    ZI Data      Debug   Object Name

       916         56          0         20        525       5337   glcd_scroll.o
      2980         62       6272          5          0       8640   glcd_spi_lpc1700.o
       848         42        132          4          0      26075   main.o
        94          0          0          0          0       2759   retarget.o
       152         26         40          8       6748       9708   rtx_conf_cm.o
        64         26        204          0       8192        848   startup_lpc17xx.o
       792         78          0          4          0      21737   system_lpc17xx.o

    ----------------------------------------------------------------------
      5848        290       6680         44      15472      75104   Object Totals
         0          0         32          0          0          0   (incl. Generated)
         2          0          0          3          7          0   (incl. Padding)

    ----------------------------------------------------------------------

      Code (inc. data)   RO Data    RW Data    ZI Data      Debug   Library Member Name

         4          4          0          0          0        136   SVC_Table.o
       356         32          0          1          0       1216   hal_cm3.o
        76          4          0          0          0        541   rt_event.o
       442         30          0          0         48       3794   rt_list.o
       192          4          0          0          0        605   rt_mailbox.o
        58          0          0          0          0        905   rt_membox.o
       288         12          0          0          0       1601   rt_mutex.o
        52          6          0          0          0        453   rt_semaphore.o
       218         34          0          0          0       1666   rt_system.o
       180         30          0          8          0       4076   rt_task.o
         0          0          0          4          0        150   rt_time.o
        64          8          0          8          0        583   rt_timer.o
         8          0          0          0          0         68   __main.o
       106          0          0          0          0         84   __printf.o
        52          8          0          0          0          0   __scatter.o
        26          0          0          0          0          0   __scatter_copy.o
        28          0          0          0          0          0   __scatter_zi.o
        48          6          0          0          0         96   _printf_char_common.o
         6          0          0          0          0          0   _printf_d.o
       120         18          0          0          0         92   _printf_dec.o
       184          0          0          0          0         88   _printf_intcommon.o
         0          0          0          0          0          0   _printf_percent.o
         4          0          0          0          0          0   _printf_percent_end.o
        10          0          0          0          0         68   _sputc.o
        12          0          0          0          0         72   exit.o
         6          0          0          0          0        152   heapauxi.o
         2          0          0          0          0          0   libinit.o
         2          0          0          0          0          0   libinit2.o
         2          0          0          0          0          0   libshutdown.o
         2          0          0          0          0          0   libshutdown2.o
         8          4          0          0         96         68   libspace.o
       238          0          0          0          0        100   lludivv7m.o
        40          6          0          0          0         84   noretval__2sprintf.o
        78          0          0          0          0         80   rt_memclr_w.o
       100          0          0          0          0         80   rt_memcpy_w.o
         0          0          0          0          0          0   rtentry.o
        12          0          0          0          0          0   rtentry2.o
         6          0          0          0          0          0   rtentry4.o
         2          0          0          0          0          0   rtexit.o
        10          0          0          0          0          0   rtexit2.o
        74          0          0          0          0         80   sys_stackheap_outer.o
         2          0          0          0          0         68   use_no_semi.o

    ----------------------------------------------------------------------
      3124        206          0         24        148      17006   Library Totals
         6          0          0          3          4          0   (incl. Padding)

    ----------------------------------------------------------------------

      Code (inc. data)   RO Data    RW Data    ZI Data      Debug   Library Name

      1930        164          0         21         48      15726   RTX_CM3.LIB
      1188         42          0          0         96       1280   c_w.l

    ----------------------------------------------------------------------
      3124        206          0         24        148      17006   Library Totals

    ----------------------------------------------------------------------

==============================================================================


      Code (inc. data)   RO Data    RW Data    ZI Data      Debug   

      8972        496       6680         68      15620      89354   Grand Totals
      8972        496       6680         68      15620      89354   ELF Image Totals
      8972        496       6680         68          0          0   ROM Totals

==============================================================================

    Total RO  Size (Code + RO Data)                15652 (  15.29kB)
    Total RW  Size (RW Data + ZI Data)             15688 (  15.32kB)
    Total ROM Size (Code + RO Data + RW Data)      15720 (  15.35kB)

==============================================================================

